Archive member included because of file (symbol)

/usr/bin/../lib/gcc/arm-none-eabi/4.9.3/../../../../arm-none-eabi/lib/armv7-m/libm.a(lib_a-sf_fpclassify.o)
                              obj/main/NAZE/flight/imu.o (symbol from plugin) (__fpclassifyf)
/usr/bin/../lib/gcc/arm-none-eabi/4.9.3/../../../../arm-none-eabi/lib/armv7-m/libc_nano.a(lib_a-strtok.o)
                              obj/main/NAZE/fc/cli.o (symbol from plugin) (strtok)
/usr/bin/../lib/gcc/arm-none-eabi/4.9.3/../../../../arm-none-eabi/lib/armv7-m/libc_nano.a(lib_a-strtok_r.o)
                              /usr/bin/../lib/gcc/arm-none-eabi/4.9.3/../../../../arm-none-eabi/lib/armv7-m/libc_nano.a(lib_a-strtok.o) (__strtok_r)
/usr/bin/../lib/gcc/arm-none-eabi/4.9.3/../../../../arm-none-eabi/lib/armv7-m/libc_nano.a(lib_a-impure.o)
                              /usr/bin/../lib/gcc/arm-none-eabi/4.9.3/../../../../arm-none-eabi/lib/armv7-m/libc_nano.a(lib_a-strtok.o) (_impure_ptr)
/usr/bin/../lib/gcc/arm-none-eabi/4.9.3/../../../../arm-none-eabi/lib/armv7-m/libc_nano.a(lib_a-malloc.o)
                              /usr/bin/../lib/gcc/arm-none-eabi/4.9.3/../../../../arm-none-eabi/lib/armv7-m/libc_nano.a(lib_a-strtok.o) (malloc)
/usr/bin/../lib/gcc/arm-none-eabi/4.9.3/../../../../arm-none-eabi/lib/armv7-m/libc_nano.a(lib_a-nano-freer.o)
                              /usr/bin/../lib/gcc/arm-none-eabi/4.9.3/../../../../arm-none-eabi/lib/armv7-m/libc_nano.a(lib_a-malloc.o) (_free_r)
/usr/bin/../lib/gcc/arm-none-eabi/4.9.3/../../../../arm-none-eabi/lib/armv7-m/libc_nano.a(lib_a-nano-mallocr.o)
                              /usr/bin/../lib/gcc/arm-none-eabi/4.9.3/../../../../arm-none-eabi/lib/armv7-m/libc_nano.a(lib_a-malloc.o) (_malloc_r)
/usr/bin/../lib/gcc/arm-none-eabi/4.9.3/../../../../arm-none-eabi/lib/armv7-m/libc_nano.a(lib_a-sbrkr.o)
                              /usr/bin/../lib/gcc/arm-none-eabi/4.9.3/../../../../arm-none-eabi/lib/armv7-m/libc_nano.a(lib_a-nano-mallocr.o) (_sbrk_r)
/usr/bin/../lib/gcc/arm-none-eabi/4.9.3/../../../../arm-none-eabi/lib/armv7-m/libc_nano.a(lib_a-reent.o)
                              /usr/bin/../lib/gcc/arm-none-eabi/4.9.3/../../../../arm-none-eabi/lib/armv7-m/libc_nano.a(lib_a-sbrkr.o) (errno)
/usr/bin/../lib/gcc/arm-none-eabi/4.9.3/../../../../arm-none-eabi/lib/armv7-m/libnosys.a(sbrk.o)
                              /usr/bin/../lib/gcc/arm-none-eabi/4.9.3/../../../../arm-none-eabi/lib/armv7-m/libc_nano.a(lib_a-sbrkr.o) (_sbrk)
/usr/bin/../lib/gcc/arm-none-eabi/4.9.3/armv7-m/libgcc.a(_arm_addsubdf3.o)
                              /tmp/cchgoa6E.ltrans1.ltrans.o (__aeabi_ul2d)
/usr/bin/../lib/gcc/arm-none-eabi/4.9.3/armv7-m/libgcc.a(_arm_muldivdf3.o)
                              /tmp/cchgoa6E.ltrans1.ltrans.o (__aeabi_dmul)
/usr/bin/../lib/gcc/arm-none-eabi/4.9.3/armv7-m/libgcc.a(_arm_truncdfsf2.o)
                              /tmp/cchgoa6E.ltrans1.ltrans.o (__aeabi_d2f)
/usr/bin/../lib/gcc/arm-none-eabi/4.9.3/armv7-m/libgcc.a(_arm_addsubsf3.o)
                              /tmp/cchgoa6E.ltrans1.ltrans.o (__aeabi_fsub)
/usr/bin/../lib/gcc/arm-none-eabi/4.9.3/armv7-m/libgcc.a(_arm_muldivsf3.o)
                              /tmp/cchgoa6E.ltrans0.ltrans.o (__aeabi_fmul)
/usr/bin/../lib/gcc/arm-none-eabi/4.9.3/armv7-m/libgcc.a(_arm_cmpsf2.o)
                              /tmp/cchgoa6E.ltrans0.ltrans.o (__aeabi_fcmpeq)
/usr/bin/../lib/gcc/arm-none-eabi/4.9.3/armv7-m/libgcc.a(_arm_fixsfsi.o)
                              /tmp/cchgoa6E.ltrans1.ltrans.o (__aeabi_f2iz)
/usr/bin/../lib/gcc/arm-none-eabi/4.9.3/armv7-m/libgcc.a(_arm_fixunssfsi.o)
                              /tmp/cchgoa6E.ltrans1.ltrans.o (__aeabi_f2uiz)
/usr/bin/../lib/gcc/arm-none-eabi/4.9.3/armv7-m/libgcc.a(_aeabi_ldivmod.o)
                              /tmp/cchgoa6E.ltrans5.ltrans.o (__aeabi_ldivmod)
/usr/bin/../lib/gcc/arm-none-eabi/4.9.3/armv7-m/libgcc.a(_aeabi_uldivmod.o)
                              /tmp/cchgoa6E.ltrans11.ltrans.o (__aeabi_uldivmod)
/usr/bin/../lib/gcc/arm-none-eabi/4.9.3/armv7-m/libgcc.a(_popcountsi2.o)
                              /tmp/cchgoa6E.ltrans13.ltrans.o (__popcountsi2)
/usr/bin/../lib/gcc/arm-none-eabi/4.9.3/armv7-m/libgcc.a(bpabi.o)
                              /usr/bin/../lib/gcc/arm-none-eabi/4.9.3/armv7-m/libgcc.a(_aeabi_ldivmod.o) (__gnu_ldivmod_helper)
/usr/bin/../lib/gcc/arm-none-eabi/4.9.3/armv7-m/libgcc.a(_dvmd_tls.o)
                              /usr/bin/../lib/gcc/arm-none-eabi/4.9.3/armv7-m/libgcc.a(_aeabi_ldivmod.o) (__aeabi_ldiv0)
/usr/bin/../lib/gcc/arm-none-eabi/4.9.3/armv7-m/libgcc.a(_divdi3.o)
                              /usr/bin/../lib/gcc/arm-none-eabi/4.9.3/armv7-m/libgcc.a(bpabi.o) (__divdi3)
/usr/bin/../lib/gcc/arm-none-eabi/4.9.3/armv7-m/libgcc.a(_udivdi3.o)
                              /usr/bin/../lib/gcc/arm-none-eabi/4.9.3/armv7-m/libgcc.a(bpabi.o) (__udivdi3)
/usr/bin/../lib/gcc/arm-none-eabi/4.9.3/../../../../arm-none-eabi/lib/armv7-m/libg_nano.a(lib_a-memcmp.o)
[...]
Memory Configuration

Name             Origin             Length             Attributes
FLASH            0x0000000008000000 0x000000000001f800 xr
FLASH_CONFIG     0x000000000801f800 0x0000000000000800 r
RAM              0x0000000020000000 0x0000000000005000 xrw
MEMORY_B1        0x0000000060000000 0x0000000000000000 xr
*default*        0x0000000000000000 0xffffffffffffffff

Linker script and memory map

LOAD obj/main/NAZE/startup_stm32f10x_md_gcc.o
LOAD obj/main/NAZE/drivers/adc_stm32f10x.o
LOAD /tmp/cchgoa6E.ltrans0.ltrans.o
LOAD /tmp/cchgoa6E.ltrans1.ltrans.o
LOAD /tmp/cchgoa6E.ltrans2.ltrans.o
LOAD /tmp/cchgoa6E.ltrans3.ltrans.o
LOAD /tmp/cchgoa6E.ltrans4.ltrans.o
LOAD /tmp/cchgoa6E.ltrans5.ltrans.o
LOAD /tmp/cchgoa6E.ltrans6.ltrans.o
LOAD /tmp/cchgoa6E.ltrans7.ltrans.o
LOAD /tmp/cchgoa6E.ltrans8.ltrans.o
LOAD /tmp/cchgoa6E.ltrans9.ltrans.o
LOAD /tmp/cchgoa6E.ltrans10.ltrans.o
LOAD /tmp/cchgoa6E.ltrans11.ltrans.o
LOAD /tmp/cchgoa6E.ltrans12.ltrans.o
LOAD /tmp/cchgoa6E.ltrans13.ltrans.o
LOAD /tmp/cchgoa6E.ltrans14.ltrans.o
LOAD /tmp/cchgoa6E.ltrans15.ltrans.o
LOAD /tmp/cchgoa6E.ltrans16.ltrans.o
LOAD /tmp/cchgoa6E.ltrans17.ltrans.o
LOAD /tmp/cchgoa6E.ltrans18.ltrans.o
LOAD /tmp/cchgoa6E.ltrans19.ltrans.o
LOAD /tmp/cchgoa6E.ltrans20.ltrans.o
LOAD /tmp/cchgoa6E.ltrans21.ltrans.o
LOAD /tmp/cchgoa6E.ltrans22.ltrans.o
LOAD /tmp/cchgoa6E.ltrans23.ltrans.o
LOAD /tmp/cchgoa6E.ltrans24.ltrans.o
LOAD /tmp/cchgoa6E.ltrans25.ltrans.o
LOAD /tmp/cchgoa6E.ltrans26.ltrans.o
LOAD /tmp/cchgoa6E.ltrans27.ltrans.o
LOAD /tmp/cchgoa6E.ltrans28.ltrans.o
LOAD /tmp/cchgoa6E.ltrans29.ltrans.o
LOAD /tmp/cchgoa6E.ltrans30.ltrans.o
LOAD /tmp/cchgoa6E.ltrans31.ltrans.o
LOAD /usr/bin/../lib/gcc/arm-none-eabi/4.9.3/armv7-m/libgcc.a
LOAD /usr/bin/../lib/gcc/arm-none-eabi/4.9.3/../../../../arm-none-eabi/lib/armv7-m/libg_nano.a
LOAD /usr/bin/../lib/gcc/arm-none-eabi/4.9.3/../../../../arm-none-eabi/lib/armv7-m/libc_nano.a
LOAD /usr/bin/../lib/gcc/arm-none-eabi/4.9.3/armv7-m/libgcc.a
LOAD /usr/bin/../lib/gcc/arm-none-eabi/4.9.3/../../../../arm-none-eabi/lib/armv7-m/libc_nano.a
LOAD obj/main/NAZE/drivers/bus_i2c_stm32f10x.o
LOAD obj/main/NAZE/drivers/dma.o
LOAD obj/main/NAZE/drivers/gpio_stm32f10x.o
LOAD obj/main/NAZE/drivers/inverter.o
LOAD obj/main/NAZE/drivers/serial_softserial.o
LOAD obj/main/NAZE/drivers/serial_uart_stm32f10x.o
LOAD obj/main/NAZE/drivers/system_stm32f10x.o
LOAD obj/main/NAZE/drivers/timer_stm32f10x.o
LOAD obj/main/NAZE/drivers/accgyro/accgyro_mpu.o
LOAD obj/main/NAZE/drivers/accgyro/accgyro_mpu6050.o
LOAD obj/main/NAZE/drivers/accgyro/accgyro_mpu6500.o
LOAD obj/main/NAZE/drivers/accgyro/accgyro_spi_mpu6500.o
LOAD obj/main/NAZE/drivers/barometer/barometer_bmp280.o
LOAD obj/main/NAZE/drivers/barometer/barometer_ms56xx.o
LOAD obj/main/NAZE/drivers/compass/compass_hmc5883l.o
LOAD obj/main/NAZE/drivers/compass/compass_qmc5883l.o
LOAD obj/main/NAZE/drivers/flash_m25p16.o
LOAD obj/main/NAZE/drivers/light_ws2811strip.o
LOAD obj/main/NAZE/drivers/light_ws2811strip_stdperiph.o
LOAD obj/main/NAZE/io/flashfs.o
LOAD obj/main/NAZE/hardware_revision.o
LOAD obj/main/NAZE/blackbox/blackbox.o
LOAD obj/main/NAZE/blackbox/blackbox_encoding.o
LOAD obj/main/NAZE/blackbox/blackbox_io.o
LOAD obj/main/NAZE/cms/cms.o
LOAD obj/main/NAZE/cms/cms_menu_blackbox.o
LOAD obj/main/NAZE/cms/cms_menu_builtin.o
LOAD obj/main/NAZE/cms/cms_menu_imu.o
LOAD obj/main/NAZE/cms/cms_menu_ledstrip.o
LOAD obj/main/NAZE/cms/cms_menu_misc.o
LOAD obj/main/NAZE/cms/cms_menu_osd.o
LOAD obj/main/NAZE/common/colorconversion.o
LOAD obj/main/NAZE/common/gps_conversion.o
LOAD obj/main/NAZE/drivers/display_ug2864hsweg01.o
LOAD obj/main/NAZE/drivers/rangefinder_hcsr04.o
LOAD obj/main/NAZE/drivers/rangefinder_hcsr04_i2c.o
LOAD obj/main/NAZE/drivers/rangefinder_srf10.o
LOAD obj/main/NAZE/drivers/rangefinder_vl53l0x.o
LOAD obj/main/NAZE/io/dashboard.o
LOAD obj/main/NAZE/io/displayport_max7456.o
LOAD obj/main/NAZE/io/displayport_msp.o
LOAD obj/main/NAZE/io/displayport_oled.o
LOAD obj/main/NAZE/io/gps.o
LOAD obj/main/NAZE/io/gps_ublox.o
LOAD obj/main/NAZE/io/gps_nmea.o
LOAD obj/main/NAZE/io/gps_naza.o
LOAD obj/main/NAZE/io/gps_i2cnav.o
LOAD obj/main/NAZE/io/ledstrip.o
LOAD obj/main/NAZE/io/osd.o
LOAD obj/main/NAZE/navigation/navigation.o
LOAD obj/main/NAZE/navigation/navigation_fixedwing.o
LOAD obj/main/NAZE/navigation/navigation_fw_launch.o
LOAD obj/main/NAZE/navigation/navigation_geo.o
LOAD obj/main/NAZE/navigation/navigation_multicopter.o
LOAD obj/main/NAZE/navigation/navigation_pos_estimator.o
LOAD obj/main/NAZE/sensors/barometer.o
LOAD obj/main/NAZE/sensors/pitotmeter.o
LOAD obj/main/NAZE/sensors/rangefinder.o
LOAD obj/main/NAZE/telemetry/crsf.o
LOAD obj/main/NAZE/telemetry/frsky.o
LOAD obj/main/NAZE/telemetry/hott.o
LOAD obj/main/NAZE/telemetry/ibus_shared.o
LOAD obj/main/NAZE/telemetry/ibus.o
LOAD obj/main/NAZE/telemetry/ltm.o
LOAD obj/main/NAZE/telemetry/mavlink.o
LOAD obj/main/NAZE/telemetry/smartport.o
LOAD obj/main/NAZE/telemetry/telemetry.o
LOAD obj/main/NAZE/target.o
LOAD obj/main/NAZE/main.o
LOAD obj/main/NAZE/build/assert.o
LOAD obj/main/NAZE/build/build_config.o
LOAD obj/main/NAZE/build/debug.o
LOAD obj/main/NAZE/build/version.o
LOAD obj/main/NAZE/common/bitarray.o
LOAD obj/main/NAZE/common/crc.o
LOAD obj/main/NAZE/common/encoding.o
LOAD obj/main/NAZE/common/filter.o
LOAD obj/main/NAZE/common/maths.o
LOAD obj/main/NAZE/common/printf.o
LOAD obj/main/NAZE/common/streambuf.o
LOAD obj/main/NAZE/common/typeconversion.o
LOAD obj/main/NAZE/common/string_light.o
LOAD obj/main/NAZE/config/config_eeprom.o
LOAD obj/main/NAZE/config/config_streamer.o
LOAD obj/main/NAZE/config/feature.o
LOAD obj/main/NAZE/config/parameter_group.o
LOAD obj/main/NAZE/drivers/adc.o
LOAD obj/main/NAZE/drivers/buf_writer.o
LOAD obj/main/NAZE/drivers/bus_i2c_soft.o
LOAD obj/main/NAZE/drivers/bus_spi.o
LOAD obj/main/NAZE/drivers/bus_spi_soft.o
LOAD obj/main/NAZE/drivers/display.o
LOAD obj/main/NAZE/drivers/exti.o
LOAD obj/main/NAZE/drivers/gps_i2cnav.o
LOAD obj/main/NAZE/drivers/gyro_sync.o
LOAD obj/main/NAZE/drivers/io.o
LOAD obj/main/NAZE/drivers/io_pca9685.o
LOAD obj/main/NAZE/drivers/light_led.o
LOAD obj/main/NAZE/drivers/logging.o
LOAD obj/main/NAZE/drivers/rx_nrf24l01.o
LOAD obj/main/NAZE/drivers/rx_spi.o
LOAD obj/main/NAZE/drivers/rx_xn297.o
LOAD obj/main/NAZE/drivers/pitotmeter_adc.o
LOAD obj/main/NAZE/drivers/pwm_esc_detect.o
LOAD obj/main/NAZE/drivers/pwm_mapping.o
LOAD obj/main/NAZE/drivers/pwm_output.o
LOAD obj/main/NAZE/drivers/rcc.o
LOAD obj/main/NAZE/drivers/rx_pwm.o
LOAD obj/main/NAZE/drivers/serial.o
LOAD obj/main/NAZE/drivers/serial_uart.o
LOAD obj/main/NAZE/drivers/sound_beeper.o
LOAD obj/main/NAZE/drivers/stack_check.o
LOAD obj/main/NAZE/drivers/system.o
LOAD obj/main/NAZE/drivers/timer.o
LOAD obj/main/NAZE/fc/cli.o
LOAD obj/main/NAZE/fc/config.o
LOAD obj/main/NAZE/fc/controlrate_profile.o
LOAD obj/main/NAZE/fc/fc_core.o
LOAD obj/main/NAZE/fc/fc_init.o
LOAD obj/main/NAZE/fc/fc_tasks.o
LOAD obj/main/NAZE/fc/fc_hardfaults.o
LOAD obj/main/NAZE/fc/fc_msp.o
LOAD obj/main/NAZE/fc/rc_adjustments.o
LOAD obj/main/NAZE/fc/rc_controls.o
LOAD obj/main/NAZE/fc/rc_curves.o
LOAD obj/main/NAZE/fc/rc_modes.o
LOAD obj/main/NAZE/fc/runtime_config.o
LOAD obj/main/NAZE/fc/settings.o
LOAD obj/main/NAZE/fc/stats.o
LOAD obj/main/NAZE/flight/failsafe.o
LOAD obj/main/NAZE/flight/hil.o
LOAD obj/main/NAZE/flight/imu.o
LOAD obj/main/NAZE/flight/mixer.o
LOAD obj/main/NAZE/flight/pid.o
LOAD obj/main/NAZE/flight/pid_autotune.o
LOAD obj/main/NAZE/flight/servos.o
LOAD obj/main/NAZE/io/beeper.o
LOAD obj/main/NAZE/io/pwmdriver_i2c.o
LOAD obj/main/NAZE/io/serial.o
LOAD obj/main/NAZE/io/serial_4way.o
LOAD obj/main/NAZE/io/serial_4way_avrootloader.o
LOAD obj/main/NAZE/io/serial_4way_stk500v2.o
LOAD obj/main/NAZE/io/statusindicator.o
LOAD obj/main/NAZE/io/rcsplit.o
LOAD obj/main/NAZE/msp/msp_serial.o
LOAD obj/main/NAZE/rx/ibus.o
LOAD obj/main/NAZE/rx/jetiexbus.o
LOAD obj/main/NAZE/rx/msp.o
LOAD obj/main/NAZE/rx/nrf24_cx10.o
LOAD obj/main/NAZE/rx/nrf24_inav.o
LOAD obj/main/NAZE/rx/nrf24_h8_3d.o
LOAD obj/main/NAZE/rx/nrf24_syma.o
LOAD obj/main/NAZE/rx/nrf24_v202.o
LOAD obj/main/NAZE/rx/pwm.o
LOAD obj/main/NAZE/rx/rx.o
LOAD obj/main/NAZE/rx/rx_spi.o
LOAD obj/main/NAZE/rx/crsf.o
LOAD obj/main/NAZE/rx/sbus.o
LOAD obj/main/NAZE/rx/spektrum.o
LOAD obj/main/NAZE/rx/sumd.o
LOAD obj/main/NAZE/rx/sumh.o
LOAD obj/main/NAZE/rx/xbus.o
LOAD obj/main/NAZE/rx/eleres.o
LOAD obj/main/NAZE/scheduler/scheduler.o
LOAD obj/main/NAZE/sensors/acceleration.o
LOAD obj/main/NAZE/sensors/battery.o
LOAD obj/main/NAZE/sensors/boardalignment.o
LOAD obj/main/NAZE/sensors/compass.o
LOAD obj/main/NAZE/sensors/diagnostics.o
LOAD obj/main/NAZE/sensors/gyro.o
LOAD obj/main/NAZE/sensors/initialisation.o
LOAD obj/main/NAZE/system_stm32f10x.o
LOAD obj/main/NAZE/misc.o
LOAD obj/main/NAZE/stm32f10x_adc.o
LOAD obj/main/NAZE/stm32f10x_bkp.o
LOAD obj/main/NAZE/stm32f10x_dac.o
LOAD obj/main/NAZE/stm32f10x_dbgmcu.o
LOAD obj/main/NAZE/stm32f10x_dma.o
LOAD obj/main/NAZE/stm32f10x_exti.o
LOAD obj/main/NAZE/stm32f10x_flash.o
LOAD obj/main/NAZE/stm32f10x_fsmc.o
LOAD obj/main/NAZE/stm32f10x_gpio.o
LOAD obj/main/NAZE/stm32f10x_i2c.o
LOAD obj/main/NAZE/stm32f10x_iwdg.o
LOAD obj/main/NAZE/stm32f10x_pwr.o
LOAD obj/main/NAZE/stm32f10x_rcc.o
LOAD obj/main/NAZE/stm32f10x_rtc.o
LOAD obj/main/NAZE/stm32f10x_sdio.o
LOAD obj/main/NAZE/stm32f10x_spi.o
LOAD obj/main/NAZE/stm32f10x_tim.o
LOAD obj/main/NAZE/stm32f10x_usart.o
LOAD obj/main/NAZE/stm32f10x_wwdg.o
LOAD /usr/bin/../lib/gcc/arm-none-eabi/4.9.3/../../../../arm-none-eabi/lib/armv7-m/libm.a
LOAD /usr/bin/../lib/gcc/arm-none-eabi/4.9.3/../../../../arm-none-eabi/lib/armv7-m/libc_nano.a
LOAD /usr/bin/../lib/gcc/arm-none-eabi/4.9.3/../../../../arm-none-eabi/lib/armv7-m/libnosys.a
START GROUP
LOAD /usr/bin/../lib/gcc/arm-none-eabi/4.9.3/armv7-m/libgcc.a
LOAD /usr/bin/../lib/gcc/arm-none-eabi/4.9.3/../../../../arm-none-eabi/lib/armv7-m/libg_nano.a
LOAD /usr/bin/../lib/gcc/arm-none-eabi/4.9.3/../../../../arm-none-eabi/lib/armv7-m/libc_nano.a
END GROUP
START GROUP
LOAD /usr/bin/../lib/gcc/arm-none-eabi/4.9.3/armv7-m/libgcc.a
LOAD /usr/bin/../lib/gcc/arm-none-eabi/4.9.3/../../../../arm-none-eabi/lib/armv7-m/libc_nano.a
END GROUP
                0x0000000020005000                _estack = (ORIGIN (STACKRAM) + 0x5000)
                0x000000000801f800                __config_start = ORIGIN (FLASH_CONFIG)
                0x0000000008020000                __config_end = (ORIGIN (FLASH_CONFIG) + 0x800)
                0x0000000000000000                _Min_Heap_Size = 0x0
                0x0000000000000800                _Min_Stack_Size = 0x800

.isr_vector     0x0000000008000000      0x10c
                0x0000000008000000                . = ALIGN (0x4)
                0x0000000008000000                PROVIDE (isr_vector_table_base, .)
 *(.isr_vector)
 .isr_vector    0x0000000008000000      0x10c obj/main/NAZE/startup_stm32f10x_md_gcc.o
                0x0000000008000000                g_pfnVectors
                0x000000000800010c                . = ALIGN (0x4)

.text           0x0000000008000110    0x1e560
                0x0000000008000110                . = ALIGN (0x4)
 *(.text)
 .text          0x0000000008000110     0x2154 /tmp/cchgoa6E.ltrans0.ltrans.o
                0x0000000008000110                init
 *fill*         0x0000000008002264        0x4 
 .text          0x0000000008002268     0x27e8 /tmp/cchgoa6E.ltrans1.ltrans.o
                0x0000000008002268                taskMainPidLoop
 .text          0x0000000008004a50     0x1854 /tmp/cchgoa6E.ltrans2.ltrans.o
                0x0000000008004a50                taskHandleSerial
 .text          0x00000000080062a4     0x120c /tmp/cchgoa6E.ltrans3.ltrans.o
                0x00000000080062a4                mspFcProcessOutCommand.lto_priv.249
 .text          0x00000000080074b0      0xeec /tmp/cchgoa6E.ltrans4.ltrans.o
                0x00000000080074b0                taskUpdateRxMain
 .text          0x000000000800839c      0xf50 /tmp/cchgoa6E.ltrans5.ltrans.o
                0x000000000800839c                ms5611_calculate.lto_priv.287
                0x0000000008008558                bmp280_calculate.lto_priv.292
                0x0000000008008720                bmp280_get_ut.lto_priv.288
                0x0000000008008722                bmp280_start_ut.lto_priv.289
                0x0000000008008724                mpu6500AccInit
                0x000000000800872c                mpu6050AccInit.lto_priv.281
                0x0000000008008744                mpuCheckDataReady
                0x000000000800875c                mpuGyroRead
                0x00000000080087a0                mpuAccRead
                0x0000000008008932                ms56xx_start_up.lto_priv.285
                0x000000000800893c                ms56xx_start_ut.lto_priv.283
                0x0000000008008946                bmp280_start_up.lto_priv.290
                0x0000000008008950                mpuWriteRegisterI2C
                0x000000000800897e                ms56xx_get_up.lto_priv.286
                0x0000000008008990                ms56xx_get_ut.lto_priv.284
                0x00000000080089a0                bmp280_get_up.lto_priv.291
                0x0000000008008a00                mpuReadRegisterI2C
                0x0000000008008b1c                mpu6050GyroInit.lto_priv.293
                0x0000000008008d26                m25p16_performOneByteCommand.lto_priv.496
                0x0000000008008d48                systemTimekeepingSetup.lto_priv.313
                0x0000000008008dc0                isMPUSoftReset
                0x0000000008008dd0                USART2_IRQHandler
                0x0000000008008dd8                USART1_IRQHandler
                0x0000000008008de0                openSoftSerial
                0x0000000008008f86                gpioInit
                0x0000000008008fea                mpu6500GyroInit
                0x00000000080090dc                DMA1_Channel7_IRQHandler
                0x00000000080090f0                DMA1_Channel6_IRQHandler
                0x0000000008009104                DMA1_Channel5_IRQHandler
                0x0000000008009114                DMA1_Channel4_IRQHandler
                0x0000000008009124                DMA1_Channel3_IRQHandler
                0x0000000008009134                DMA1_Channel2_IRQHandler
                0x0000000008009144                DMA1_Channel1_IRQHandler
                0x0000000008009154                i2cInit.part.1.lto_priv.151
 .text          0x00000000080092ec      0xce8 /tmp/cchgoa6E.ltrans6.ltrans.o
                0x0000000008009348                sendFieldDefinition.lto_priv.358
                0x00000000080094a4                loadMainState.lto_priv.487
                0x0000000008009654                writeGPSFrame.lto_priv.486
                0x00000000080096e4                writeSlowFrameIfNeeded.lto_priv.488
                0x0000000008009764                blackboxWriteMainStateArrayUsingAveragePredictor.lto_priv.489
                0x00000000080097a8                pidBank.lto_priv.380
                0x00000000080097c4                blackboxWriteSysinfo.lto_priv.357
                0x0000000008009c68                flashfsAdvanceTailInBuffer.lto_priv.477
                0x0000000008009c98                flashfsGetDirtyDataBuffers.lto_priv.475
                0x0000000008009cd0                flashfsGetOffset
                0x0000000008009cf0                flashfsTransmitBufferUsed.lto_priv.359
                0x0000000008009d10                m25p16_isReady
                0x0000000008009d7c                flashfsWriteBuffers.lto_priv.476
                0x0000000008009ecc                flashfsFlushSync
                0x0000000008009f04                flashfsFlushAsync
                0x0000000008009f48                flashfsEraseCompletely
                0x0000000008009f84                m25p16_readBytes
 .text          0x0000000008009fd4      0x9c4 /tmp/cchgoa6E.ltrans7.ltrans.o
                0x0000000008009fd4                taskTelemetry
                0x000000000800a774                taskUpdateBaro
 .text          0x000000000800a998      0xdfc /tmp/cchgoa6E.ltrans8.ltrans.o
                0x000000000800a9c0                geoConvertGeodeticToLocal.constprop.78
                0x000000000800aa34                configureNAV5.constprop.74
                0x000000000800aa80                geoConvertLocalToGeodetic.constprop.72
                0x000000000800aaf4                navPidApply3.constprop.71
                0x000000000800ac0c                updatePositionAccelController_MC.constprop.68
                0x000000000800ae70                biquadFilterInit.constprop.54
                0x000000000800af54                findNextSharedSerialPort.constprop.12
                0x000000000800afb4                TIM_ICInit
                0x000000000800b1dc                RCC_GetClocksFreq
                0x000000000800b27c                I2C_GetFlagStatus
                0x000000000800b2b0                I2C_CheckEvent
                0x000000000800b2c8                FLASH_WaitForLastOperation
                0x000000000800b2ea                DMA_Init
                0x000000000800b326                DMA_DeInit
                0x000000000800b418                SystemInit
                0x000000000800b464                getHwGPSStatus
                0x000000000800b490                getHwBarometerStatus
                0x000000000800b4b4                getHwAccelerometerStatus
                0x000000000800b4d8                isHardwareHealthy
                0x000000000800b50c                alignSensors
                0x000000000800b634                initBoardAlignment
 .text          0x000000000800b794      0xe48 /tmp/cchgoa6E.ltrans9.ltrans.o
                0x000000000800b7b4                beeperSilence
                0x000000000800b7ec                beeper
                0x000000000800b864                loadCustomServoMixer
                0x000000000800b8c0                determineServoMiddleOrForwardFromChannel
                0x000000000800b8f8                pidAngleToRcCommand
                0x000000000800b968                pidResetErrorAccumulators
                0x000000000800b98c                pidBank.lto_priv.360
                0x000000000800baf8                pidController
                0x000000000800c458                writeMotors
                0x000000000800c48c                stopMotors
                0x000000000800c4d0                mixerResetDisarmedMotors
                0x000000000800c508                findMixer
                0x000000000800c52c                mixerUpdateStateFlags
                0x000000000800c580                isImuHeadingValid
                0x000000000800c5b8                isImuReady
 .text          0x000000000800c5dc      0xa70 /tmp/cchgoa6E.ltrans10.ltrans.o
                0x000000000800c5dc                cliStatus.lto_priv.243
                0x000000000800c814                cliMixer.lto_priv.232
                0x000000000800c8b0                cliBeeper.lto_priv.219
                0x000000000800c9f8                cliGet.lto_priv.228
                0x000000000800ca5c                cliSet.lto_priv.241
                0x000000000800cc7c                cliProfile.lto_priv.236
                0x000000000800ccbc                cliName.lto_priv.235
                0x000000000800cd20                cliMotor.lto_priv.234
                0x000000000800cdc8                cliGpsPassthrough.lto_priv.229
                0x000000000800cec4                cliSave.lto_priv.238
                0x000000000800cedc                cliExit.lto_priv.224
                0x000000000800cf14                cliDfu.lto_priv.221
                0x000000000800cf18                cliMap.lto_priv.231
                0x000000000800cfac                cliDumpProfile.lto_priv.400
                0x000000000800cfe4                checkCommand.lto_priv.412
                0x000000000800d01e                cliDefaults.lto_priv.220
 .text          0x000000000800d04c      0xca0 /tmp/cchgoa6E.ltrans11.ltrans.o
                0x000000000800d04c                navOnEnteringState_NAV_STATE_RTH_FINISHED.lto_priv.175
                0x000000000800d070                navOnEnteringState_NAV_STATE_RTH_FINISHING.lto_priv.174
                0x000000000800d088                navOnEnteringState_NAV_STATE_RTH_LANDING.lto_priv.173
                0x000000000800d340                navOnEnteringState_NAV_STATE_RTH_HOVER_PRIOR_TO_LANDING.lto_priv.172
                0x000000000800d3b0                navOnEnteringState_NAV_STATE_RTH_HEAD_HOME.lto_priv.171
                0x000000000800d428                navOnEnteringState_NAV_STATE_RTH_CLIMB_TO_SAFE_ALT.lto_priv.170
                0x000000000800d53c                navOnEnteringState_NAV_STATE_IDLE.lto_priv.162
                0x000000000800d564                navOnEnteringState_NAV_STATE_RTH_INITIALIZE.lto_priv.169
                0x000000000800d690                navOnEnteringState_NAV_STATE_POSHOLD_3D_INITIALIZE.lto_priv.167
                0x000000000800d708                navOnEnteringState_NAV_STATE_POSHOLD_2D_IN_PROGRESS.lto_priv.166
                0x000000000800d730                navOnEnteringState_NAV_STATE_POSHOLD_2D_INITIALIZE.lto_priv.165
                0x000000000800d778                navOnEnteringState_NAV_STATE_ALTHOLD_INITIALIZE.lto_priv.163
                0x000000000800d7c0                navOnEnteringState_NAV_STATE_POSHOLD_3D_IN_PROGRESS.lto_priv.168
                0x000000000800d818                navOnEnteringState_NAV_STATE_ALTHOLD_IN_PROGRESS.lto_priv.164
                0x000000000800d880                gpsHandleUBLOX
 .text          0x000000000800dcec      0xe64 /tmp/cchgoa6E.ltrans12.ltrans.o
                0x000000000800dd48                applyFixedWingNavigationController
                0x000000000800e748                navigationUsePIDs
                0x000000000800e910                navigationRequiresAngleMode
                0x000000000800e948                selectNavEventFromBoxModeInput.lto_priv.329
                0x000000000800ea78                calcualteAndSetActiveWaypointToLocalPosition.lto_priv.464
                0x000000000800eaa4                resetGCSFlags
                0x000000000800eab4                resetPositionController.lto_priv.465
                0x000000000800eac8                setupAltitudeController.lto_priv.466
                0x000000000800eb3c                resetAltitudeController.lto_priv.463
 .text          0x000000000800eb50      0xb68 /tmp/cchgoa6E.ltrans13.ltrans.o
                0x000000000800eb50                pwmOverflowCallback.lto_priv.301
                0x000000000800eb78                ppmEdgeCallback.lto_priv.302
                0x000000000800ecf8                ppmOverflowCallback.lto_priv.303
                0x000000000800ed38                pwmWriteStandard.lto_priv.299
                0x000000000800ed48                pwmWriteBrushed.lto_priv.295
                0x000000000800ed6c                pwmWriteMultiShot.lto_priv.298
                0x000000000800eda0                pwmWriteOneShot42.lto_priv.297
                0x000000000800edcc                pwmWriteOneShot125.lto_priv.296
                0x000000000800ee2c                serialWrite
                0x000000000800ee32                serialWriteBuf
                0x000000000800ee6c                pwmICConfig
                0x000000000800eea8                pwmEdgeCallback.lto_priv.300
                0x000000000800ef14                pwmWriteServo
                0x000000000800ef2c                ledToggle
                0x000000000800ef48                IOGetByTag
                0x000000000800ef94                IOConfigGPIO
                0x000000000800f054                IOLo
                0x000000000800f05e                pwmOutConfigMotor.lto_priv.312
                0x000000000800f3b0                IOHi
                0x000000000800f3ba                IOWrite
                0x000000000800f3ce                ledSet
                0x000000000800f3f8                EXTI15_10_IRQHandler
                0x000000000800f3fa                EXTI9_5_IRQHandler
                0x000000000800f3fc                EXTI4_IRQHandler
                0x000000000800f3fe                EXTI3_IRQHandler
                0x000000000800f400                EXTI2_IRQHandler
                0x000000000800f402                EXTI1_IRQHandler
                0x000000000800f404                EXTI0_IRQHandler
                0x000000000800f406                bufWriterFlush
                0x000000000800f41e                adcGetChannel
                0x000000000800f45c                pgActivateProfile
                0x000000000800f490                pgResetInstance.lto_priv.251
                0x000000000800f4d8                pgReset
                0x000000000800f4f0                pgFind
                0x000000000800f518                featureClear
                0x000000000800f528                write_word.lto_priv.382
                0x000000000800f5fc                config_streamer_write
                0x000000000800f632                updateCRC.lto_priv.381
                0x000000000800f65e                isEEPROMContentValid.part.4.lto_priv.314
 .text          0x000000000800f6b8      0xa58 /tmp/cchgoa6E.ltrans14.ltrans.o
                0x000000000800f7a2                isEmpty.lto_priv.423
                0x000000000800f7b2                nextArg.lto_priv.429
                0x000000000800f7ca                processChannelRangeArgs.lto_priv.430
                0x000000000800f81a                getValuePointer.lto_priv.422
                0x000000000800f834                cliPrintf.lto_priv.419
                0x000000000800f864                cliWrite.lto_priv.253
                0x000000000800f888                cliPrint.lto_priv.252
                0x000000000800f8b4                cliPrompt.lto_priv.247
                0x000000000800f8d0                cliPrintLinefeed.lto_priv.254
                0x000000000800f8fc                cliPrintLinef.lto_priv.401
                0x000000000800f916                cliPrintVarRange.lto_priv.420
                0x000000000800fa94                cliPrintVar.lto_priv.421
                0x000000000800faaa                dumpAllValues.lto_priv.402
                0x000000000800fb9c                cliDefaultPrintLinef.lto_priv.411
                0x000000000800fbcc                cliDumpPrintLinef.lto_priv.408
                0x000000000800fbf0                printSerial.lto_priv.406
                0x000000000800fcd8                printAux.lto_priv.405
                0x000000000800fd88                cliAux.lto_priv.218
                0x000000000800fe34                cliPrintLine.lto_priv.248
                0x000000000800fe40                cliShowParseError.lto_priv.424
                0x000000000800fe48                TIM4_IRQHandler
                0x000000000800fe58                TIM3_IRQHandler
                0x000000000800fe68                TIM2_IRQHandler
                0x000000000800fe74                TIM1_UP_IRQHandler
                0x000000000800fe84                TIM1_CC_IRQHandler
                0x000000000800fe94                timerChConfigCallbacks
                0x000000000800ff70                configTimeBase
                0x0000000008010018                timerConfigure
                0x0000000008010088                failureMode
 .text          0x0000000008010110      0xcd8 /tmp/cchgoa6E.ltrans15.ltrans.o
                0x0000000008010110                cliFeature.lto_priv.225
                0x0000000008010210                cliFlashErase.lto_priv.226
                0x000000000801023c                cliFlashInfo.lto_priv.227
                0x0000000008010274                cliSerial.lto_priv.239
                0x000000000801036c                printServoMix.lto_priv.407
                0x0000000008010414                cliServoMix.lto_priv.242
                0x000000000801066c                printServo.lto_priv.409
                0x0000000008010770                cliServo.lto_priv.240
                0x0000000008010850                printRxRange.lto_priv.403
                0x00000000080108c0                cliRxRange.lto_priv.237
                0x0000000008010984                printMotorMix.lto_priv.410
                0x0000000008010a88                cliMotorMix.lto_priv.233
                0x0000000008010c04                printAdjustmentRange.lto_priv.404
                0x0000000008010ce8                cliAdjustmentRange.lto_priv.217
 .text          0x0000000008010de8      0x674 /tmp/cchgoa6E.ltrans16.ltrans.o
                0x0000000008011274                i2cWrite.constprop.132
                0x00000000080112b4                i2cRead.constprop.131
                0x00000000080112e8                NVIC_Init.part.0.constprop.128
                0x0000000008011324                timerChConfigIC.constprop.122
                0x0000000008011356                timerGetByTag.constprop.121
                0x000000000801137c                spiTransfer.constprop.94
                0x00000000080113e8                spiTransferByte.constprop.92
                0x0000000008011428                blackboxWriteSignedVBArray.constprop.86
                0x0000000008011442                arraySubInt32.constprop.85
 .text          0x000000000801145c      0x928 /tmp/cchgoa6E.ltrans17.ltrans.o
                0x000000000801147c                mwDisarm
                0x00000000080114ec                getAxisRcCommand
                0x0000000008011568                isCalibrating
                0x00000000080115b0                updateArmingStatus.lto_priv.366
                0x00000000080117e0                mwArm
                0x0000000008011b58                setConfigProfile
                0x0000000008011b94                writeEEPROM
                0x0000000008011d50                setConfigProfileAndWriteEEPROM
                0x0000000008011d6e                saveConfigAndNotify
 .text          0x0000000008011d84      0xb08 /tmp/cchgoa6E.ltrans18.ltrans.o
                0x0000000008011ec6                biquadFilterApply
                0x0000000008011f1e                nullFilterApply
                0x0000000008011f22                _putc.lto_priv.309
                0x0000000008011f30                sl_strncasecmp
                0x0000000008011f64                fastA2I
                0x0000000008011f9e                fastA2F
                0x00000000080120cc                ftoa
                0x00000000080121a0                sbufReadU32
                0x00000000080121cc                sbufReadU16
                0x00000000080121e2                sbufReadU8
                0x00000000080121ec                sbufWriteData
                0x0000000008012200                sbufWriteU32
                0x0000000008012228                sbufWriteU16
                0x000000000801223c                tfp_format
                0x00000000080123f8                sensorCalibration_SolveLGS.lto_priv.368
                0x000000000801255c                applyDeadband
                0x000000000801257a                wrap_18000
                0x000000000801259c                atan2_approx
                0x00000000080126a0                sin_approx
                0x0000000008012788                cos_approx
                0x000000000801279c                pt1FilterApply4
                0x0000000008012800                crc8_dvb_s2
                0x000000000801281a                crc8_dvb_s2_update
                0x0000000008012830                bitArraySet
                0x0000000008012846                telemetryCheckRxPortShared
                0x0000000008012860                telemetryDetermineEnabledState
 .text          0x000000000801288c      0xe28 /tmp/cchgoa6E.ltrans19.ltrans.o
                0x0000000008012910                checkLtmTelemetryState
                0x00000000080129f4                ltm_finalise.lto_priv.203
                0x0000000008012a30                ltm_initialise_packet.lto_priv.204
                0x0000000008012a50                checkFrSkyTelemetryState
                0x0000000008012ae4                serialize16.lto_priv.206
                0x0000000008012af8                sendTelemetryTail.lto_priv.205
                0x0000000008012b08                sendDataHead.lto_priv.207
                0x0000000008012b28                sendLatLong.lto_priv.208
                0x0000000008012ba0                updateEstimatedTopic.lto_priv.364
                0x00000000080132fc                shouldResetReferenceAltitude.lto_priv.209
                0x0000000008013334                onNewGPSData
 .text          0x00000000080136b4      0x9d8 /tmp/cchgoa6E.ltrans20.ltrans.o
                0x00000000080136b4                cliHelp.lto_priv.230
                0x00000000080136d4                cliVersion.lto_priv.244
                0x0000000008013710                readEEPROM
                0x0000000008013b60                resetConfigs
                0x0000000008013fc8                cliDiff.lto_priv.222
                0x0000000008013fcc                cliDump.lto_priv.223
                0x0000000008013fd0                applyAndSaveBoardAlignmentDelta
 .text          0x000000000801408c      0xf74 /tmp/cchgoa6E.ltrans21.ltrans.o
                0x00000000080140b8                imuTransformVectorEarthToBody
                0x0000000008014168                imuComputeRotationMatrix.lto_priv.311
                0x0000000008014288                imuCalculateEstimatedAttitude.lto_priv.367
                0x0000000008014c7c                failsafeRequiresAngleMode
                0x0000000008014ca8                clivalue_get_pgn
                0x0000000008014ce8                clivalue_get_name
                0x0000000008014d34                disableFlightMode
                0x0000000008014d54                enableFlightMode
                0x0000000008014d74                failsafeActivate.lto_priv.327
                0x0000000008014db0                isRangeActive.part.0.lto_priv.326
                0x0000000008014df8                isModeActivationConditionPresent
                0x0000000008014e20                updateUsedModeActivationConditionFlags
                0x0000000008014e94                IS_RC_MODE_ACTIVE
                0x0000000008014eb8                generateThrottleCurve
                0x0000000008014f5c                calculateThrottleStatus
                0x0000000008014fa0                blackboxLogInflightAdjustmentEvent.lto_priv.323
                0x0000000008014fc8                pidBankMutable.lto_priv.324
                0x0000000008014fe4                pidBank.lto_priv.325
 .text          0x0000000008015000      0x5dc /tmp/cchgoa6E.ltrans22.ltrans.o
                0x0000000008015230                serialWriteBufShim
                0x0000000008015234                micros
                0x00000000080152b8                delayMicroseconds
                0x00000000080152da                delay
                0x00000000080152f0                SysTick_Handler
                0x0000000008015320                systemBeep
                0x000000000801534c                uartOpen
                0x00000000080155bc                serialSetMode
                0x00000000080155c2                isSerialTransmitBufferEmpty
                0x00000000080155c8                serialRead
                0x00000000080155ce                serialTxBytesFree
                0x00000000080155d4                serialRxBytesWaiting
 .text          0x00000000080155dc      0x8c4 /tmp/cchgoa6E.ltrans23.ltrans.o
                0x00000000080155dc                blackboxAdvanceIterationTimers.lto_priv.355
                0x0000000008015624                blackboxLogEvent
                0x00000000080156d4                blackboxLogIteration.lto_priv.356
 .text          0x0000000008015ea0      0xa54 /tmp/cchgoa6E.ltrans24.ltrans.o
                0x0000000008015f4c                navOnEnteringState_NAV_STATE_LAUNCH_IN_PROGRESS.lto_priv.188
                0x0000000008015f60                navOnEnteringState_NAV_STATE_EMERGENCY_LANDING_FINISHED.lto_priv.185
                0x0000000008015f64                navOnEnteringState_NAV_STATE_EMERGENCY_LANDING_IN_PROGRESS.lto_priv.184
                0x0000000008015f68                navOnEnteringState_NAV_STATE_WAYPOINT_NEXT.lto_priv.180
                0x0000000008015f9c                navOnEnteringState_NAV_STATE_WAYPOINT_REACHED.lto_priv.179
                0x0000000008015fc8                navOnEnteringState_NAV_STATE_WAYPOINT_RTH_LAND.lto_priv.182
                0x0000000008015fe4                navOnEnteringState_NAV_STATE_LAUNCH_WAIT.lto_priv.187
                0x0000000008016008                navOnEnteringState_NAV_STATE_LAUNCH_INITIALIZE.lto_priv.186
                0x0000000008016034                navOnEnteringState_NAV_STATE_EMERGENCY_LANDING_INITIALIZE.lto_priv.183
                0x000000000801603e                navOnEnteringState_NAV_STATE_WAYPOINT_INITIALIZE.lto_priv.176
                0x000000000801606c                updateClimbRateToAltitudeController
                0x000000000801616c                resetLandingDetector
                0x00000000080161a4                calculateInitialHoldPosition
                0x00000000080161c4                setDesiredSurfaceOffset
                0x0000000008016230                updateHomePositionCompatibility.lto_priv.365
                0x0000000008016264                setHomePosition
                0x00000000080162c4                calculateBearingToDestination
                0x0000000008016320                setDesiredPosition
                0x00000000080163b0                calculateDistanceToDestination
                0x00000000080163f8                validateRTHSanityChecker
                0x0000000008016474                initializeRTHSanityChecker
                0x00000000080164a4                navOnEnteringState_NAV_STATE_WAYPOINT_PRE_ACTION.lto_priv.177
                0x00000000080164f4                isWaypointReached
                0x0000000008016550                updateActualAltitudeAndClimbRate
                0x00000000080165bc                updateActualHorizontalPositionAndVelocity
                0x000000000801666c                checkForPositionSensorTimeout
                0x00000000080166a4                navOnEnteringState_NAV_STATE_WAYPOINT_FINISHED.lto_priv.181
                0x00000000080166c8                navOnEnteringState_NAV_STATE_WAYPOINT_IN_PROGRESS.lto_priv.178
                0x000000000801673c                navPidInit
                0x00000000080167a0                navProcessFSMEvents.lto_priv.328
 .text          0x00000000080168f4      0x9ac /tmp/cchgoa6E.ltrans25.ltrans.o
                0x0000000008016940                spektrumReadRawRC.lto_priv.273
                0x0000000008016964                spektrumFrameStatus
                0x0000000008016a2c                sbusReadRawRC.lto_priv.277
                0x0000000008016a5c                sbusFrameStatus
                0x0000000008016bd0                nullFrameStatus.lto_priv.266
                0x0000000008016bd4                nullReadRawRC.lto_priv.265
                0x0000000008016bf0                ppmReadRawRC.lto_priv.268
                0x0000000008016c00                pwmReadRawRC.lto_priv.267
                0x0000000008016c10                spektrumDataReceive.lto_priv.274
                0x0000000008016c64                sbusDataReceive.lto_priv.278
                0x0000000008016cbc                pgResetFn_serialConfig
                0x0000000008016cf8                updateBatteryVoltage.lto_priv.212
                0x0000000008016d60                accInitFilters
                0x0000000008016d94                queueAdd.lto_priv.310
                0x0000000008016e00                setTaskEnabled
                0x0000000008016e6c                parseRcChannels
                0x0000000008016ea8                resumeRxSignal
                0x0000000008016ed0                suspendRxSignal
                0x0000000008016f08                warningLedRefresh
                0x0000000008017084                waitForSerialPortToFinishTransmitting
                0x000000000801709a                closeSerialPort
                0x00000000080170c0                mspSerialReleasePortIfAllocated
                0x00000000080170ec                openSerialPort
                0x000000000801717c                determinePortSharing
                0x0000000008017190                findSerialPortConfig
                0x00000000080171c4                mspSerialAllocatePorts
                0x0000000008017264                beeperConfirmationBeeps
 .text          0x00000000080172a0      0x4c0 /tmp/cchgoa6E.ltrans26.ltrans.o
                0x00000000080172a0                sendConfigMessageUBLOX.lto_priv.152
                0x00000000080172f4                gpsResetSolution.lto_priv.211
                0x0000000008017310                gpsHandleProtocol.lto_priv.210
                0x0000000008017398                gpsSetState
                0x00000000080173ac                blackboxDeviceReserveBufferSpace
                0x0000000008017408                isBlackboxDeviceFull
                0x0000000008017434                blackboxDeviceFlushForce
                0x0000000008017458                blackboxPrint
                0x000000000801752c                blackboxWrite
                0x0000000008017580                blackboxWriteTag2_3S32
                0x000000000801769e                blackboxWriteUnsignedVB
                0x00000000080176bc                blackboxWriteSignedVB
                0x00000000080176c4                blackboxWriteSigned16VBArray
                0x00000000080176de                blackboxPrintfHeaderLine
                0x000000000801773c                blackboxPrintf
 .text          0x0000000008017760      0x5b4 /tmp/cchgoa6E.ltrans27.ltrans.o
                0x0000000008017760                inavFilterCorrectPos.lto_priv.453
                0x00000000080177b0                inavFilterPredict.lto_priv.454
                0x0000000008017814                calculateMulticopterInitialHoldPosition
                0x0000000008017854                updatePositionVelocityController_MC.lto_priv.361
                0x0000000008017a78                resetMulticopterPositionController
                0x0000000008017abc                resetMulticopterAltitudeController
                0x0000000008017b3c                updateAltitudeThrottleController_MC.lto_priv.362
                0x0000000008017bd8                updateAltitudeVelocityController_MC.lto_priv.363
                0x0000000008017cdc                applyFixedWingLaunchIdleLogic.lto_priv.461
 .text          0x0000000008017d14      0x424 /tmp/cchgoa6E.ltrans28.ltrans.o
                0x0000000008017d14                taskProcessGPS
                0x0000000008017f10                taskUpdateBattery
 .text          0x0000000008018138      0x2a0 /tmp/cchgoa6E.ltrans29.ltrans.o
                0x0000000008018138                mspRebootFn.lto_priv.194
                0x0000000008018178                packBoxModeFlags.lto_priv.197
                0x0000000008018378                pidBankMutable.lto_priv.250
                0x0000000008018394                pidBank.lto_priv.196
                0x00000000080183b0                HardFault_Handler
 .text          0x00000000080183d8       0xf4 /tmp/cchgoa6E.ltrans30.ltrans.o
                0x00000000080183d8                taskUpdateRxCheck
 .text          0x00000000080184cc       0x3c /tmp/cchgoa6E.ltrans31.ltrans.o
                0x00000000080184cc                RCC_ClockCmd.constprop.142
 .text          0x0000000008018508      0x370 /usr/bin/../lib/gcc/arm-none-eabi/4.9.3/armv7-m/libgcc.a(_arm_addsubdf3.o)
                0x0000000008018508                __aeabi_drsub
                0x0000000008018510                __aeabi_dsub
                0x0000000008018510                __subdf3
                0x0000000008018514                __adddf3
                0x0000000008018514                __aeabi_dadd
                0x000000000801878c                __aeabi_ui2d
                0x000000000801878c                __floatunsidf
                0x00000000080187ac                __floatsidf
                0x00000000080187ac                __aeabi_i2d
                0x00000000080187d0                __extendsfdf2
                0x00000000080187d0                __aeabi_f2d
                0x000000000801880c                __aeabi_ul2d
                0x000000000801880c                __floatundidf
                0x000000000801881c                __floatdidf
                0x000000000801881c                __aeabi_l2d
 .text          0x0000000008018878      0x424 /usr/bin/../lib/gcc/arm-none-eabi/4.9.3/armv7-m/libgcc.a(_arm_muldivdf3.o)
                0x0000000008018878                __aeabi_dmul
                0x0000000008018878                __muldf3
                0x0000000008018acc                __aeabi_ddiv
                0x0000000008018acc                __divdf3
 .text          0x0000000008018c9c       0xa0 /usr/bin/../lib/gcc/arm-none-eabi/4.9.3/armv7-m/libgcc.a(_arm_truncdfsf2.o)
                0x0000000008018c9c                __aeabi_d2f
                0x0000000008018c9c                __truncdfsf2
 .text          0x0000000008018d3c      0x21c /usr/bin/../lib/gcc/arm-none-eabi/4.9.3/armv7-m/libgcc.a(_arm_addsubsf3.o)
                0x0000000008018d3c                __aeabi_frsub
                0x0000000008018d44                __subsf3
                0x0000000008018d44                __aeabi_fsub
                0x0000000008018d48                __aeabi_fadd
                0x0000000008018d48                __addsf3
                0x0000000008018ea8                __aeabi_ui2f
                0x0000000008018ea8                __floatunsisf
                0x0000000008018eb0                __aeabi_i2f
                0x0000000008018eb0                __floatsisf
                0x0000000008018ecc                __floatundisf
                0x0000000008018ecc                __aeabi_ul2f
                0x0000000008018edc                __floatdisf
                0x0000000008018edc                __aeabi_l2f
 .text          0x0000000008018f58      0x2a0 /usr/bin/../lib/gcc/arm-none-eabi/4.9.3/armv7-m/libgcc.a(_arm_muldivsf3.o)
                0x0000000008018f58                __mulsf3
                0x0000000008018f58                __aeabi_fmul
                0x00000000080190c0                __divsf3
                0x00000000080190c0                __aeabi_fdiv
 .text          0x00000000080191f8       0xec /usr/bin/../lib/gcc/arm-none-eabi/4.9.3/armv7-m/libgcc.a(_arm_cmpsf2.o)
                0x00000000080191f8                __gtsf2
                0x00000000080191f8                __gesf2
                0x0000000008019200                __lesf2
                0x0000000008019200                __ltsf2
                0x0000000008019208                __nesf2
                0x0000000008019208                __eqsf2
                0x0000000008019208                __cmpsf2
                0x0000000008019268                __aeabi_cfrcmple
                0x0000000008019270                __aeabi_cfcmple
                0x0000000008019270                __aeabi_cfcmpeq
                0x0000000008019280                __aeabi_fcmpeq
                0x0000000008019294                __aeabi_fcmplt
                0x00000000080192a8                __aeabi_fcmple
                0x00000000080192bc                __aeabi_fcmpge
                0x00000000080192d0                __aeabi_fcmpgt
 .text          0x00000000080192e4       0x4c /usr/bin/../lib/gcc/arm-none-eabi/4.9.3/armv7-m/libgcc.a(_arm_fixsfsi.o)
                0x00000000080192e4                __fixsfsi
                0x00000000080192e4                __aeabi_f2iz
 .text          0x0000000008019330       0x40 /usr/bin/../lib/gcc/arm-none-eabi/4.9.3/armv7-m/libgcc.a(_arm_fixunssfsi.o)
                0x0000000008019330                __aeabi_f2uiz
                0x0000000008019330                __fixunssfsi
 .text          0x0000000008019370       0x38 /usr/bin/../lib/gcc/arm-none-eabi/4.9.3/armv7-m/libgcc.a(_aeabi_ldivmod.o)
                0x0000000008019370                __aeabi_ldivmod
 .text          0x00000000080193a8       0x30 /usr/bin/../lib/gcc/arm-none-eabi/4.9.3/armv7-m/libgcc.a(_aeabi_uldivmod.o)
                0x00000000080193a8                __aeabi_uldivmod
 .text          0x00000000080193d8       0x28 /usr/bin/../lib/gcc/arm-none-eabi/4.9.3/armv7-m/libgcc.a(_popcountsi2.o)
                0x00000000080193d8                __popcountsi2
 .text          0x0000000008019400       0x60 /usr/bin/../lib/gcc/arm-none-eabi/4.9.3/armv7-m/libgcc.a(bpabi.o)
                0x0000000008019400                __gnu_ldivmod_helper
                0x0000000008019430                __gnu_uldivmod_helper
 .text          0x0000000008019460        0x4 /usr/bin/../lib/gcc/arm-none-eabi/4.9.3/armv7-m/libgcc.a(_dvmd_tls.o)
                0x0000000008019460                __aeabi_ldiv0
                0x0000000008019460                __aeabi_idiv0
 .text          0x0000000008019464      0x2ac /usr/bin/../lib/gcc/arm-none-eabi/4.9.3/armv7-m/libgcc.a(_divdi3.o)
                0x0000000008019464                __divdi3
 .text          0x0000000008019710      0x270 /usr/bin/../lib/gcc/arm-none-eabi/4.9.3/armv7-m/libgcc.a(_udivdi3.o)
                0x0000000008019710                __udivdi3
 .text          0x0000000008019980      0x110 /usr/bin/../lib/gcc/arm-none-eabi/4.9.3/armv7-m/libgcc.a(_arm_cmpdf2.o)
                0x0000000008019980                __gtdf2
                0x0000000008019980                __gedf2
                0x0000000008019988                __ltdf2
                0x0000000008019988                __ledf2
                0x0000000008019990                __cmpdf2
                0x0000000008019990                __eqdf2
                0x0000000008019990                __nedf2
                0x0000000008019a0c                __aeabi_cdrcmple
                0x0000000008019a1c                __aeabi_cdcmple
                0x0000000008019a1c                __aeabi_cdcmpeq
                0x0000000008019a2c                __aeabi_dcmpeq
                0x0000000008019a40                __aeabi_dcmplt
                0x0000000008019a54                __aeabi_dcmple
                0x0000000008019a68                __aeabi_dcmpge
                0x0000000008019a7c                __aeabi_dcmpgt
 *(.text*)
 .text.Reset_Handler
                0x0000000008019a90       0xb8 obj/main/NAZE/startup_stm32f10x_md_gcc.o
                0x0000000008019a90                Reset_Handler
 .text.Default_Handler
                0x0000000008019b48        0x2 obj/main/NAZE/startup_stm32f10x_md_gcc.o
                0x0000000008019b48                DebugMon_Handler
                0x0000000008019b48                PVD_IRQHandler
                0x0000000008019b48                PendSV_Handler
                0x0000000008019b48                NMI_Handler
                0x0000000008019b48                I2C2_EV_IRQHandler
                0x0000000008019b48                UsageFault_Handler
                0x0000000008019b48                ADC1_2_IRQHandler
                0x0000000008019b48                SPI1_IRQHandler
                0x0000000008019b48                TAMPER_IRQHandler
                0x0000000008019b48                USART3_IRQHandler
                0x0000000008019b48                RTC_IRQHandler
                0x0000000008019b48                CAN1_RX1_IRQHandler
                0x0000000008019b48                I2C1_EV_IRQHandler
                0x0000000008019b48                RCC_IRQHandler
                0x0000000008019b48                TIM1_TRG_COM_IRQHandler
                0x0000000008019b48                Default_Handler
                0x0000000008019b48                SPI2_IRQHandler
                0x0000000008019b48                MemManage_Handler
                0x0000000008019b48                SVC_Handler
                0x0000000008019b48                USB_LP_CAN1_RX0_IRQHandler
                0x0000000008019b48                USB_HP_CAN1_TX_IRQHandler
                0x0000000008019b48                WWDG_IRQHandler
                0x0000000008019b48                TIM1_BRK_IRQHandler
                0x0000000008019b48                RTCAlarm_IRQHandler
                0x0000000008019b48                I2C2_ER_IRQHandler
                0x0000000008019b48                CAN1_SCE_IRQHandler
                0x0000000008019b48                FLASH_IRQHandler
                0x0000000008019b48                BusFault_Handler
                0x0000000008019b48                I2C1_ER_IRQHandler
                0x0000000008019b48                USBWakeUp_IRQHandler
 *fill*         0x0000000008019b4a        0x2 
 .text.startup  0x0000000008019b4c      0x168 /tmp/cchgoa6E.ltrans18.ltrans.o
                0x0000000008019b4c                main
 .text.memcmp   0x0000000008019cb4       0x20 /usr/bin/../lib/gcc/arm-none-eabi/4.9.3/../../../../arm-none-eabi/lib/armv7-m/libg_nano.a(lib_a-memcmp.o)
                0x0000000008019cb4                memcmp
 .text.memcpy   0x0000000008019cd4       0x16 /usr/bin/../lib/gcc/arm-none-eabi/4.9.3/../../../../arm-none-eabi/lib/armv7-m/libg_nano.a(lib_a-memcpy.o)
                0x0000000008019cd4                memcpy
 .text.memmove  0x0000000008019cea       0x36 /usr/bin/../lib/gcc/arm-none-eabi/4.9.3/../../../../arm-none-eabi/lib/armv7-m/libg_nano.a(lib_a-memmove.o)
                0x0000000008019cea                memmove
 .text.memset   0x0000000008019d20       0x10 /usr/bin/../lib/gcc/arm-none-eabi/4.9.3/../../../../arm-none-eabi/lib/armv7-m/libg_nano.a(lib_a-memset.o)
                0x0000000008019d20                memset
 .text.strcat   0x0000000008019d30       0x1e /usr/bin/../lib/gcc/arm-none-eabi/4.9.3/../../../../arm-none-eabi/lib/armv7-m/libg_nano.a(lib_a-strcat.o)
                0x0000000008019d30                strcat
 .text.strchr   0x0000000008019d4e       0x1c /usr/bin/../lib/gcc/arm-none-eabi/4.9.3/../../../../arm-none-eabi/lib/armv7-m/libg_nano.a(lib_a-strchr.o)
                0x0000000008019d4e                strchr
 .text.strcpy   0x0000000008019d6a       0x10 /usr/bin/../lib/gcc/arm-none-eabi/4.9.3/../../../../arm-none-eabi/lib/armv7-m/libg_nano.a(lib_a-strcpy.o)
                0x0000000008019d6a                strcpy
 .text.strlen   0x0000000008019d7a       0x10 /usr/bin/../lib/gcc/arm-none-eabi/4.9.3/../../../../arm-none-eabi/lib/armv7-m/libg_nano.a(lib_a-strlen.o)
                0x0000000008019d7a                strlen
 .text.strncmp  0x0000000008019d8a       0x32 /usr/bin/../lib/gcc/arm-none-eabi/4.9.3/../../../../arm-none-eabi/lib/armv7-m/libg_nano.a(lib_a-strncmp.o)
                0x0000000008019d8a                strncmp
 .text.strncpy  0x0000000008019dbc       0x24 /usr/bin/../lib/gcc/arm-none-eabi/4.9.3/../../../../arm-none-eabi/lib/armv7-m/libg_nano.a(lib_a-strncpy.o)
                0x0000000008019dbc                strncpy
 .text.strspn   0x0000000008019de0       0x1e /usr/bin/../lib/gcc/arm-none-eabi/4.9.3/../../../../arm-none-eabi/lib/armv7-m/libg_nano.a(lib_a-strspn.o)
                0x0000000008019de0                strspn
 .text.strstr   0x0000000008019dfe       0x30 /usr/bin/../lib/gcc/arm-none-eabi/4.9.3/../../../../arm-none-eabi/lib/armv7-m/libg_nano.a(lib_a-strstr.o)
                0x0000000008019dfe                strstr
 *fill*         0x0000000008019e2e        0x2 
 .text.__fpclassifyf
                0x0000000008019e30       0x34 /usr/bin/../lib/gcc/arm-none-eabi/4.9.3/../../../../arm-none-eabi/lib/armv7-m/libm.a(lib_a-sf_fpclassify.o)
                0x0000000008019e30                __fpclassifyf
 .text.strtok   0x0000000008019e64       0x64 /usr/bin/../lib/gcc/arm-none-eabi/4.9.3/../../../../arm-none-eabi/lib/armv7-m/libc_nano.a(lib_a-strtok.o)
                0x0000000008019e64                strtok
 .text.__strtok_r
                0x0000000008019ec8       0x56 /usr/bin/../lib/gcc/arm-none-eabi/4.9.3/../../../../arm-none-eabi/lib/armv7-m/libc_nano.a(lib_a-strtok_r.o)
                0x0000000008019ec8                __strtok_r
 .text.strtok_r
                0x0000000008019f1e        0x6 /usr/bin/../lib/gcc/arm-none-eabi/4.9.3/../../../../arm-none-eabi/lib/armv7-m/libc_nano.a(lib_a-strtok_r.o)
                0x0000000008019f1e                strtok_r
 .text.malloc   0x0000000008019f24       0x10 /usr/bin/../lib/gcc/arm-none-eabi/4.9.3/../../../../arm-none-eabi/lib/armv7-m/libc_nano.a(lib_a-malloc.o)
                0x0000000008019f24                malloc
 .text._malloc_r
                0x0000000008019f34       0xac /usr/bin/../lib/gcc/arm-none-eabi/4.9.3/../../../../arm-none-eabi/lib/armv7-m/libc_nano.a(lib_a-nano-mallocr.o)
                0x0000000008019f34                _malloc_r
 .text._sbrk_r  0x0000000008019fe0       0x20 /usr/bin/../lib/gcc/arm-none-eabi/4.9.3/../../../../arm-none-eabi/lib/armv7-m/libc_nano.a(lib_a-sbrkr.o)
                0x0000000008019fe0                _sbrk_r
 .text._sbrk    0x000000000801a000       0x1c /usr/bin/../lib/gcc/arm-none-eabi/4.9.3/../../../../arm-none-eabi/lib/armv7-m/libnosys.a(sbrk.o)
                0x000000000801a000                _sbrk
 .text.lrintf   0x000000000801a01c       0x78 /usr/bin/../lib/gcc/arm-none-eabi/4.9.3/../../../../arm-none-eabi/lib/armv7-m/libm.a(lib_a-sf_lrint.o)
                0x000000000801a01c                lrintf
 .text.powf     0x000000000801a094      0x314 /usr/bin/../lib/gcc/arm-none-eabi/4.9.3/../../../../arm-none-eabi/lib/armv7-m/libm.a(lib_a-wf_pow.o)
                0x000000000801a094                powf
 .text.sqrtf    0x000000000801a3a8       0x9c /usr/bin/../lib/gcc/arm-none-eabi/4.9.3/../../../../arm-none-eabi/lib/armv7-m/libm.a(lib_a-wf_sqrt.o)
                0x000000000801a3a8                sqrtf
 .text.__ieee754_powf
                0x000000000801a444      0x6ec /usr/bin/../lib/gcc/arm-none-eabi/4.9.3/../../../../arm-none-eabi/lib/armv7-m/libm.a(lib_a-ef_pow.o)
                0x000000000801a444                __ieee754_powf
 .text.__ieee754_sqrtf
                0x000000000801ab30       0xa8 /usr/bin/../lib/gcc/arm-none-eabi/4.9.3/../../../../arm-none-eabi/lib/armv7-m/libm.a(lib_a-ef_sqrt.o)
                0x000000000801ab30                __ieee754_sqrtf
 .text.matherr  0x000000000801abd8        0x4 /usr/bin/../lib/gcc/arm-none-eabi/4.9.3/../../../../arm-none-eabi/lib/armv7-m/libm.a(lib_a-s_matherr.o)
                0x000000000801abd8                matherr
 .text.rint     0x000000000801abdc      0x11c /usr/bin/../lib/gcc/arm-none-eabi/4.9.3/../../../../arm-none-eabi/lib/armv7-m/libm.a(lib_a-s_rint.o)
                0x000000000801abdc                rint
 .text.fabsf    0x000000000801acf8        0x8 /usr/bin/../lib/gcc/arm-none-eabi/4.9.3/../../../../arm-none-eabi/lib/armv7-m/libm.a(lib_a-sf_fabs.o)
                0x000000000801acf8                fabsf
 .text.finitef  0x000000000801ad00       0x10 /usr/bin/../lib/gcc/arm-none-eabi/4.9.3/../../../../arm-none-eabi/lib/armv7-m/libm.a(lib_a-sf_finite.o)
                0x000000000801ad00                finitef
 .text.nanf     0x000000000801ad10        0x8 /usr/bin/../lib/gcc/arm-none-eabi/4.9.3/../../../../arm-none-eabi/lib/armv7-m/libm.a(lib_a-sf_nan.o)
                0x000000000801ad10                nanf
 .text.scalbnf  0x000000000801ad18       0xb0 /usr/bin/../lib/gcc/arm-none-eabi/4.9.3/../../../../arm-none-eabi/lib/armv7-m/libm.a(lib_a-sf_scalbn.o)
                0x000000000801ad18                scalbnf
 .text.copysignf
                0x000000000801adc8        0xc /usr/bin/../lib/gcc/arm-none-eabi/4.9.3/../../../../arm-none-eabi/lib/armv7-m/libm.a(lib_a-sf_copysign.o)
                0x000000000801adc8                copysignf
 .text.__errno  0x000000000801add4        0xc /usr/bin/../lib/gcc/arm-none-eabi/4.9.3/../../../../arm-none-eabi/lib/armv7-m/libc_nano.a(lib_a-errno.o)
                0x000000000801add4                __errno
 *(.rodata)
 .rodata        0x000000000801ade0      0x136 /tmp/cchgoa6E.ltrans0.ltrans.o
                0x000000000801ade0                ioDefUsedMask.lto_priv.440
                0x000000000801adf8                leds.lto_priv.439
                0x000000000801ae04                servoMixers
                0x000000000801aee9                servoMixerAirplane.lto_priv.428
                0x000000000801af01                servoMixerFlyingWing.lto_priv.427
                0x000000000801af11                servoMixerTri.lto_priv.426
                0x000000000801af15                ledOffset.lto_priv.438
 *fill*         0x000000000801af16        0x2 
 .rodata        0x000000000801af18      0x420 /tmp/cchgoa6E.ltrans1.ltrans.o
 .rodata        0x000000000801b338       0xf3 /tmp/cchgoa6E.ltrans2.ltrans.o
                0x000000000801b338                cmdTable
 *fill*         0x000000000801b42b        0x1 
 .rodata        0x000000000801b42c      0x1c8 /tmp/cchgoa6E.ltrans3.ltrans.o
                0x000000000801b45c                boxes.lto_priv.215
                0x000000000801b5e8                shortGitRevision
                0x000000000801b5ec                buildTime
                0x000000000801b5f0                buildDate
 .rodata        0x000000000801b5f4       0x3c /tmp/cchgoa6E.ltrans4.ltrans.o
 .rodata        0x000000000801b630       0x40 /tmp/cchgoa6E.ltrans5.ltrans.o
 .rodata        0x000000000801b670       0x18 /tmp/cchgoa6E.ltrans6.ltrans.o
 .rodata        0x000000000801b688        0x8 /tmp/cchgoa6E.ltrans7.ltrans.o
 .rodata        0x000000000801b690       0x38 /tmp/cchgoa6E.ltrans8.ltrans.o
 .rodata        0x000000000801b6c8      0x537 /tmp/cchgoa6E.ltrans9.ltrans.o
                0x000000000801b6d4                navFSM.lto_priv.319
                0x000000000801bb9c                beep_launchModeBeep.lto_priv.399
                0x000000000801bba1                beep_armedBeep.lto_priv.398
                0x000000000801bba6                beep_disarmRepeatBeep.lto_priv.397
                0x000000000801bbaa                beep_readyBeep.lto_priv.396
                0x000000000801bbb9                beep_2longerBeeps.lto_priv.395
                0x000000000801bbbe                beep_2shortBeeps.lto_priv.394
                0x000000000801bbc3                beep_shortBeep.lto_priv.393
                0x000000000801bbc6                beep_lowBatteryBeep.lto_priv.392
                0x000000000801bbc9                beep_critBatteryBeep.lto_priv.391
                0x000000000801bbcc                beep_armedGpsFix.lto_priv.390
                0x000000000801bbd5                beep_armingBeep.lto_priv.389
                0x000000000801bbda                beep_disarmBeep.lto_priv.388
                0x000000000801bbdf                beep_sos.lto_priv.387
                0x000000000801bbf2                beep_txLostBeep.lto_priv.386
                0x000000000801bbf5                beep_hardwareFailure.lto_priv.385
                0x000000000801bbf8                beep_runtimeCalibrationDone.lto_priv.384
 *fill*         0x000000000801bbff        0x1 
 .rodata        0x000000000801bc00      0x228 /tmp/cchgoa6E.ltrans10.ltrans.o
                0x000000000801bc60                cliValueMinMaxTable
                0x000000000801bd50                cliLookupTables
 .rodata        0x000000000801be28       0x2c /tmp/cchgoa6E.ltrans11.ltrans.o
 .rodata        0x000000000801be54        0x3 /tmp/cchgoa6E.ltrans13.ltrans.o
 *fill*         0x000000000801be57        0x1 
 .rodata        0x000000000801be58        0xa /tmp/cchgoa6E.ltrans17.ltrans.o
 *fill*         0x000000000801be62        0x2 
 .rodata        0x000000000801be64       0xf8 /tmp/cchgoa6E.ltrans20.ltrans.o
                0x000000000801be78                mixerNames.lto_priv.414
                0x000000000801bee0                featureNames.lto_priv.425
 .rodata        0x000000000801bf5c      0xc84 /tmp/cchgoa6E.ltrans21.ltrans.o
                0x000000000801bf5c                failsafeProcedureLogic.lto_priv.350
                0x000000000801bf70                cliValueTable
 .rodata        0x000000000801cbe0       0x28 /tmp/cchgoa6E.ltrans22.ltrans.o
 .rodata        0x000000000801cc08       0x4c /tmp/cchgoa6E.ltrans25.ltrans.o
                0x000000000801cc10                baudRates
 .rodata        0x000000000801cc54       0x48 /tmp/cchgoa6E.ltrans28.ltrans.o
                0x000000000801cc54                gpsProviders.lto_priv.264
 *(.rodata*)
 .rodata.timerDefinitions
                0x000000000801cc9c       0x20 /tmp/cchgoa6E.ltrans0.ltrans.o
                0x000000000801cc9c                timerDefinitions
 .rodata.str1.1
                0x000000000801ccbc      0x1b9 /tmp/cchgoa6E.ltrans1.ltrans.o
                                        0x1c1 (size before relaxing)
 .rodata.str1.1
                0x000000000801ce75       0xcb /tmp/cchgoa6E.ltrans2.ltrans.o
                                         0xf1 (size before relaxing)
 .rodata.str1.1
                0x000000000801cf40      0x183 /tmp/cchgoa6E.ltrans3.ltrans.o
 .rodata.str1.1
                0x000000000801d0c3      0x2cf /tmp/cchgoa6E.ltrans6.ltrans.o
                                        0x31b (size before relaxing)
 *fill*         0x000000000801d392        0x2 
 .rodata.beeperTable
                0x000000000801d394      0x108 /tmp/cchgoa6E.ltrans9.ltrans.o
                0x000000000801d394                beeperTable
 .rodata.str1.1
                0x000000000801d49c       0xe9 /tmp/cchgoa6E.ltrans9.ltrans.o
                                         0xf0 (size before relaxing)
 .rodata.str1.1
                0x000000000801d585      0x5be /tmp/cchgoa6E.ltrans10.ltrans.o
                                        0x5f0 (size before relaxing)
 .rodata.str1.1
                0x000000000801db43       0xaa /tmp/cchgoa6E.ltrans11.ltrans.o
 .rodata.ioPortDefs
                0x000000000801dbed        0x7 /tmp/cchgoa6E.ltrans13.ltrans.o
 .rodata.str1.1
                0x000000000801dbf4       0x92 /tmp/cchgoa6E.ltrans14.ltrans.o
                                         0xcf (size before relaxing)
 .rodata.str1.1
                0x000000000801dc86      0x137 /tmp/cchgoa6E.ltrans15.ltrans.o
                                        0x191 (size before relaxing)
 *fill*         0x000000000801ddbd        0x3 
 .rodata.timerHardware
                0x000000000801ddc0       0xa8 /tmp/cchgoa6E.ltrans16.ltrans.o
                0x000000000801ddc0                timerHardware
 .rodata.str1.1
                0x000000000801de68       0x25 /tmp/cchgoa6E.ltrans18.ltrans.o
                                         0x27 (size before relaxing)
 .rodata.str1.1
                0x000000000801de8d      0x25a /tmp/cchgoa6E.ltrans20.ltrans.o
                                        0x2ba (size before relaxing)
 .rodata.str1.1
                0x000000000801e0e7      0x4be /tmp/cchgoa6E.ltrans21.ltrans.o
                                        0x5da (size before relaxing)
 *fill*         0x000000000801e5a5        0x1 
 .rodata.cliValuePgn
                0x000000000801e5a6       0x36 /tmp/cchgoa6E.ltrans21.ltrans.o
 .rodata.str1.1
                0x000000000801e5dc       0x1e /tmp/cchgoa6E.ltrans23.ltrans.o
 .rodata.serialPortIdentifiers
                0x000000000801e5fa        0x4 /tmp/cchgoa6E.ltrans25.ltrans.o
                0x000000000801e5fa                serialPortIdentifiers
 .rodata.rcChannelLetters
                0x000000000801e5fe       0x15 /tmp/cchgoa6E.ltrans25.ltrans.o
                0x000000000801e5fe                rcChannelLetters
 .rodata.str1.1
                0x000000000801e613       0x1a /tmp/cchgoa6E.ltrans25.ltrans.o
                                         0x3c (size before relaxing)
 .rodata.str1.1
                0x0000000000000000        0x0 /usr/bin/../lib/gcc/arm-none-eabi/4.9.3/../../../../arm-none-eabi/lib/armv7-m/libc_nano.a(lib_a-impure.o)
                                          0x2 (size before relaxing)
 *fill*         0x000000000801e62d        0x3 
 .rodata.TWO23  0x000000000801e630        0x8 /usr/bin/../lib/gcc/arm-none-eabi/4.9.3/../../../../arm-none-eabi/lib/armv7-m/libm.a(lib_a-sf_lrint.o)
 .rodata.str1.4
                0x000000000801e638        0x5 /usr/bin/../lib/gcc/arm-none-eabi/4.9.3/../../../../arm-none-eabi/lib/armv7-m/libm.a(lib_a-wf_pow.o)
 *fill*         0x000000000801e63d        0x3 
 .rodata.str1.4
                0x000000000801e640        0x6 /usr/bin/../lib/gcc/arm-none-eabi/4.9.3/../../../../arm-none-eabi/lib/armv7-m/libm.a(lib_a-wf_sqrt.o)
 *fill*         0x000000000801e646        0x2 
 .rodata.dp_h   0x000000000801e648        0x8 /usr/bin/../lib/gcc/arm-none-eabi/4.9.3/../../../../arm-none-eabi/lib/armv7-m/libm.a(lib_a-ef_pow.o)
 .rodata.dp_l   0x000000000801e650        0x8 /usr/bin/../lib/gcc/arm-none-eabi/4.9.3/../../../../arm-none-eabi/lib/armv7-m/libm.a(lib_a-ef_pow.o)
 .rodata.bp     0x000000000801e658        0x8 /usr/bin/../lib/gcc/arm-none-eabi/4.9.3/../../../../arm-none-eabi/lib/armv7-m/libm.a(lib_a-ef_pow.o)
 .rodata.str1.4
                0x0000000000000000        0x8 /usr/bin/../lib/gcc/arm-none-eabi/4.9.3/../../../../arm-none-eabi/lib/armv7-m/libm.a(lib_a-ef_pow.o)
                                          0x1 (size before relaxing)
 .rodata.TWO52  0x000000000801e660       0x10 /usr/bin/../lib/gcc/arm-none-eabi/4.9.3/../../../../arm-none-eabi/lib/armv7-m/libm.a(lib_a-s_rint.o)
 *(.glue_7)
 .glue_7        0x0000000000000000        0x0 linker stubs
 *(.glue_7t)
 .glue_7t       0x0000000000000000        0x0 linker stubs
 *(.eh_frame)
 *(.init)
 *(.fini)
                0x000000000801e670                . = ALIGN (0x4)
                0x000000000801e670                _etext = .

.vfp11_veneer   0x000000000801e670        0x0
 .vfp11_veneer  0x0000000000000000        0x0 linker stubs

.v4_bx          0x000000000801e670        0x0
 .v4_bx         0x0000000000000000        0x0 linker stubs

.iplt           0x000000000801e670        0x0
 .iplt          0x0000000000000000        0x0 obj/main/NAZE/startup_stm32f10x_md_gcc.o

.ARM.extab
 *(.ARM.extab* .gnu.linkonce.armextab.*)

.ARM            0x000000000801e670        0x8
                0x000000000801e670                __exidx_start = .
 *(.ARM.exidx*)
 .ARM.exidx     0x000000000801e670        0x8 /usr/bin/../lib/gcc/arm-none-eabi/4.9.3/armv7-m/libgcc.a(_divdi3.o)
 .ARM.exidx     0x000000000801e678        0x0 /usr/bin/../lib/gcc/arm-none-eabi/4.9.3/armv7-m/libgcc.a(_udivdi3.o)
                                          0x8 (size before relaxing)
                0x000000000801e678                __exidx_end = .

.preinit_array  0x000000000801e678        0x0
                0x000000000801e678                PROVIDE (__preinit_array_start, .)
 *(.preinit_array*)
                0x000000000801e678                PROVIDE (__preinit_array_end, .)

.init_array     0x000000000801e678        0x0
                0x000000000801e678                PROVIDE (__init_array_start, .)
 *(SORT(.init_array.*))
 *(.init_array*)
                0x000000000801e678                PROVIDE (__init_array_end, .)

.fini_array     0x000000000801e678        0x0
                0x000000000801e678                PROVIDE (__fini_array_start, .)
 *(.fini_array*)
 *(SORT(.fini_array.*))
                0x000000000801e678                PROVIDE (__fini_array_end, .)

.pg_registry    0x000000000801e678      0x2d0
                0x000000000801e678                PROVIDE (__pg_registry_start, .)
 *(.pg_registry)
 .pg_registry   0x000000000801e678       0x28 /tmp/cchgoa6E.ltrans0.ltrans.o
                0x000000000801e678                customMotorMixer_Registry
                0x000000000801e68c                adcChannelConfig_Registry
 .pg_registry   0x000000000801e6a0       0x14 /tmp/cchgoa6E.ltrans1.ltrans.o
                0x000000000801e6a0                gimbalConfig_Registry
 .pg_registry   0x000000000801e6b4       0xdc /tmp/cchgoa6E.ltrans3.ltrans.o
                0x000000000801e6b4                systemConfig_Registry
                0x000000000801e6c8                featureConfig_Registry
                0x000000000801e6dc                positionEstimationConfig_Registry
                0x000000000801e6f0                barometerConfig_Registry
                0x000000000801e704                servoConfig_Registry
                0x000000000801e718                blackboxConfig_Registry
                0x000000000801e72c                compassConfig_Registry
                0x000000000801e740                gpsConfig_Registry
                0x000000000801e754                adjustmentRanges_Registry
                0x000000000801e768                gyroConfig_Registry
                0x000000000801e77c                armingConfig_Registry
 .pg_registry   0x000000000801e790       0x14 /tmp/cchgoa6E.ltrans4.ltrans.o
                0x000000000801e790                modeActivationOperatorConfig_Registry
 .pg_registry   0x000000000801e7a4       0x14 /tmp/cchgoa6E.ltrans5.ltrans.o
                0x000000000801e7a4                pidAutotuneConfig_Registry
 .pg_registry   0x000000000801e7b8       0x14 /tmp/cchgoa6E.ltrans7.ltrans.o
                0x000000000801e7b8                telemetryConfig_Registry
 .pg_registry   0x000000000801e7cc       0x3c /tmp/cchgoa6E.ltrans8.ltrans.o
                0x000000000801e7cc                boardAlignment_Registry
                0x000000000801e7e0                serialConfig_Registry
                0x000000000801e7f4                navConfig_Registry
 .pg_registry   0x000000000801e808       0x78 /tmp/cchgoa6E.ltrans9.ltrans.o
                0x000000000801e808                mixerConfig_Registry
                0x000000000801e81c                motorConfig_Registry
                0x000000000801e830                flight3DConfig_Registry
                0x000000000801e844                pidProfile_Registry
                0x000000000801e858                servoParams_Registry
                0x000000000801e86c                customServoMixers_Registry
 .pg_registry   0x000000000801e880       0x14 /tmp/cchgoa6E.ltrans17.ltrans.o
                0x000000000801e880                controlRateProfiles_Registry
 .pg_registry   0x000000000801e894       0x14 /tmp/cchgoa6E.ltrans20.ltrans.o
                0x000000000801e894                imuConfig_Registry
 .pg_registry   0x000000000801e8a8       0x3c /tmp/cchgoa6E.ltrans21.ltrans.o
                0x000000000801e8a8                rcControlsConfig_Registry
                0x000000000801e8bc                modeActivationConditions_Registry
                0x000000000801e8d0                failsafeConfig_Registry
 .pg_registry   0x000000000801e8e4       0x64 /tmp/cchgoa6E.ltrans25.ltrans.o
                0x000000000801e8e4                beeperConfig_Registry
                0x000000000801e8f8                rxChannelRangeConfigs_Registry
                0x000000000801e90c                rxConfig_Registry
                0x000000000801e920                accelerometerConfig_Registry
                0x000000000801e934                batteryConfig_Registry
 *(SORT(.pg_registry.*))
                0x000000000801e948                PROVIDE (__pg_registry_end, .)

.pg_resetdata   0x000000000801e948      0x1ca
                0x000000000801e948                PROVIDE (__pg_resetdata_start, .)
 *(.pg_resetdata)
 .pg_resetdata  0x000000000801e948        0x4 /tmp/cchgoa6E.ltrans0.ltrans.o
                0x000000000801e948                pgResetTemplate_adcChannelConfig
 .pg_resetdata  0x000000000801e94c       0x8f /tmp/cchgoa6E.ltrans3.ltrans.o
                0x000000000801e94c                pgResetTemplate_systemConfig
                0x000000000801e968                pgResetTemplate_featureConfig
                0x000000000801e96c                pgResetTemplate_positionEstimationConfig
                0x000000000801e9a4                pgResetTemplate_barometerConfig
                0x000000000801e9a6                pgResetTemplate_servoConfig
                0x000000000801e9b0                pgResetTemplate_blackboxConfig
                0x000000000801e9b4                pgResetTemplate_compassConfig
                0x000000000801e9c0                pgResetTemplate_gpsConfig
                0x000000000801e9c6                pgResetTemplate_gyroConfig
                0x000000000801e9d8                pgResetTemplate_armingConfig
 *fill*         0x000000000801e9db        0x1 
 .pg_resetdata  0x000000000801e9dc        0x8 /tmp/cchgoa6E.ltrans5.ltrans.o
                0x000000000801e9dc                pgResetTemplate_pidAutotuneConfig
 .pg_resetdata  0x000000000801e9e4       0x14 /tmp/cchgoa6E.ltrans7.ltrans.o
                0x000000000801e9e4                pgResetTemplate_telemetryConfig
 .pg_resetdata  0x000000000801e9f8       0x4c /tmp/cchgoa6E.ltrans8.ltrans.o
                0x000000000801e9f8                pgResetTemplate_navConfig
 .pg_resetdata  0x000000000801ea44       0x7c /tmp/cchgoa6E.ltrans9.ltrans.o
                0x000000000801ea44                pgResetTemplate_mixerConfig
                0x000000000801ea48                pgResetTemplate_motorConfig
                0x000000000801ea52                pgResetTemplate_flight3DConfig
                0x000000000801ea58                pgResetTemplate_pidProfile
 .pg_resetdata  0x000000000801eac0        0xa /tmp/cchgoa6E.ltrans20.ltrans.o
                0x000000000801eac0                pgResetTemplate_imuConfig
 .pg_resetdata  0x000000000801eaca       0x16 /tmp/cchgoa6E.ltrans21.ltrans.o
                0x000000000801eaca                pgResetTemplate_rcControlsConfig
                0x000000000801ead0                pgResetTemplate_failsafeConfig
 .pg_resetdata  0x000000000801eae0       0x32 /tmp/cchgoa6E.ltrans25.ltrans.o
                0x000000000801eae0                pgResetTemplate_rxConfig
                0x000000000801eb04                pgResetTemplate_batteryConfig
                0x000000000801eb12                PROVIDE (__pg_resetdata_end, .)
                0x000000000801eb12                _sidata = .

.rel.dyn        0x000000000801eb14        0x0
 .rel.iplt      0x0000000000000000        0x0 obj/main/NAZE/startup_stm32f10x_md_gcc.o

.data           0x0000000020000000      0x58c load address 0x000000000801eb12
                0x0000000020000000                . = ALIGN (0x4)
                0x0000000020000000                _sdata = .
 *(.data)
 .data          0x0000000020000000       0x18 /tmp/cchgoa6E.ltrans0.ltrans.o
                0x0000000020000000                ppmCountDivisor.lto_priv.435
 .data          0x0000000020000018        0x8 /tmp/cchgoa6E.ltrans1.ltrans.o
                0x0000000020000018                altHoldThrottleRCZero.lto_priv.459
 .data          0x0000000020000020       0x10 /tmp/cchgoa6E.ltrans3.ltrans.o
                0x0000000020000020                geometry.lto_priv.216
 .data          0x0000000020000030        0x2 /tmp/cchgoa6E.ltrans4.ltrans.o
                0x0000000020000030                rxIsInFailsafeMode.lto_priv.334
                0x0000000020000031                rxIsInFailsafeModeNotDataDriven.lto_priv.332
 *fill*         0x0000000020000032        0x2 
 .data          0x0000000020000034       0xc4 /tmp/cchgoa6E.ltrans5.ltrans.o
 .data          0x00000000200000f8       0x14 /tmp/cchgoa6E.ltrans6.ltrans.o
 .data          0x000000002000010c        0x4 /tmp/cchgoa6E.ltrans7.ltrans.o
 .data          0x0000000020000110        0x5 /tmp/cchgoa6E.ltrans8.ltrans.o
                0x0000000020000110                hse_value
 *fill*         0x0000000020000115        0x3 
 .data          0x0000000020000118      0x1a8 /tmp/cchgoa6E.ltrans10.ltrans.o
                0x0000000020000118                table_serial_rx
                0x0000000020000140                table_reset_altitude
                0x000000002000014c                table_off_on
                0x0000000020000154                table_nav_user_control_mode
                0x000000002000015c                table_nav_rth_alt_mode
                0x0000000020000170                table_motor_pwm_protocol
                0x0000000020000184                table_ltm_rates
                0x0000000020000190                table_i2c_speed
                0x00000000200001a0                table_gyro_lpf
                0x00000000200001b8                table_gps_sbas_mode
                0x00000000200001d0                table_gps_provider
                0x00000000200001e8                table_gps_dyn_model
                0x00000000200001f4                table_gimbal_mode
                0x00000000200001fc                table_frsky_unit
                0x0000000020000204                table_failsafe_procedure
                0x0000000020000214                table_debug_modes
                0x0000000020000234                table_current_sensor
                0x0000000020000240                table_blackbox_device
                0x000000002000024c                table_aux_operator
                0x0000000020000254                table_alignment
                0x0000000020000278                table_baro_hardware
                0x0000000020000294                table_acc_hardware
 .data          0x00000000200002c0       0x30 /tmp/cchgoa6E.ltrans16.ltrans.o
                0x00000000200002c0                spiHardwareMap.lto_priv.294
                0x00000000200002e0                i2cHardwareMap.lto_priv.308
 .data          0x00000000200002f0       0x1f /tmp/cchgoa6E.ltrans19.ltrans.o
 *fill*         0x000000002000030f        0x1 
 .data          0x0000000020000310        0x5 /tmp/cchgoa6E.ltrans21.ltrans.o
                0x0000000020000314                isUsingSticksToArm.lto_priv.318
 *fill*         0x0000000020000315        0x3 
 .data          0x0000000020000318      0x1f8 /tmp/cchgoa6E.ltrans25.ltrans.o
                0x0000000020000318                cfTasks
 *(.data*)
 .data.gpsToSerialBaudRate
                0x0000000020000510        0x5 /tmp/cchgoa6E.ltrans0.ltrans.o
                0x0000000020000510                gpsToSerialBaudRate
 *fill*         0x0000000020000515        0x3 
 .data.SystemCoreClock
                0x0000000020000518        0x4 /tmp/cchgoa6E.ltrans0.ltrans.o
                0x0000000020000518                SystemCoreClock
 .data.requestedSensors
                0x000000002000051c        0x6 /tmp/cchgoa6E.ltrans8.ltrans.o
                0x000000002000051c                requestedSensors
 .data.batteryCellCount
                0x0000000020000522        0x1 /tmp/cchgoa6E.ltrans9.ltrans.o
                0x0000000020000522                batteryCellCount
 *fill*         0x0000000020000523        0x1 
 .data.impure_data
                0x0000000020000524       0x60 /usr/bin/../lib/gcc/arm-none-eabi/4.9.3/../../../../arm-none-eabi/lib/armv7-m/libc_nano.a(lib_a-impure.o)
 .data._impure_ptr
                0x0000000020000584        0x4 /usr/bin/../lib/gcc/arm-none-eabi/4.9.3/../../../../arm-none-eabi/lib/armv7-m/libc_nano.a(lib_a-impure.o)
                0x0000000020000584                _impure_ptr
 .data.__fdlib_version
                0x0000000020000588        0x1 /usr/bin/../lib/gcc/arm-none-eabi/4.9.3/../../../../arm-none-eabi/lib/armv7-m/libm.a(lib_a-s_lib_ver.o)
                0x0000000020000588                __fdlib_version
                0x000000002000058c                . = ALIGN (0x4)
 *fill*         0x0000000020000589        0x3 
                0x000000002000058c                _edata = .

.igot.plt       0x000000002000058c        0x0 load address 0x000000000801f09e
 .igot.plt      0x0000000000000000        0x0 obj/main/NAZE/startup_stm32f10x_md_gcc.o
                0x000000002000058c                . = ALIGN (0x4)

.bss            0x0000000020000590     0x3c84 load address 0x000000000801f09e
                0x0000000020000590                _sbss = .
                0x0000000020000590                __bss_start__ = _sbss
 *(.bss)
 .bss           0x0000000020000590      0x771 /tmp/cchgoa6E.ltrans0.ltrans.o
                0x0000000020000590                ioRecs
                0x000000002000073c                cachedRccCsrValue
                0x0000000020000748                debugMode
                0x000000002000074c                extiChannelRecs
                0x000000002000078c                extiGroupPriority.lto_priv.499
                0x0000000020000794                timerConfig
                0x0000000020000847                mixerUsesServos.lto_priv.342
                0x0000000020000848                servoOutputEnabled.lto_priv.343
                0x000000002000084c                servoMetadata.lto_priv.344
                0x000000002000088c                inputFilteringMode.lto_priv.434
                0x0000000020000908                ppmDev
                0x0000000020000a44                servos.lto_priv.437
                0x0000000020000a64                customMotorMixer_SystemArray
                0x0000000020000ac4                currentMixer.lto_priv.345
                0x0000000020000b24                motorControlEnable
                0x0000000020000b28                beeperIO.lto_priv.432
                0x0000000020000b2c                beeperInverted.lto_priv.433
                0x0000000020000b34                adcChannelConfig_System
                0x0000000020000b38                adcConfig
                0x0000000020000b58                adcFunctionMap.lto_priv.413
                0x0000000020000b68                adcValues
                0x0000000020000b78                softLpfFilterApplyFn.lto_priv.353
                0x0000000020000bd0                softLpfFilter.lto_priv.354
                0x0000000020000bdc                ms56xx_c.lto_priv.497
                0x0000000020000bf0                bmp280_cal.lto_priv.498
                0x0000000020000c0c                rcSampleIndex.lto_priv.322
                0x0000000020000c10                needRxSignalMaxDelayUs.lto_priv.333
                0x0000000020000c14                rcInvalidPulsPeriod
                0x0000000020000c60                telemetrySharedPort
                0x0000000020000c64                portConfig.lto_priv.262
                0x0000000020000c68                frskyPortSharing.lto_priv.452
                0x0000000020000c6c                portConfig.lto_priv.263
                0x0000000020000c70                ltmPortSharing.lto_priv.447
                0x0000000020000c74                m25p16CsPin.lto_priv.494
                0x0000000020000c78                couldBeBusy.lto_priv.495
                0x0000000020000c7c                tailAddress.lto_priv.474
                0x0000000020000c80                blackboxIFrameInterval.lto_priv.339
                0x0000000020000c84                taskQueuePos.lto_priv.443
                0x0000000020000c8c                customMotorMixer_CopyArray
                0x0000000020000cf0                blackboxSlowFrameIterationTimer.lto_priv.341
                0x0000000020000cf4                xmitState.lto_priv.338
                0x0000000020000cfc                blackboxHeaderBudget
                0x0000000020000d00                blackboxLoggedAnyFrames.lto_priv.340
 *fill*         0x0000000020000d01        0x7 
 .bss           0x0000000020000d08      0x2d3 /tmp/cchgoa6E.ltrans1.ltrans.o
                0x0000000020000dc0                headFreeModeHold
                0x0000000020000dfe                navCurrentState
                0x0000000020000e08                navAccNEU
                0x0000000020000e20                navActualSurface
                0x0000000020000e22                navEPH
                0x0000000020000e24                navEPV
                0x0000000020000e26                navFlags
                0x0000000020000e48                rcCommandAdjustedThrottle.lto_priv.470
                0x0000000020000e60                navTargetPosition
                0x0000000020000e66                navTargetSurface
                0x0000000020000fcc                blackboxPort.lto_priv.376
                0x0000000020000fd0                blackboxMaxHeaderBytesPerIteration.lto_priv.374
                0x0000000020000fd2                blackboxPFrameIndex.lto_priv.372
                0x0000000020000fd4                blackboxIteration.lto_priv.371
                0x0000000020000fd8                blackboxModeActivationConditionPresent.lto_priv.370
                0x0000000020000fd9                blackboxPortSharing.lto_priv.375
 *fill*         0x0000000020000fdb        0x1 
 .bss           0x0000000020000fdc       0xde /tmp/cchgoa6E.ltrans2.ltrans.o
                0x0000000020000fdc                cliWriter.lto_priv.416
                0x0000000020000fe0                cliPort.lto_priv.415
                0x0000000020000fe4                bufferIndex.lto_priv.418
                0x0000000020000fe8                cliBuffer.lto_priv.417
                0x0000000020001028                printfSerialPort.lto_priv.442
                0x00000000200010b8                pidGainsUpdateRequired.lto_priv.316
                0x00000000200010b9                blackboxState.lto_priv.261
 *fill*         0x00000000200010ba        0x2 
 .bss           0x00000000200010bc      0x273 /tmp/cchgoa6E.ltrans3.ltrans.o
                0x00000000200010bc                systemConfig_System
                0x00000000200010d8                calibratingA.lto_priv.214
                0x00000000200010da                calibratedAxis.lto_priv.352
                0x00000000200010e0                gyroDev0.lto_priv.282
                0x0000000020001128                servo
                0x0000000020001138                baro
                0x000000002000115c                mAhDrawn
                0x0000000020001160                rssi
                0x0000000020001164                amperage
                0x0000000020001168                armingConfig_System
                0x000000002000116c                gyroConfig_System
                0x000000002000117e                adjustmentRanges_SystemArray
                0x00000000200011c6                activeBoxIds.lto_priv.198
                0x00000000200011e6                activeBoxIdCount.lto_priv.199
                0x00000000200011e7                gpsConfig_System
                0x00000000200011ee                compassConfig_System
                0x00000000200011fa                GPS_distanceToHome
                0x00000000200011fc                GPS_directionToHome
                0x00000000200011fe                NAV_Status
                0x0000000020001204                debug
                0x000000002000120c                featureConfig_System
                0x0000000020001210                blackboxConfig_System
                0x0000000020001214                servoConfig_System
                0x000000002000121e                barometerConfig_System
                0x0000000020001220                positionEstimationConfig_System
                0x0000000020001258                systemConfig_Copy
                0x0000000020001274                featureConfig_Copy
                0x00000000200012d2                adjustmentRanges_CopyArray
 *fill*         0x000000002000132f        0x1 
 .bss           0x0000000020001330      0x11f /tmp/cchgoa6E.ltrans4.ltrans.o
                0x0000000020001330                rxUpdateAt.lto_priv.335
                0x000000002000135c                rxSignalReceived.lto_priv.330
                0x000000002000135d                rxSignalReceivedNotDataDriven.lto_priv.331
                0x00000000200013e0                rxFlightChannelsValid.lto_priv.490
                0x0000000020001404                disarmAt.lto_priv.369
                0x000000002000141c                adjustmentStates.lto_priv.383
                0x000000002000144d                isRXDataNew.lto_priv.337
 *fill*         0x000000002000144f        0x1 
 .bss           0x0000000020001450      0x4d4 /tmp/cchgoa6E.ltrans5.ltrans.o
 .bss           0x0000000020001924        0xd /tmp/cchgoa6E.ltrans6.ltrans.o
 *fill*         0x0000000020001931        0x7 
 .bss           0x0000000020001938      0x39c /tmp/cchgoa6E.ltrans7.ltrans.o
                0x0000000020001938                frskyTelemetryEnabled.lto_priv.451
                0x0000000020001944                telemetryConfig_System
                0x0000000020001959                ltmEnabled.lto_priv.446
                0x000000002000195c                ltmPort.lto_priv.448
                0x0000000020001964                ltm_schedule.lto_priv.449
                0x000000002000196c                GPS_home
                0x0000000020001978                ltm_x_counter.lto_priv.450
                0x0000000020001979                lastDisarmReason.lto_priv.377
                0x0000000020001990                baroCalibrationFinished.lto_priv.259
                0x0000000020001994                baroCalibrationTimeout.lto_priv.258
                0x00000000200019a0                posEstimator.lto_priv.348
 .bss           0x0000000020001cd4      0x65a /tmp/cchgoa6E.ltrans8.ltrans.o
                0x0000000020001cd4                posControl
                0x0000000020002174                send_buffer.lto_priv.473
                0x00000000200021b0                lastAccelTargetX.lto_priv.457
                0x00000000200021b4                lastAccelTargetY.lto_priv.458
                0x00000000200021b8                mcPosControllerAccFilterStateX.lto_priv.455
                0x00000000200021c4                mcPosControllerAccFilterStateY.lto_priv.456
                0x00000000200021d0                navConfig_System
                0x000000002000221c                findSharedSerialPortState.lto_priv.315
                0x000000002000221e                serialConfig_System
                0x0000000020002240                serialPortUsageList.lto_priv.153
                0x0000000020002270                enabledSensors.lto_priv.160
                0x0000000020002274                activeFeaturesLatch.lto_priv.154
                0x0000000020002278                gpsStats
                0x0000000020002288                detectedSensors