Archive member included because of file (symbol)

/usr/bin/../lib/gcc/arm-none-eabi/4.9.3/../../../../arm-none-eabi/lib/armv7-m/libm.a(lib_a-sf_fpclassify.o)
                              obj/main/NAZE/flight/imu.o (symbol from plugin) (__fpclassifyf)
/usr/bin/../lib/gcc/arm-none-eabi/4.9.3/../../../../arm-none-eabi/lib/armv7-m/libc_nano.a(lib_a-strtok.o)
                              obj/main/NAZE/fc/cli.o (symbol from plugin) (strtok)
/usr/bin/../lib/gcc/arm-none-eabi/4.9.3/../../../../arm-none-eabi/lib/armv7-m/libc_nano.a(lib_a-strtok_r.o)
                              /usr/bin/../lib/gcc/arm-none-eabi/4.9.3/../../../../arm-none-eabi/lib/armv7-m/libc_nano.a(lib_a-strtok.o) (__strtok_r)
/usr/bin/../lib/gcc/arm-none-eabi/4.9.3/../../../../arm-none-eabi/lib/armv7-m/libc_nano.a(lib_a-impure.o)
                              /usr/bin/../lib/gcc/arm-none-eabi/4.9.3/../../../../arm-none-eabi/lib/armv7-m/libc_nano.a(lib_a-strtok.o) (_impure_ptr)
/usr/bin/../lib/gcc/arm-none-eabi/4.9.3/../../../../arm-none-eabi/lib/armv7-m/libc_nano.a(lib_a-malloc.o)
                              /usr/bin/../lib/gcc/arm-none-eabi/4.9.3/../../../../arm-none-eabi/lib/armv7-m/libc_nano.a(lib_a-strtok.o) (malloc)
/usr/bin/../lib/gcc/arm-none-eabi/4.9.3/../../../../arm-none-eabi/lib/armv7-m/libc_nano.a(lib_a-nano-freer.o)
                              /usr/bin/../lib/gcc/arm-none-eabi/4.9.3/../../../../arm-none-eabi/lib/armv7-m/libc_nano.a(lib_a-malloc.o) (_free_r)
/usr/bin/../lib/gcc/arm-none-eabi/4.9.3/../../../../arm-none-eabi/lib/armv7-m/libc_nano.a(lib_a-nano-mallocr.o)
                              /usr/bin/../lib/gcc/arm-none-eabi/4.9.3/../../../../arm-none-eabi/lib/armv7-m/libc_nano.a(lib_a-malloc.o) (_malloc_r)
/usr/bin/../lib/gcc/arm-none-eabi/4.9.3/../../../../arm-none-eabi/lib/armv7-m/libc_nano.a(lib_a-sbrkr.o)
                              /usr/bin/../lib/gcc/arm-none-eabi/4.9.3/../../../../arm-none-eabi/lib/armv7-m/libc_nano.a(lib_a-nano-mallocr.o) (_sbrk_r)
/usr/bin/../lib/gcc/arm-none-eabi/4.9.3/../../../../arm-none-eabi/lib/armv7-m/libc_nano.a(lib_a-reent.o)
                              /usr/bin/../lib/gcc/arm-none-eabi/4.9.3/../../../../arm-none-eabi/lib/armv7-m/libc_nano.a(lib_a-sbrkr.o) (errno)
/usr/bin/../lib/gcc/arm-none-eabi/4.9.3/../../../../arm-none-eabi/lib/armv7-m/libnosys.a(sbrk.o)
                              /usr/bin/../lib/gcc/arm-none-eabi/4.9.3/../../../../arm-none-eabi/lib/armv7-m/libc_nano.a(lib_a-sbrkr.o) (_sbrk)
/usr/bin/../lib/gcc/arm-none-eabi/4.9.3/armv7-m/libgcc.a(_arm_addsubdf3.o)
                              /tmp/ccELukx5.ltrans1.ltrans.o (__aeabi_ul2d)
/usr/bin/../lib/gcc/arm-none-eabi/4.9.3/armv7-m/libgcc.a(_arm_muldivdf3.o)
                              /tmp/ccELukx5.ltrans1.ltrans.o (__aeabi_dmul)
/usr/bin/../lib/gcc/arm-none-eabi/4.9.3/armv7-m/libgcc.a(_arm_truncdfsf2.o)
                              /tmp/ccELukx5.ltrans1.ltrans.o (__aeabi_d2f)
/usr/bin/../lib/gcc/arm-none-eabi/4.9.3/armv7-m/libgcc.a(_arm_addsubsf3.o)
                              /tmp/ccELukx5.ltrans1.ltrans.o (__aeabi_fsub)
/usr/bin/../lib/gcc/arm-none-eabi/4.9.3/armv7-m/libgcc.a(_arm_muldivsf3.o)
                              /tmp/ccELukx5.ltrans0.ltrans.o (__aeabi_fmul)
/usr/bin/../lib/gcc/arm-none-eabi/4.9.3/armv7-m/libgcc.a(_arm_cmpsf2.o)
                              /tmp/ccELukx5.ltrans0.ltrans.o (__aeabi_fcmpeq)
/usr/bin/../lib/gcc/arm-none-eabi/4.9.3/armv7-m/libgcc.a(_arm_fixsfsi.o)
                              /tmp/ccELukx5.ltrans1.ltrans.o (__aeabi_f2iz)
/usr/bin/../lib/gcc/arm-none-eabi/4.9.3/armv7-m/libgcc.a(_arm_fixunssfsi.o)
                              /tmp/ccELukx5.ltrans1.ltrans.o (__aeabi_f2uiz)
/usr/bin/../lib/gcc/arm-none-eabi/4.9.3/armv7-m/libgcc.a(_aeabi_ldivmod.o)
                              /tmp/ccELukx5.ltrans5.ltrans.o (__aeabi_ldivmod)
/usr/bin/../lib/gcc/arm-none-eabi/4.9.3/armv7-m/libgcc.a(_aeabi_uldivmod.o)
                              /tmp/ccELukx5.ltrans9.ltrans.o (__aeabi_uldivmod)
/usr/bin/../lib/gcc/arm-none-eabi/4.9.3/armv7-m/libgcc.a(_popcountsi2.o)
                              /tmp/ccELukx5.ltrans8.ltrans.o (__popcountsi2)
/usr/bin/../lib/gcc/arm-none-eabi/4.9.3/armv7-m/libgcc.a(bpabi.o)
                              /usr/bin/../lib/gcc/arm-none-eabi/4.9.3/armv7-m/libgcc.a(_aeabi_ldivmod.o) (__gnu_ldivmod_helper)
/usr/bin/../lib/gcc/arm-none-eabi/4.9.3/armv7-m/libgcc.a(_dvmd_tls.o)
                              /usr/bin/../lib/gcc/arm-none-eabi/4.9.3/armv7-m/libgcc.a(_aeabi_ldivmod.o) (__aeabi_ldiv0)
/usr/bin/../lib/gcc/arm-none-eabi/4.9.3/armv7-m/libgcc.a(_divdi3.o)
                              /usr/bin/../lib/gcc/arm-none-eabi/4.9.3/armv7-m/libgcc.a(bpabi.o) (__divdi3)
/usr/bin/../lib/gcc/arm-none-eabi/4.9.3/armv7-m/libgcc.a(_udivdi3.o)
                              /usr/bin/../lib/gcc/arm-none-eabi/4.9.3/armv7-m/libgcc.a(bpabi.o) (__udivdi3)
/usr/bin/../lib/gcc/arm-none-eabi/4.9.3/../../../../arm-none-eabi/lib/armv7-m/libg_nano.a(lib_a-memcmp.o)
[...]
Memory Configuration

Name             Origin             Length             Attributes
FLASH            0x0000000008000000 0x000000000001f800 xr
FLASH_CONFIG     0x000000000801f800 0x0000000000000800 r
RAM              0x0000000020000000 0x0000000000005000 xrw
MEMORY_B1        0x0000000060000000 0x0000000000000000 xr
*default*        0x0000000000000000 0xffffffffffffffff

Linker script and memory map

LOAD obj/main/NAZE/startup_stm32f10x_md_gcc.o
LOAD obj/main/NAZE/drivers/adc_stm32f10x.o
LOAD /tmp/ccELukx5.ltrans0.ltrans.o
LOAD /tmp/ccELukx5.ltrans1.ltrans.o
LOAD /tmp/ccELukx5.ltrans2.ltrans.o
LOAD /tmp/ccELukx5.ltrans3.ltrans.o
LOAD /tmp/ccELukx5.ltrans4.ltrans.o
LOAD /tmp/ccELukx5.ltrans5.ltrans.o
LOAD /tmp/ccELukx5.ltrans6.ltrans.o
LOAD /tmp/ccELukx5.ltrans7.ltrans.o
LOAD /tmp/ccELukx5.ltrans8.ltrans.o
LOAD /tmp/ccELukx5.ltrans9.ltrans.o
LOAD /tmp/ccELukx5.ltrans10.ltrans.o
LOAD /tmp/ccELukx5.ltrans11.ltrans.o
LOAD /tmp/ccELukx5.ltrans12.ltrans.o
LOAD /tmp/ccELukx5.ltrans13.ltrans.o
LOAD /tmp/ccELukx5.ltrans14.ltrans.o
LOAD /tmp/ccELukx5.ltrans15.ltrans.o
LOAD /tmp/ccELukx5.ltrans16.ltrans.o
LOAD /tmp/ccELukx5.ltrans17.ltrans.o
LOAD /tmp/ccELukx5.ltrans18.ltrans.o
LOAD /tmp/ccELukx5.ltrans19.ltrans.o
LOAD /tmp/ccELukx5.ltrans20.ltrans.o
LOAD /tmp/ccELukx5.ltrans21.ltrans.o
LOAD /tmp/ccELukx5.ltrans22.ltrans.o
LOAD /tmp/ccELukx5.ltrans23.ltrans.o
LOAD /tmp/ccELukx5.ltrans24.ltrans.o
LOAD /tmp/ccELukx5.ltrans25.ltrans.o
LOAD /tmp/ccELukx5.ltrans26.ltrans.o
LOAD /tmp/ccELukx5.ltrans27.ltrans.o
LOAD /tmp/ccELukx5.ltrans28.ltrans.o
LOAD /tmp/ccELukx5.ltrans29.ltrans.o
LOAD /tmp/ccELukx5.ltrans30.ltrans.o
LOAD /tmp/ccELukx5.ltrans31.ltrans.o
LOAD /usr/bin/../lib/gcc/arm-none-eabi/4.9.3/armv7-m/libgcc.a
LOAD /usr/bin/../lib/gcc/arm-none-eabi/4.9.3/../../../../arm-none-eabi/lib/armv7-m/libg_nano.a
LOAD /usr/bin/../lib/gcc/arm-none-eabi/4.9.3/../../../../arm-none-eabi/lib/armv7-m/libc_nano.a
LOAD /usr/bin/../lib/gcc/arm-none-eabi/4.9.3/armv7-m/libgcc.a
LOAD /usr/bin/../lib/gcc/arm-none-eabi/4.9.3/../../../../arm-none-eabi/lib/armv7-m/libc_nano.a
LOAD obj/main/NAZE/drivers/bus_i2c_stm32f10x.o
LOAD obj/main/NAZE/drivers/dma.o
LOAD obj/main/NAZE/drivers/gpio_stm32f10x.o
LOAD obj/main/NAZE/drivers/inverter.o
LOAD obj/main/NAZE/drivers/serial_softserial.o
LOAD obj/main/NAZE/drivers/serial_uart_stm32f10x.o
LOAD obj/main/NAZE/drivers/system_stm32f10x.o
LOAD obj/main/NAZE/drivers/timer_stm32f10x.o
LOAD obj/main/NAZE/drivers/accgyro/accgyro_mpu.o
LOAD obj/main/NAZE/drivers/accgyro/accgyro_mpu6050.o
LOAD obj/main/NAZE/drivers/accgyro/accgyro_mpu6500.o
LOAD obj/main/NAZE/drivers/accgyro/accgyro_spi_mpu6500.o
LOAD obj/main/NAZE/drivers/barometer/barometer_bmp280.o
LOAD obj/main/NAZE/drivers/barometer/barometer_ms56xx.o
LOAD obj/main/NAZE/drivers/compass/compass_hmc5883l.o
LOAD obj/main/NAZE/drivers/compass/compass_qmc5883l.o
LOAD obj/main/NAZE/drivers/flash_m25p16.o
LOAD obj/main/NAZE/drivers/light_ws2811strip.o
LOAD obj/main/NAZE/drivers/light_ws2811strip_stdperiph.o
LOAD obj/main/NAZE/io/flashfs.o
LOAD obj/main/NAZE/hardware_revision.o
LOAD obj/main/NAZE/blackbox/blackbox.o
LOAD obj/main/NAZE/blackbox/blackbox_encoding.o
LOAD obj/main/NAZE/blackbox/blackbox_io.o
LOAD obj/main/NAZE/cms/cms.o
LOAD obj/main/NAZE/cms/cms_menu_blackbox.o
LOAD obj/main/NAZE/cms/cms_menu_builtin.o
LOAD obj/main/NAZE/cms/cms_menu_imu.o
LOAD obj/main/NAZE/cms/cms_menu_ledstrip.o
LOAD obj/main/NAZE/cms/cms_menu_misc.o
LOAD obj/main/NAZE/cms/cms_menu_osd.o
LOAD obj/main/NAZE/common/colorconversion.o
LOAD obj/main/NAZE/common/gps_conversion.o
LOAD obj/main/NAZE/drivers/display_ug2864hsweg01.o
LOAD obj/main/NAZE/drivers/rangefinder_hcsr04.o
LOAD obj/main/NAZE/drivers/rangefinder_hcsr04_i2c.o
LOAD obj/main/NAZE/drivers/rangefinder_srf10.o
LOAD obj/main/NAZE/drivers/rangefinder_vl53l0x.o
LOAD obj/main/NAZE/io/dashboard.o
LOAD obj/main/NAZE/io/displayport_max7456.o
LOAD obj/main/NAZE/io/displayport_msp.o
LOAD obj/main/NAZE/io/displayport_oled.o
LOAD obj/main/NAZE/io/gps.o
LOAD obj/main/NAZE/io/gps_ublox.o
LOAD obj/main/NAZE/io/gps_nmea.o
LOAD obj/main/NAZE/io/gps_naza.o
LOAD obj/main/NAZE/io/gps_i2cnav.o
LOAD obj/main/NAZE/io/ledstrip.o
LOAD obj/main/NAZE/io/osd.o
LOAD obj/main/NAZE/navigation/navigation.o
LOAD obj/main/NAZE/navigation/navigation_fixedwing.o
LOAD obj/main/NAZE/navigation/navigation_fw_launch.o
LOAD obj/main/NAZE/navigation/navigation_geo.o
LOAD obj/main/NAZE/navigation/navigation_multicopter.o
LOAD obj/main/NAZE/navigation/navigation_pos_estimator.o
LOAD obj/main/NAZE/sensors/barometer.o
LOAD obj/main/NAZE/sensors/pitotmeter.o
LOAD obj/main/NAZE/sensors/rangefinder.o
LOAD obj/main/NAZE/telemetry/crsf.o
LOAD obj/main/NAZE/telemetry/frsky.o
LOAD obj/main/NAZE/telemetry/hott.o
LOAD obj/main/NAZE/telemetry/ibus_shared.o
LOAD obj/main/NAZE/telemetry/ibus.o
LOAD obj/main/NAZE/telemetry/ltm.o
LOAD obj/main/NAZE/telemetry/mavlink.o
LOAD obj/main/NAZE/telemetry/smartport.o
LOAD obj/main/NAZE/telemetry/telemetry.o
LOAD obj/main/NAZE/target.o
LOAD obj/main/NAZE/main.o
LOAD obj/main/NAZE/build/assert.o
LOAD obj/main/NAZE/build/build_config.o
LOAD obj/main/NAZE/build/debug.o
LOAD obj/main/NAZE/build/version.o
LOAD obj/main/NAZE/common/bitarray.o
LOAD obj/main/NAZE/common/crc.o
LOAD obj/main/NAZE/common/encoding.o
LOAD obj/main/NAZE/common/filter.o
LOAD obj/main/NAZE/common/maths.o
LOAD obj/main/NAZE/common/printf.o
LOAD obj/main/NAZE/common/streambuf.o
LOAD obj/main/NAZE/common/typeconversion.o
LOAD obj/main/NAZE/common/string_light.o
LOAD obj/main/NAZE/config/config_eeprom.o
LOAD obj/main/NAZE/config/config_streamer.o
LOAD obj/main/NAZE/config/feature.o
LOAD obj/main/NAZE/config/parameter_group.o
LOAD obj/main/NAZE/drivers/adc.o
LOAD obj/main/NAZE/drivers/buf_writer.o
LOAD obj/main/NAZE/drivers/bus_i2c_soft.o
LOAD obj/main/NAZE/drivers/bus_spi.o
LOAD obj/main/NAZE/drivers/bus_spi_soft.o
LOAD obj/main/NAZE/drivers/display.o
LOAD obj/main/NAZE/drivers/exti.o
LOAD obj/main/NAZE/drivers/gps_i2cnav.o
LOAD obj/main/NAZE/drivers/gyro_sync.o
LOAD obj/main/NAZE/drivers/io.o
LOAD obj/main/NAZE/drivers/io_pca9685.o
LOAD obj/main/NAZE/drivers/light_led.o
LOAD obj/main/NAZE/drivers/logging.o
LOAD obj/main/NAZE/drivers/rx_nrf24l01.o
LOAD obj/main/NAZE/drivers/rx_spi.o
LOAD obj/main/NAZE/drivers/rx_xn297.o
LOAD obj/main/NAZE/drivers/pitotmeter_adc.o
LOAD obj/main/NAZE/drivers/pwm_esc_detect.o
LOAD obj/main/NAZE/drivers/pwm_mapping.o
LOAD obj/main/NAZE/drivers/pwm_output.o
LOAD obj/main/NAZE/drivers/rcc.o
LOAD obj/main/NAZE/drivers/rx_pwm.o
LOAD obj/main/NAZE/drivers/serial.o
LOAD obj/main/NAZE/drivers/serial_uart.o
LOAD obj/main/NAZE/drivers/sound_beeper.o
LOAD obj/main/NAZE/drivers/stack_check.o
LOAD obj/main/NAZE/drivers/system.o
LOAD obj/main/NAZE/drivers/timer.o
LOAD obj/main/NAZE/fc/cli.o
LOAD obj/main/NAZE/fc/config.o
LOAD obj/main/NAZE/fc/controlrate_profile.o
LOAD obj/main/NAZE/fc/fc_core.o
LOAD obj/main/NAZE/fc/fc_init.o
LOAD obj/main/NAZE/fc/fc_tasks.o
LOAD obj/main/NAZE/fc/fc_hardfaults.o
LOAD obj/main/NAZE/fc/fc_msp.o
LOAD obj/main/NAZE/fc/rc_adjustments.o
LOAD obj/main/NAZE/fc/rc_controls.o
LOAD obj/main/NAZE/fc/rc_curves.o
LOAD obj/main/NAZE/fc/rc_modes.o
LOAD obj/main/NAZE/fc/runtime_config.o
LOAD obj/main/NAZE/fc/settings.o
LOAD obj/main/NAZE/fc/stats.o
LOAD obj/main/NAZE/flight/failsafe.o
LOAD obj/main/NAZE/flight/hil.o
LOAD obj/main/NAZE/flight/imu.o
LOAD obj/main/NAZE/flight/mixer.o
LOAD obj/main/NAZE/flight/pid.o
LOAD obj/main/NAZE/flight/pid_autotune.o
LOAD obj/main/NAZE/flight/servos.o
LOAD obj/main/NAZE/io/beeper.o
LOAD obj/main/NAZE/io/pwmdriver_i2c.o
LOAD obj/main/NAZE/io/serial.o
LOAD obj/main/NAZE/io/serial_4way.o
LOAD obj/main/NAZE/io/serial_4way_avrootloader.o
LOAD obj/main/NAZE/io/serial_4way_stk500v2.o
LOAD obj/main/NAZE/io/statusindicator.o
LOAD obj/main/NAZE/io/rcsplit.o
LOAD obj/main/NAZE/msp/msp_serial.o
LOAD obj/main/NAZE/rx/ibus.o
LOAD obj/main/NAZE/rx/jetiexbus.o
LOAD obj/main/NAZE/rx/msp.o
LOAD obj/main/NAZE/rx/nrf24_cx10.o
LOAD obj/main/NAZE/rx/nrf24_inav.o
LOAD obj/main/NAZE/rx/nrf24_h8_3d.o
LOAD obj/main/NAZE/rx/nrf24_syma.o
LOAD obj/main/NAZE/rx/nrf24_v202.o
LOAD obj/main/NAZE/rx/pwm.o
LOAD obj/main/NAZE/rx/rx.o
LOAD obj/main/NAZE/rx/rx_spi.o
LOAD obj/main/NAZE/rx/crsf.o
LOAD obj/main/NAZE/rx/sbus.o
LOAD obj/main/NAZE/rx/spektrum.o
LOAD obj/main/NAZE/rx/sumd.o
LOAD obj/main/NAZE/rx/sumh.o
LOAD obj/main/NAZE/rx/xbus.o
LOAD obj/main/NAZE/rx/eleres.o
LOAD obj/main/NAZE/scheduler/scheduler.o
LOAD obj/main/NAZE/sensors/acceleration.o
LOAD obj/main/NAZE/sensors/battery.o
LOAD obj/main/NAZE/sensors/boardalignment.o
LOAD obj/main/NAZE/sensors/compass.o
LOAD obj/main/NAZE/sensors/diagnostics.o
LOAD obj/main/NAZE/sensors/gyro.o
LOAD obj/main/NAZE/sensors/initialisation.o
LOAD obj/main/NAZE/system_stm32f10x.o
LOAD obj/main/NAZE/misc.o
LOAD obj/main/NAZE/stm32f10x_adc.o
LOAD obj/main/NAZE/stm32f10x_bkp.o
LOAD obj/main/NAZE/stm32f10x_dac.o
LOAD obj/main/NAZE/stm32f10x_dbgmcu.o
LOAD obj/main/NAZE/stm32f10x_dma.o
LOAD obj/main/NAZE/stm32f10x_exti.o
LOAD obj/main/NAZE/stm32f10x_flash.o
LOAD obj/main/NAZE/stm32f10x_fsmc.o
LOAD obj/main/NAZE/stm32f10x_gpio.o
LOAD obj/main/NAZE/stm32f10x_i2c.o
LOAD obj/main/NAZE/stm32f10x_iwdg.o
LOAD obj/main/NAZE/stm32f10x_pwr.o
LOAD obj/main/NAZE/stm32f10x_rcc.o
LOAD obj/main/NAZE/stm32f10x_rtc.o
LOAD obj/main/NAZE/stm32f10x_sdio.o
LOAD obj/main/NAZE/stm32f10x_spi.o
LOAD obj/main/NAZE/stm32f10x_tim.o
LOAD obj/main/NAZE/stm32f10x_usart.o
LOAD obj/main/NAZE/stm32f10x_wwdg.o
LOAD /usr/bin/../lib/gcc/arm-none-eabi/4.9.3/../../../../arm-none-eabi/lib/armv7-m/libm.a
LOAD /usr/bin/../lib/gcc/arm-none-eabi/4.9.3/../../../../arm-none-eabi/lib/armv7-m/libc_nano.a
LOAD /usr/bin/../lib/gcc/arm-none-eabi/4.9.3/../../../../arm-none-eabi/lib/armv7-m/libnosys.a
START GROUP
LOAD /usr/bin/../lib/gcc/arm-none-eabi/4.9.3/armv7-m/libgcc.a
LOAD /usr/bin/../lib/gcc/arm-none-eabi/4.9.3/../../../../arm-none-eabi/lib/armv7-m/libg_nano.a
LOAD /usr/bin/../lib/gcc/arm-none-eabi/4.9.3/../../../../arm-none-eabi/lib/armv7-m/libc_nano.a
END GROUP
START GROUP
LOAD /usr/bin/../lib/gcc/arm-none-eabi/4.9.3/armv7-m/libgcc.a
LOAD /usr/bin/../lib/gcc/arm-none-eabi/4.9.3/../../../../arm-none-eabi/lib/armv7-m/libc_nano.a
END GROUP
                0x0000000020005000                _estack = (ORIGIN (STACKRAM) + 0x5000)
                0x000000000801f800                __config_start = ORIGIN (FLASH_CONFIG)
                0x0000000008020000                __config_end = (ORIGIN (FLASH_CONFIG) + 0x800)
                0x0000000000000000                _Min_Heap_Size = 0x0
                0x0000000000000800                _Min_Stack_Size = 0x800

.isr_vector     0x0000000008000000      0x10c
                0x0000000008000000                . = ALIGN (0x4)
                0x0000000008000000                PROVIDE (isr_vector_table_base, .)
 *(.isr_vector)
 .isr_vector    0x0000000008000000      0x10c obj/main/NAZE/startup_stm32f10x_md_gcc.o
                0x0000000008000000                g_pfnVectors
                0x000000000800010c                . = ALIGN (0x4)

.text           0x0000000008000110    0x1ec10
                0x0000000008000110                . = ALIGN (0x4)
 *(.text)
 .text          0x0000000008000110     0x28b8 /tmp/ccELukx5.ltrans1.ltrans.o
                0x0000000008000110                taskMainPidLoop
 .text          0x00000000080029c8     0x1868 /tmp/ccELukx5.ltrans2.ltrans.o
                0x00000000080029c8                taskHandleSerial
 .text          0x0000000008004230     0x123c /tmp/ccELukx5.ltrans3.ltrans.o
                0x0000000008004230                mspFcProcessOutCommand.lto_priv.235
 *fill*         0x000000000800546c        0x4 
 .text          0x0000000008005470      0xeb4 /tmp/ccELukx5.ltrans4.ltrans.o
                0x0000000008005470                taskUpdateRxMain
 .text          0x0000000008006324      0xecc /tmp/ccELukx5.ltrans5.ltrans.o
                0x0000000008006324                hmc5883_extiHandler.lto_priv.487
                0x0000000008006326                ms5611_calculate.lto_priv.390
                0x00000000080064e4                bmp280_calculate.lto_priv.395
                0x00000000080066ac                bmp280_get_ut.lto_priv.391
                0x00000000080066ae                bmp280_start_ut.lto_priv.392
                0x00000000080066b0                mpu6500AccInit
                0x00000000080066b8                mpu6050AccInit.lto_priv.385
                0x00000000080066d0                mpuCheckDataReady
                0x00000000080066e8                mpuGyroRead
                0x000000000800672c                mpuAccRead
                0x00000000080068a6                hmc5883lRead.lto_priv.398
                0x0000000008006950                ms56xx_get_up.lto_priv.389
                0x0000000008006960                ms56xx_get_ut.lto_priv.387
                0x0000000008006970                bmp280_get_up.lto_priv.394
                0x00000000080069d0                mpuReadRegisterI2C
                0x00000000080069d6                ms56xx_start_up.lto_priv.388
                0x00000000080069e0                ms56xx_start_ut.lto_priv.386
                0x00000000080069ea                bmp280_start_up.lto_priv.393
                0x00000000080069f4                mpuWriteRegisterI2C
                0x0000000008006a3c                mpu6050GyroInit.lto_priv.403
                0x0000000008006c5e                systemTimekeepingSetup.lto_priv.435
                0x0000000008006cd4                USART2_IRQHandler
                0x0000000008006cdc                USART1_IRQHandler
                0x0000000008006ce4                openSoftSerial
                0x0000000008006e8a                gpioInit
                0x0000000008006eee                mpu6500GyroInit
                0x0000000008006fe0                DMA1_Channel7_IRQHandler
                0x0000000008006ff4                DMA1_Channel6_IRQHandler
                0x0000000008007008                DMA1_Channel5_IRQHandler
                0x0000000008007018                DMA1_Channel4_IRQHandler
                0x0000000008007028                DMA1_Channel3_IRQHandler
                0x0000000008007038                DMA1_Channel2_IRQHandler
                0x0000000008007048                DMA1_Channel1_IRQHandler
                0x0000000008007058                i2cInit.part.1.lto_priv.142
 .text          0x00000000080071f0      0xf58 /tmp/ccELukx5.ltrans6.ltrans.o
                0x0000000008007274                qmc5883Read.lto_priv.400
                0x00000000080072de                qmc5883Init.lto_priv.399
                0x00000000080072fc                hmc5883lInit.lto_priv.397
                0x00000000080074b0                sendFieldDefinition.lto_priv.279
                0x000000000800760c                loadMainState.lto_priv.477
                0x00000000080077c4                writeGPSFrame.lto_priv.476
                0x0000000008007854                writeSlowFrameIfNeeded.lto_priv.478
                0x00000000080078d8                blackboxWriteMainStateArrayUsingAveragePredictor.lto_priv.479
                0x000000000800791c                pidBank.lto_priv.304
                0x0000000008007938                blackboxWriteSysinfo.lto_priv.278
                0x0000000008007ddc                flashfsAdvanceTailInBuffer.lto_priv.467
                0x0000000008007e0c                flashfsGetDirtyDataBuffers.lto_priv.465
                0x0000000008007e44                flashfsGetOffset
                0x0000000008007e64                flashfsTransmitBufferUsed.lto_priv.280
                0x0000000008007e84                m25p16_isReady
                0x0000000008007ef0                flashfsWriteBuffers.lto_priv.466
                0x0000000008008040                flashfsFlushSync
                0x0000000008008078                flashfsFlushAsync
                0x00000000080080bc                flashfsEraseCompletely
                0x00000000080080f8                m25p16_readBytes
 .text          0x0000000008008148     0x12e8 /tmp/ccELukx5.ltrans7.ltrans.o
                0x0000000008008174                pidBank.lto_priv.176
                0x0000000008008190                writeMotors
                0x00000000080081c4                stopMotors
                0x0000000008008204                mixerResetDisarmedMotors
                0x0000000008008238                findMixer
                0x000000000800825c                mixerUpdateStateFlags
                0x00000000080082b0                isImuHeadingValid
                0x00000000080082e8                isImuReady
                0x000000000800830c                imuTransformVectorEarthToBody
                0x00000000080083bc                imuComputeRotationMatrix.lto_priv.433
                0x00000000080084e0                imuCalculateEstimatedAttitude.lto_priv.287
                0x000000000800909c                failsafeRequiresAngleMode
                0x00000000080090cc                clivalue_get_pgn
                0x000000000800910c                clivalue_get_name
                0x0000000008009158                sensorsSet
                0x0000000008009168                disableFlightMode
                0x0000000008009188                enableFlightMode
                0x00000000080091a8                failsafeActivate.lto_priv.253
                0x00000000080091e4                isRangeActive.part.0.lto_priv.252
                0x000000000800922c                isModeActivationConditionPresent
                0x0000000008009254                updateUsedModeActivationConditionFlags
                0x00000000080092c8                IS_RC_MODE_ACTIVE
                0x00000000080092ec                generateThrottleCurve
                0x000000000800938c                calculateThrottleStatus
                0x00000000080093d0                blackboxLogInflightAdjustmentEvent.lto_priv.249
                0x00000000080093f8                pidBankMutable.lto_priv.250
                0x0000000008009414                pidBank.lto_priv.251
 .text          0x0000000008009430      0xbb0 /tmp/ccELukx5.ltrans8.ltrans.o
                0x0000000008009430                pwmOverflowCallback.lto_priv.415
                0x0000000008009458                ppmEdgeCallback.lto_priv.416
                0x00000000080095ec                ppmOverflowCallback.lto_priv.417
                0x000000000800962c                pwmWriteStandard.lto_priv.413
                0x000000000800963c                pwmWriteBrushed.lto_priv.409
                0x0000000008009660                pwmWriteMultiShot.lto_priv.412
                0x0000000008009694                pwmWriteOneShot42.lto_priv.411
                0x00000000080096c0                pwmWriteOneShot125.lto_priv.410
                0x0000000008009720                serialWrite
                0x0000000008009726                serialWriteBuf
                0x0000000008009760                pwmICConfig
                0x000000000800979c                pwmEdgeCallback.lto_priv.414
                0x0000000008009808                pwmWriteServo
                0x0000000008009824                ledToggle
                0x0000000008009840                IOGetByTag
                0x0000000008009888                IOConfigGPIO
                0x0000000008009948                IOLo
                0x0000000008009952                pwmOutConfigMotor.lto_priv.434
                0x0000000008009ca4                IOHi
                0x0000000008009cae                IOWrite
                0x0000000008009cc2                ledSet
                0x0000000008009cec                EXTI15_10_IRQHandler
                0x0000000008009cee                EXTI9_5_IRQHandler
                0x0000000008009cf0                EXTI4_IRQHandler
                0x0000000008009cf2                EXTI3_IRQHandler
                0x0000000008009cf4                EXTI2_IRQHandler
                0x0000000008009cf6                EXTI1_IRQHandler
                0x0000000008009cf8                EXTI0_IRQHandler
                0x0000000008009cfa                bufWriterFlush
                0x0000000008009d12                pgActivateProfile
                0x0000000008009d48                pgResetInstance.lto_priv.237
                0x0000000008009d90                pgReset
                0x0000000008009da8                pgFind
                0x0000000008009dd0                featureClear
                0x0000000008009de0                write_word.lto_priv.307
                0x0000000008009eb4                config_streamer_write
                0x0000000008009eea                updateCRC.lto_priv.306
                0x0000000008009f16                isEEPROMContentValid.part.4.lto_priv.305
                0x0000000008009f70                sl_strncasecmp
                0x0000000008009fa4                fastA2I
 .text          0x0000000008009fe0      0xe00 /tmp/ccELukx5.ltrans9.ltrans.o
                0x0000000008009fe0                pgResetFn_serialConfig
                0x000000000800a184                findSerialPortConfig
                0x000000000800a1b4                beeperSilence
                0x000000000800a1dc                beeper
                0x000000000800a240                beeperUpdate
                0x000000000800a36c                beeperConfirmationBeeps
                0x000000000800a3a4                loadCustomServoMixer
                0x000000000800a414                determineServoMiddleOrForwardFromChannel
                0x000000000800a44c                pidController
                0x000000000800ad4c                pidAngleToRcCommand
                0x000000000800adbc                pidResetErrorAccumulators
 .text          0x000000000800ade0      0x960 /tmp/ccELukx5.ltrans10.ltrans.o
                0x000000000800ade0                taskTelemetry
                0x000000000800b51c                taskUpdateBaro
 .text          0x000000000800b740     0x11c0 /tmp/ccELukx5.ltrans11.ltrans.o
                0x000000000800b7f0                telemetryCheckRxPortShared
                0x000000000800b80a                checkLtmTelemetryState
                0x000000000800b8f0                ltm_finalise.lto_priv.190
                0x000000000800b92c                ltm_initialise_packet.lto_priv.191
                0x000000000800b94c                checkFrSkyTelemetryState
                0x000000000800b9e0                serialize16.lto_priv.193
                0x000000000800b9f4                sendTelemetryTail.lto_priv.192
                0x000000000800ba04                sendDataHead.lto_priv.194
                0x000000000800ba24                sendLatLong.lto_priv.195
                0x000000000800ba9c                updateEstimatedTopic.lto_priv.284
                0x000000000800c1f8                shouldResetReferenceAltitude.lto_priv.196
                0x000000000800c230                onNewGPSData
 .text          0x000000000800c900      0xca0 /tmp/ccELukx5.ltrans12.ltrans.o
                0x000000000800c900                navOnEnteringState_NAV_STATE_RTH_FINISHED.lto_priv.162
                0x000000000800c924                navOnEnteringState_NAV_STATE_RTH_FINISHING.lto_priv.161
                0x000000000800c93c                navOnEnteringState_NAV_STATE_RTH_LANDING.lto_priv.160
                0x000000000800cbf4                navOnEnteringState_NAV_STATE_RTH_HOVER_PRIOR_TO_LANDING.lto_priv.159
                0x000000000800cc64                navOnEnteringState_NAV_STATE_RTH_HEAD_HOME.lto_priv.158
                0x000000000800ccdc                navOnEnteringState_NAV_STATE_RTH_CLIMB_TO_SAFE_ALT.lto_priv.157
                0x000000000800cdf0                navOnEnteringState_NAV_STATE_IDLE.lto_priv.149
                0x000000000800ce18                navOnEnteringState_NAV_STATE_RTH_INITIALIZE.lto_priv.156
                0x000000000800cf44                navOnEnteringState_NAV_STATE_POSHOLD_3D_INITIALIZE.lto_priv.154
                0x000000000800cfbc                navOnEnteringState_NAV_STATE_POSHOLD_2D_IN_PROGRESS.lto_priv.153
                0x000000000800cfe4                navOnEnteringState_NAV_STATE_POSHOLD_2D_INITIALIZE.lto_priv.152
                0x000000000800d02c                navOnEnteringState_NAV_STATE_ALTHOLD_INITIALIZE.lto_priv.150
                0x000000000800d074                navOnEnteringState_NAV_STATE_POSHOLD_3D_IN_PROGRESS.lto_priv.155
                0x000000000800d0cc                navOnEnteringState_NAV_STATE_ALTHOLD_IN_PROGRESS.lto_priv.151
                0x000000000800d134                gpsHandleUBLOX
 .text          0x000000000800d5a0      0xe64 /tmp/ccELukx5.ltrans13.ltrans.o
                0x000000000800d5fc                applyFixedWingNavigationController
                0x000000000800dffc                navigationUsePIDs
                0x000000000800e1c4                navigationRequiresAngleMode
                0x000000000800e1fc                selectNavEventFromBoxModeInput.lto_priv.255
                0x000000000800e32c                calcualteAndSetActiveWaypointToLocalPosition.lto_priv.454
                0x000000000800e358                resetGCSFlags
                0x000000000800e368                resetPositionController.lto_priv.455
                0x000000000800e37c                setupAltitudeController.lto_priv.456
                0x000000000800e3f0                resetAltitudeController.lto_priv.453
 .text          0x000000000800e404      0xa58 /tmp/ccELukx5.ltrans14.ltrans.o
                0x000000000800e4ee                isEmpty.lto_priv.349
                0x000000000800e4fe                nextArg.lto_priv.352
                0x000000000800e516                processChannelRangeArgs.lto_priv.353
                0x000000000800e566                getValuePointer.lto_priv.348
                0x000000000800e580                cliPrintf.lto_priv.345
                0x000000000800e5b0                cliWrite.lto_priv.239
                0x000000000800e5d4                cliPrint.lto_priv.238
                0x000000000800e600                cliPrompt.lto_priv.233
                0x000000000800e61c                cliPrintLinefeed.lto_priv.240
                0x000000000800e648                cliPrintLinef.lto_priv.328
                0x000000000800e662                cliPrintVarRange.lto_priv.346
                0x000000000800e7e0                cliPrintVar.lto_priv.347
                0x000000000800e7f6                dumpAllValues.lto_priv.329
                0x000000000800e8e8                cliDefaultPrintLinef.lto_priv.338
                0x000000000800e918                cliDumpPrintLinef.lto_priv.335
                0x000000000800e93c                printSerial.lto_priv.333
                0x000000000800ea24                printAux.lto_priv.332
                0x000000000800ead4                cliAux.lto_priv.204
                0x000000000800eb80                cliPrintLine.lto_priv.234
                0x000000000800eb8c                cliShowParseError.lto_priv.350
                0x000000000800eb94                TIM4_IRQHandler
                0x000000000800eba4                TIM3_IRQHandler
                0x000000000800ebb4                TIM2_IRQHandler
                0x000000000800ebc0                TIM1_UP_IRQHandler
                0x000000000800ebd0                TIM1_CC_IRQHandler
                0x000000000800ebe0                timerChConfigCallbacks
                0x000000000800ecbc                configTimeBase
                0x000000000800ed64                timerConfigure
                0x000000000800edd4                failureMode
 .text          0x000000000800ee5c      0x948 /tmp/ccELukx5.ltrans15.ltrans.o
                0x000000000800ee7c                mwDisarm
                0x000000000800eeec                getAxisRcCommand
                0x000000000800ef68                isCalibrating
                0x000000000800efb0                updateArmingStatus.lto_priv.286
                0x000000000800f1f8                mwArm
                0x000000000800f578                setConfigProfile
                0x000000000800f5b4                writeEEPROM
                0x000000000800f770                setConfigProfileAndWriteEEPROM
                0x000000000800f78e                saveConfigAndNotify
 .text          0x000000000800f7a4      0xcd8 /tmp/ccELukx5.ltrans16.ltrans.o
                0x000000000800f7a4                cliFeature.lto_priv.211
                0x000000000800f8a4                cliFlashErase.lto_priv.212
                0x000000000800f8d0                cliFlashInfo.lto_priv.213
                0x000000000800f908                cliSerial.lto_priv.225
                0x000000000800fa00                printServoMix.lto_priv.334
                0x000000000800faa8                cliServoMix.lto_priv.228
                0x000000000800fd00                printServo.lto_priv.336
                0x000000000800fe04                cliServo.lto_priv.226
                0x000000000800fee4                printRxRange.lto_priv.330
                0x000000000800ff54                cliRxRange.lto_priv.223
                0x0000000008010018                printMotorMix.lto_priv.337
                0x000000000801011c                cliMotorMix.lto_priv.219
                0x0000000008010298                printAdjustmentRange.lto_priv.331
                0x000000000801037c                cliAdjustmentRange.lto_priv.203
 .text          0x000000000801047c      0xa04 /tmp/ccELukx5.ltrans17.ltrans.o
                0x000000000801047c                cliStatus.lto_priv.229
                0x0000000008010648                cliMixer.lto_priv.218
                0x00000000080106e4                cliBeeper.lto_priv.205
                0x000000000801082c                cliGet.lto_priv.214
                0x0000000008010890                cliSet.lto_priv.227
                0x0000000008010ab0                cliProfile.lto_priv.222
                0x0000000008010af0                cliName.lto_priv.221
                0x0000000008010b54                cliMotor.lto_priv.220
                0x0000000008010bfc                cliGpsPassthrough.lto_priv.215
                0x0000000008010cf8                cliSave.lto_priv.224
                0x0000000008010d10                cliExit.lto_priv.210
                0x0000000008010d48                cliDfu.lto_priv.207
                0x0000000008010d4c                cliMap.lto_priv.217
                0x0000000008010de0                cliDumpProfile.lto_priv.327
                0x0000000008010e18                checkCommand.lto_priv.339
                0x0000000008010e52                cliDefaults.lto_priv.206
 .text          0x0000000008010e80      0xc54 /tmp/ccELukx5.ltrans18.ltrans.o
                0x0000000008010ecc                spektrumReadRawRC.lto_priv.378
                0x0000000008010ef0                spektrumFrameStatus
                0x0000000008010fb8                sbusReadRawRC.lto_priv.382
                0x0000000008010fe8                sbusFrameStatus
                0x000000000801115c                nullFrameStatus.lto_priv.369
                0x0000000008011160                nullReadRawRC.lto_priv.368
                0x000000000801117c                ppmReadRawRC.lto_priv.373
                0x000000000801118c                pwmReadRawRC.lto_priv.372
                0x000000000801119c                spektrumDataReceive.lto_priv.379
                0x00000000080111f0                sbusDataReceive.lto_priv.383
                0x0000000008011248                FLASH_GetBank1Status
                0x0000000008011270                DMA_DeInit
                0x0000000008011360                SystemInit
                0x00000000080113ac                getHwGPSStatus
                0x00000000080113d8                getHwBarometerStatus
                0x00000000080113fc                getHwAccelerometerStatus
                0x0000000008011420                compassIsHealthy
                0x0000000008011444                getHwCompassStatus
                0x0000000008011474                isHardwareHealthy
                0x00000000080114b6                alignSensors
                0x00000000080115e0                initBoardAlignment
                0x0000000008011740                accInitFilters
                0x0000000008011774                queueAdd.lto_priv.432
                0x00000000080117e0                setTaskEnabled
                0x000000000801184c                parseRcChannels
                0x0000000008011888                resumeRxSignal
                0x00000000080118b0                suspendRxSignal
                0x00000000080118e8                warningLedRefresh
                0x0000000008011928                waitForSerialPortToFinishTransmitting
                0x000000000801193e                closeSerialPort
                0x0000000008011964                mspSerialReleasePortIfAllocated
                0x0000000008011990                openSerialPort
                0x0000000008011a20                mspSerialAllocatePorts
                0x0000000008011ac0                determinePortSharing
 .text          0x0000000008011ad4      0x5b0 /tmp/ccELukx5.ltrans19.ltrans.o
                0x0000000008011d04                serialWriteBufShim
                0x0000000008011d08                micros
                0x0000000008011d8c                delayMicroseconds
                0x0000000008011dae                delay
                0x0000000008011dc4                SysTick_Handler
                0x0000000008011df4                systemBeep
                0x0000000008011e18                uartOpen
                0x0000000008012064                serialSetMode
                0x000000000801206a                isSerialTransmitBufferEmpty
                0x0000000008012070                serialRead
                0x0000000008012076                serialTxBytesFree
                0x000000000801207c                serialRxBytesWaiting
 .text          0x0000000008012084      0x5a0 /tmp/ccELukx5.ltrans20.ltrans.o
                0x00000000080124f8                i2cWrite.constprop.130
                0x0000000008012538                i2cRead.constprop.129
                0x000000000801256c                NVIC_Init.part.0.constprop.126
                0x00000000080125a8                timerChConfigIC.constprop.120
                0x00000000080125da                timerGetByTag.constprop.119
                0x0000000008012600                EXTIEnable.constprop.115
 .text          0x0000000008012624      0x9d8 /tmp/ccELukx5.ltrans21.ltrans.o
                0x0000000008012624                cliHelp.lto_priv.216
                0x0000000008012644                cliVersion.lto_priv.230
                0x0000000008012680                readEEPROM
                0x0000000008012ad0                resetConfigs
                0x0000000008012f38                cliDiff.lto_priv.208
                0x0000000008012f3c                cliDump.lto_priv.209
                0x0000000008012f40                applyAndSaveBoardAlignmentDelta
 .text          0x0000000008012ffc      0xbf4 /tmp/ccELukx5.ltrans22.ltrans.o
                0x0000000008013114                biquadFilterApply
                0x000000000801316c                nullFilterApply
                0x0000000008013170                _putc.lto_priv.428
                0x000000000801317c                fastA2F
                0x00000000080132a8                ftoa
                0x000000000801337c                a2d
                0x00000000080133a6                sbufReadU32
                0x00000000080133d2                sbufReadU16
                0x00000000080133e8                sbufReadU8
                0x00000000080133f2                sbufWriteData
                0x0000000008013406                sbufWriteU32
                0x000000000801342e                sbufWriteU16
                0x0000000008013442                tfp_format
                0x00000000080135fe                sensorCalibration_SolveLGS.lto_priv.288
                0x0000000008013762                sensorCalibrationSolveForOffset
                0x0000000008013798                sensorCalibrationPushSampleForOffsetCalculation
                0x00000000080138e8                sensorCalibrationResetState
                0x0000000008013904                applyDeadband
                0x0000000008013922                wrap_18000
                0x0000000008013944                atan2_approx
                0x0000000008013a48                sin_approx
                0x0000000008013b30                cos_approx
                0x0000000008013b44                pt1FilterApply4
                0x0000000008013ba8                crc8_dvb_s2
                0x0000000008013bc2                crc8_dvb_s2_update
                0x0000000008013bd8                bitArraySet
 .text          0x0000000008013bf0      0x8c4 /tmp/ccELukx5.ltrans23.ltrans.o
                0x0000000008013bf0                blackboxAdvanceIterationTimers.lto_priv.276
                0x0000000008013c38                blackboxLogEvent
                0x0000000008013ce8                blackboxLogIteration.lto_priv.277
 .text          0x00000000080144b4      0x88c /tmp/ccELukx5.ltrans24.ltrans.o
                0x00000000080144c8                EXTIConfig.constprop.112
                0x0000000008014598                spiTransfer.constprop.91
                0x0000000008014604                spiTransferByte.constprop.89
                0x0000000008014644                blackboxWriteSignedVBArray.constprop.83
                0x000000000801465e                arraySubInt32.constprop.82
                0x0000000008014678                geoConvertGeodeticToLocal.constprop.74
                0x00000000080146ec                configureNAV5.constprop.68
                0x0000000008014738                geoConvertLocalToGeodetic.constprop.66
                0x00000000080147ac                navPidApply3.constprop.65
                0x00000000080148c4                biquadFilterInit.constprop.49
                0x00000000080149a8                findNextSharedSerialPort.constprop.11
                0x0000000008014a08                TIM_ICInit
                0x0000000008014c30                RCC_GetClocksFreq
                0x0000000008014cd0                I2C_GetFlagStatus
                0x0000000008014d04                I2C_CheckEvent
                0x0000000008014d1c                FLASH_WaitForLastOperation
 .text          0x0000000008014d40      0xa54 /tmp/ccELukx5.ltrans25.ltrans.o
                0x0000000008014dec                navOnEnteringState_NAV_STATE_LAUNCH_IN_PROGRESS.lto_priv.175
                0x0000000008014e00                navOnEnteringState_NAV_STATE_EMERGENCY_LANDING_FINISHED.lto_priv.172
                0x0000000008014e04                navOnEnteringState_NAV_STATE_EMERGENCY_LANDING_IN_PROGRESS.lto_priv.171
                0x0000000008014e08                navOnEnteringState_NAV_STATE_WAYPOINT_NEXT.lto_priv.167
                0x0000000008014e3c                navOnEnteringState_NAV_STATE_WAYPOINT_REACHED.lto_priv.166
                0x0000000008014e68                navOnEnteringState_NAV_STATE_WAYPOINT_RTH_LAND.lto_priv.169
                0x0000000008014e84                navOnEnteringState_NAV_STATE_LAUNCH_WAIT.lto_priv.174
                0x0000000008014ea8                navOnEnteringState_NAV_STATE_LAUNCH_INITIALIZE.lto_priv.173
                0x0000000008014ed4                navOnEnteringState_NAV_STATE_EMERGENCY_LANDING_INITIALIZE.lto_priv.170
                0x0000000008014ede                navOnEnteringState_NAV_STATE_WAYPOINT_INITIALIZE.lto_priv.163
                0x0000000008014f0c                updateClimbRateToAltitudeController
                0x000000000801500c                resetLandingDetector
                0x0000000008015044                calculateInitialHoldPosition
                0x0000000008015064                setDesiredSurfaceOffset
                0x00000000080150d0                updateHomePositionCompatibility.lto_priv.285
                0x0000000008015104                setHomePosition
                0x0000000008015164                calculateBearingToDestination
                0x00000000080151c0                setDesiredPosition
                0x0000000008015250                calculateDistanceToDestination
                0x0000000008015298                validateRTHSanityChecker
                0x0000000008015314                initializeRTHSanityChecker
                0x0000000008015344                navOnEnteringState_NAV_STATE_WAYPOINT_PRE_ACTION.lto_priv.164
                0x0000000008015394                isWaypointReached
                0x00000000080153f0                updateActualAltitudeAndClimbRate
                0x000000000801545c                updateActualHorizontalPositionAndVelocity
                0x000000000801550c                checkForPositionSensorTimeout
                0x0000000008015544                navOnEnteringState_NAV_STATE_WAYPOINT_FINISHED.lto_priv.168
                0x0000000008015568                navOnEnteringState_NAV_STATE_WAYPOINT_IN_PROGRESS.lto_priv.165
                0x00000000080155dc                navPidInit
                0x0000000008015640                navProcessFSMEvents.lto_priv.254
 .text          0x0000000008015794      0x4d4 /tmp/ccELukx5.ltrans26.ltrans.o
                0x0000000008015794                gpsMagRead
                0x00000000080157ac                gpsMagInit
                0x00000000080157b0                sendConfigMessageUBLOX.lto_priv.143
                0x0000000008015804                gpsResetSolution.lto_priv.198
                0x0000000008015820                gpsHandleProtocol.lto_priv.197
                0x00000000080158a0                gpsSetState
                0x00000000080158b4                blackboxDeviceReserveBufferSpace
                0x0000000008015910                isBlackboxDeviceFull
                0x000000000801593c                blackboxDeviceFlushForce
                0x0000000008015960                blackboxPrint
                0x0000000008015a34                blackboxWrite
                0x0000000008015a88                blackboxWriteTag2_3S32
                0x0000000008015ba6                blackboxWriteUnsignedVB
                0x0000000008015bc4                blackboxWriteSignedVB
                0x0000000008015bcc                blackboxWriteSigned16VBArray
                0x0000000008015be6                blackboxPrintfHeaderLine
                0x0000000008015c44                blackboxPrintf
 .text          0x0000000008015c68      0x4fc /tmp/ccELukx5.ltrans27.ltrans.o
                0x0000000008015c68                taskUpdateCompass
                0x0000000008015e48                taskProcessGPS
                0x0000000008016050                taskUpdateBattery
 .text          0x0000000008016164      0x5b4 /tmp/ccELukx5.ltrans28.ltrans.o
                0x0000000008016164                inavFilterCorrectPos.lto_priv.443
                0x00000000080161b4                inavFilterPredict.lto_priv.444
                0x0000000008016218                calculateMulticopterInitialHoldPosition
                0x0000000008016258                updatePositionVelocityController_MC.lto_priv.281
                0x000000000801647c                resetMulticopterPositionController
                0x00000000080164c0                resetMulticopterAltitudeController
                0x0000000008016540                updateAltitudeThrottleController_MC.lto_priv.282
                0x00000000080165dc                updateAltitudeVelocityController_MC.lto_priv.283
                0x00000000080166e0                applyFixedWingLaunchIdleLogic.lto_priv.451
 .text          0x0000000008016718      0x2a0 /tmp/ccELukx5.ltrans29.ltrans.o
                0x0000000008016718                mspRebootFn.lto_priv.182
                0x0000000008016758                packBoxModeFlags.lto_priv.185
                0x0000000008016958                pidBankMutable.lto_priv.236
                0x0000000008016974                pidBank.lto_priv.184
                0x0000000008016990                HardFault_Handler
 .text          0x00000000080169b8       0xe8 /tmp/ccELukx5.ltrans30.ltrans.o
                0x00000000080169b8                taskUpdateRxCheck
 .text          0x0000000008016aa0       0x3c /tmp/ccELukx5.ltrans31.ltrans.o
                0x0000000008016aa0                RCC_ClockCmd.constprop.138
 .text          0x0000000008016adc      0x370 /usr/bin/../lib/gcc/arm-none-eabi/4.9.3/armv7-m/libgcc.a(_arm_addsubdf3.o)
                0x0000000008016adc                __aeabi_drsub
                0x0000000008016ae4                __aeabi_dsub
                0x0000000008016ae4                __subdf3
                0x0000000008016ae8                __adddf3
                0x0000000008016ae8                __aeabi_dadd
                0x0000000008016d60                __aeabi_ui2d
                0x0000000008016d60                __floatunsidf
                0x0000000008016d80                __floatsidf
                0x0000000008016d80                __aeabi_i2d
                0x0000000008016da4                __extendsfdf2
                0x0000000008016da4                __aeabi_f2d
                0x0000000008016de0                __aeabi_ul2d
                0x0000000008016de0                __floatundidf
                0x0000000008016df0                __floatdidf
                0x0000000008016df0                __aeabi_l2d
 .text          0x0000000008016e4c      0x424 /usr/bin/../lib/gcc/arm-none-eabi/4.9.3/armv7-m/libgcc.a(_arm_muldivdf3.o)
                0x0000000008016e4c                __aeabi_dmul
                0x0000000008016e4c                __muldf3
                0x00000000080170a0                __aeabi_ddiv
                0x00000000080170a0                __divdf3
 .text          0x0000000008017270       0xa0 /usr/bin/../lib/gcc/arm-none-eabi/4.9.3/armv7-m/libgcc.a(_arm_truncdfsf2.o)
                0x0000000008017270                __aeabi_d2f
                0x0000000008017270                __truncdfsf2
 .text          0x0000000008017310      0x21c /usr/bin/../lib/gcc/arm-none-eabi/4.9.3/armv7-m/libgcc.a(_arm_addsubsf3.o)
                0x0000000008017310                __aeabi_frsub
                0x0000000008017318                __subsf3
                0x0000000008017318                __aeabi_fsub
                0x000000000801731c                __aeabi_fadd
                0x000000000801731c                __addsf3
                0x000000000801747c                __aeabi_ui2f
                0x000000000801747c                __floatunsisf
                0x0000000008017484                __aeabi_i2f
                0x0000000008017484                __floatsisf
                0x00000000080174a0                __floatundisf
                0x00000000080174a0                __aeabi_ul2f
                0x00000000080174b0                __floatdisf
                0x00000000080174b0                __aeabi_l2f
 .text          0x000000000801752c      0x2a0 /usr/bin/../lib/gcc/arm-none-eabi/4.9.3/armv7-m/libgcc.a(_arm_muldivsf3.o)
                0x000000000801752c                __mulsf3
                0x000000000801752c                __aeabi_fmul
                0x0000000008017694                __divsf3
                0x0000000008017694                __aeabi_fdiv
 .text          0x00000000080177cc       0xec /usr/bin/../lib/gcc/arm-none-eabi/4.9.3/armv7-m/libgcc.a(_arm_cmpsf2.o)
                0x00000000080177cc                __gtsf2
                0x00000000080177cc                __gesf2
                0x00000000080177d4                __lesf2
                0x00000000080177d4                __ltsf2
                0x00000000080177dc                __nesf2
                0x00000000080177dc                __eqsf2
                0x00000000080177dc                __cmpsf2
                0x000000000801783c                __aeabi_cfrcmple
                0x0000000008017844                __aeabi_cfcmple
                0x0000000008017844                __aeabi_cfcmpeq
                0x0000000008017854                __aeabi_fcmpeq
                0x0000000008017868                __aeabi_fcmplt
                0x000000000801787c                __aeabi_fcmple
                0x0000000008017890                __aeabi_fcmpge
                0x00000000080178a4                __aeabi_fcmpgt
 .text          0x00000000080178b8       0x4c /usr/bin/../lib/gcc/arm-none-eabi/4.9.3/armv7-m/libgcc.a(_arm_fixsfsi.o)
                0x00000000080178b8                __fixsfsi
                0x00000000080178b8                __aeabi_f2iz
 .text          0x0000000008017904       0x40 /usr/bin/../lib/gcc/arm-none-eabi/4.9.3/armv7-m/libgcc.a(_arm_fixunssfsi.o)
                0x0000000008017904                __aeabi_f2uiz
                0x0000000008017904                __fixunssfsi
 .text          0x0000000008017944       0x38 /usr/bin/../lib/gcc/arm-none-eabi/4.9.3/armv7-m/libgcc.a(_aeabi_ldivmod.o)
                0x0000000008017944                __aeabi_ldivmod
 .text          0x000000000801797c       0x30 /usr/bin/../lib/gcc/arm-none-eabi/4.9.3/armv7-m/libgcc.a(_aeabi_uldivmod.o)
                0x000000000801797c                __aeabi_uldivmod
 .text          0x00000000080179ac       0x28 /usr/bin/../lib/gcc/arm-none-eabi/4.9.3/armv7-m/libgcc.a(_popcountsi2.o)
                0x00000000080179ac                __popcountsi2
 .text          0x00000000080179d4       0x60 /usr/bin/../lib/gcc/arm-none-eabi/4.9.3/armv7-m/libgcc.a(bpabi.o)
                0x00000000080179d4                __gnu_ldivmod_helper
                0x0000000008017a04                __gnu_uldivmod_helper
 .text          0x0000000008017a34        0x4 /usr/bin/../lib/gcc/arm-none-eabi/4.9.3/armv7-m/libgcc.a(_dvmd_tls.o)
                0x0000000008017a34                __aeabi_ldiv0
                0x0000000008017a34                __aeabi_idiv0
 .text          0x0000000008017a38      0x2ac /usr/bin/../lib/gcc/arm-none-eabi/4.9.3/armv7-m/libgcc.a(_divdi3.o)
                0x0000000008017a38                __divdi3
 .text          0x0000000008017ce4      0x270 /usr/bin/../lib/gcc/arm-none-eabi/4.9.3/armv7-m/libgcc.a(_udivdi3.o)
                0x0000000008017ce4                __udivdi3
 .text          0x0000000008017f54      0x110 /usr/bin/../lib/gcc/arm-none-eabi/4.9.3/armv7-m/libgcc.a(_arm_cmpdf2.o)
                0x0000000008017f54                __gtdf2
                0x0000000008017f54                __gedf2
                0x0000000008017f5c                __ltdf2
                0x0000000008017f5c                __ledf2
                0x0000000008017f64                __cmpdf2
                0x0000000008017f64                __eqdf2
                0x0000000008017f64                __nedf2
                0x0000000008017fe0                __aeabi_cdrcmple
                0x0000000008017ff0                __aeabi_cdcmple
                0x0000000008017ff0                __aeabi_cdcmpeq
                0x0000000008018000                __aeabi_dcmpeq
                0x0000000008018014                __aeabi_dcmplt
                0x0000000008018028                __aeabi_dcmple
                0x000000000801803c                __aeabi_dcmpge
                0x0000000008018050                __aeabi_dcmpgt
 *(.text*)
 .text.Reset_Handler
                0x0000000008018064       0xb8 obj/main/NAZE/startup_stm32f10x_md_gcc.o
                0x0000000008018064                Reset_Handler
 .text.Default_Handler
                0x000000000801811c        0x2 obj/main/NAZE/startup_stm32f10x_md_gcc.o
                0x000000000801811c                DebugMon_Handler
                0x000000000801811c                PVD_IRQHandler
                0x000000000801811c                PendSV_Handler
                0x000000000801811c                NMI_Handler
                0x000000000801811c                I2C2_EV_IRQHandler
                0x000000000801811c                UsageFault_Handler
                0x000000000801811c                ADC1_2_IRQHandler
                0x000000000801811c                SPI1_IRQHandler
                0x000000000801811c                TAMPER_IRQHandler
                0x000000000801811c                USART3_IRQHandler
                0x000000000801811c                RTC_IRQHandler
                0x000000000801811c                CAN1_RX1_IRQHandler
                0x000000000801811c                I2C1_EV_IRQHandler
                0x000000000801811c                RCC_IRQHandler
                0x000000000801811c                TIM1_TRG_COM_IRQHandler
                0x000000000801811c                Default_Handler
                0x000000000801811c                SPI2_IRQHandler
                0x000000000801811c                MemManage_Handler
                0x000000000801811c                SVC_Handler
                0x000000000801811c                USB_LP_CAN1_RX0_IRQHandler
                0x000000000801811c                USB_HP_CAN1_TX_IRQHandler
                0x000000000801811c                WWDG_IRQHandler
                0x000000000801811c                TIM1_BRK_IRQHandler
                0x000000000801811c                RTCAlarm_IRQHandler
                0x000000000801811c                I2C2_ER_IRQHandler
                0x000000000801811c                CAN1_SCE_IRQHandler
                0x000000000801811c                FLASH_IRQHandler
                0x000000000801811c                BusFault_Handler
                0x000000000801811c                I2C1_ER_IRQHandler
                0x000000000801811c                USBWakeUp_IRQHandler
 *fill*         0x000000000801811e        0x2 
 .text.startup  0x0000000008018120     0x205c /tmp/ccELukx5.ltrans0.ltrans.o
                0x0000000008018120                main
 .text.memcmp   0x000000000801a17c       0x20 /usr/bin/../lib/gcc/arm-none-eabi/4.9.3/../../../../arm-none-eabi/lib/armv7-m/libg_nano.a(lib_a-memcmp.o)
                0x000000000801a17c                memcmp
 .text.memcpy   0x000000000801a19c       0x16 /usr/bin/../lib/gcc/arm-none-eabi/4.9.3/../../../../arm-none-eabi/lib/armv7-m/libg_nano.a(lib_a-memcpy.o)
                0x000000000801a19c                memcpy
 .text.memmove  0x000000000801a1b2       0x36 /usr/bin/../lib/gcc/arm-none-eabi/4.9.3/../../../../arm-none-eabi/lib/armv7-m/libg_nano.a(lib_a-memmove.o)
                0x000000000801a1b2                memmove
 .text.memset   0x000000000801a1e8       0x10 /usr/bin/../lib/gcc/arm-none-eabi/4.9.3/../../../../arm-none-eabi/lib/armv7-m/libg_nano.a(lib_a-memset.o)
                0x000000000801a1e8                memset
 .text.strcat   0x000000000801a1f8       0x1e /usr/bin/../lib/gcc/arm-none-eabi/4.9.3/../../../../arm-none-eabi/lib/armv7-m/libg_nano.a(lib_a-strcat.o)
                0x000000000801a1f8                strcat
 .text.strchr   0x000000000801a216       0x1c /usr/bin/../lib/gcc/arm-none-eabi/4.9.3/../../../../arm-none-eabi/lib/armv7-m/libg_nano.a(lib_a-strchr.o)
                0x000000000801a216                strchr
 .text.strcpy   0x000000000801a232       0x10 /usr/bin/../lib/gcc/arm-none-eabi/4.9.3/../../../../arm-none-eabi/lib/armv7-m/libg_nano.a(lib_a-strcpy.o)
                0x000000000801a232                strcpy
 .text.strlen   0x000000000801a242       0x10 /usr/bin/../lib/gcc/arm-none-eabi/4.9.3/../../../../arm-none-eabi/lib/armv7-m/libg_nano.a(lib_a-strlen.o)
                0x000000000801a242                strlen
 .text.strncmp  0x000000000801a252       0x32 /usr/bin/../lib/gcc/arm-none-eabi/4.9.3/../../../../arm-none-eabi/lib/armv7-m/libg_nano.a(lib_a-strncmp.o)
                0x000000000801a252                strncmp
 .text.strncpy  0x000000000801a284       0x24 /usr/bin/../lib/gcc/arm-none-eabi/4.9.3/../../../../arm-none-eabi/lib/armv7-m/libg_nano.a(lib_a-strncpy.o)
                0x000000000801a284                strncpy
 .text.strspn   0x000000000801a2a8       0x1e /usr/bin/../lib/gcc/arm-none-eabi/4.9.3/../../../../arm-none-eabi/lib/armv7-m/libg_nano.a(lib_a-strspn.o)
                0x000000000801a2a8                strspn
 .text.strstr   0x000000000801a2c6       0x30 /usr/bin/../lib/gcc/arm-none-eabi/4.9.3/../../../../arm-none-eabi/lib/armv7-m/libg_nano.a(lib_a-strstr.o)
                0x000000000801a2c6                strstr
 *fill*         0x000000000801a2f6        0x2 
 .text.__fpclassifyf
                0x000000000801a2f8       0x34 /usr/bin/../lib/gcc/arm-none-eabi/4.9.3/../../../../arm-none-eabi/lib/armv7-m/libm.a(lib_a-sf_fpclassify.o)
                0x000000000801a2f8                __fpclassifyf
 .text.strtok   0x000000000801a32c       0x64 /usr/bin/../lib/gcc/arm-none-eabi/4.9.3/../../../../arm-none-eabi/lib/armv7-m/libc_nano.a(lib_a-strtok.o)
                0x000000000801a32c                strtok
 .text.__strtok_r
                0x000000000801a390       0x56 /usr/bin/../lib/gcc/arm-none-eabi/4.9.3/../../../../arm-none-eabi/lib/armv7-m/libc_nano.a(lib_a-strtok_r.o)
                0x000000000801a390                __strtok_r
 .text.strtok_r
                0x000000000801a3e6        0x6 /usr/bin/../lib/gcc/arm-none-eabi/4.9.3/../../../../arm-none-eabi/lib/armv7-m/libc_nano.a(lib_a-strtok_r.o)
                0x000000000801a3e6                strtok_r
 .text.malloc   0x000000000801a3ec       0x10 /usr/bin/../lib/gcc/arm-none-eabi/4.9.3/../../../../arm-none-eabi/lib/armv7-m/libc_nano.a(lib_a-malloc.o)
                0x000000000801a3ec                malloc
 .text._malloc_r
                0x000000000801a3fc       0xac /usr/bin/../lib/gcc/arm-none-eabi/4.9.3/../../../../arm-none-eabi/lib/armv7-m/libc_nano.a(lib_a-nano-mallocr.o)
                0x000000000801a3fc                _malloc_r
 .text._sbrk_r  0x000000000801a4a8       0x20 /usr/bin/../lib/gcc/arm-none-eabi/4.9.3/../../../../arm-none-eabi/lib/armv7-m/libc_nano.a(lib_a-sbrkr.o)
                0x000000000801a4a8                _sbrk_r
 .text._sbrk    0x000000000801a4c8       0x1c /usr/bin/../lib/gcc/arm-none-eabi/4.9.3/../../../../arm-none-eabi/lib/armv7-m/libnosys.a(sbrk.o)
                0x000000000801a4c8                _sbrk
 .text.lrintf   0x000000000801a4e4       0x78 /usr/bin/../lib/gcc/arm-none-eabi/4.9.3/../../../../arm-none-eabi/lib/armv7-m/libm.a(lib_a-sf_lrint.o)
                0x000000000801a4e4                lrintf
 .text.powf     0x000000000801a55c      0x314 /usr/bin/../lib/gcc/arm-none-eabi/4.9.3/../../../../arm-none-eabi/lib/armv7-m/libm.a(lib_a-wf_pow.o)
                0x000000000801a55c                powf
 .text.sqrtf    0x000000000801a870       0x9c /usr/bin/../lib/gcc/arm-none-eabi/4.9.3/../../../../arm-none-eabi/lib/armv7-m/libm.a(lib_a-wf_sqrt.o)
                0x000000000801a870                sqrtf
 .text.__ieee754_powf
                0x000000000801a90c      0x6ec /usr/bin/../lib/gcc/arm-none-eabi/4.9.3/../../../../arm-none-eabi/lib/armv7-m/libm.a(lib_a-ef_pow.o)
                0x000000000801a90c                __ieee754_powf
 .text.__ieee754_sqrtf
                0x000000000801aff8       0xa8 /usr/bin/../lib/gcc/arm-none-eabi/4.9.3/../../../../arm-none-eabi/lib/armv7-m/libm.a(lib_a-ef_sqrt.o)
                0x000000000801aff8                __ieee754_sqrtf
 .text.matherr  0x000000000801b0a0        0x4 /usr/bin/../lib/gcc/arm-none-eabi/4.9.3/../../../../arm-none-eabi/lib/armv7-m/libm.a(lib_a-s_matherr.o)
                0x000000000801b0a0                matherr
 .text.rint     0x000000000801b0a4      0x11c /usr/bin/../lib/gcc/arm-none-eabi/4.9.3/../../../../arm-none-eabi/lib/armv7-m/libm.a(lib_a-s_rint.o)
                0x000000000801b0a4                rint
 .text.fabsf    0x000000000801b1c0        0x8 /usr/bin/../lib/gcc/arm-none-eabi/4.9.3/../../../../arm-none-eabi/lib/armv7-m/libm.a(lib_a-sf_fabs.o)
                0x000000000801b1c0                fabsf
 .text.finitef  0x000000000801b1c8       0x10 /usr/bin/../lib/gcc/arm-none-eabi/4.9.3/../../../../arm-none-eabi/lib/armv7-m/libm.a(lib_a-sf_finite.o)
                0x000000000801b1c8                finitef
 .text.nanf     0x000000000801b1d8        0x8 /usr/bin/../lib/gcc/arm-none-eabi/4.9.3/../../../../arm-none-eabi/lib/armv7-m/libm.a(lib_a-sf_nan.o)
                0x000000000801b1d8                nanf
 .text.scalbnf  0x000000000801b1e0       0xb0 /usr/bin/../lib/gcc/arm-none-eabi/4.9.3/../../../../arm-none-eabi/lib/armv7-m/libm.a(lib_a-sf_scalbn.o)
                0x000000000801b1e0                scalbnf
 .text.copysignf
                0x000000000801b290        0xc /usr/bin/../lib/gcc/arm-none-eabi/4.9.3/../../../../arm-none-eabi/lib/armv7-m/libm.a(lib_a-sf_copysign.o)
                0x000000000801b290                copysignf
 .text.__errno  0x000000000801b29c        0xc /usr/bin/../lib/gcc/arm-none-eabi/4.9.3/../../../../arm-none-eabi/lib/armv7-m/libc_nano.a(lib_a-errno.o)
                0x000000000801b29c                __errno
 *(.rodata)
 .rodata        0x000000000801b2a8       0x12 /tmp/ccELukx5.ltrans0.ltrans.o
 *fill*         0x000000000801b2ba        0x2 
 .rodata        0x000000000801b2bc      0x444 /tmp/ccELukx5.ltrans1.ltrans.o
 .rodata        0x000000000801b700       0xf3 /tmp/ccELukx5.ltrans2.ltrans.o
                0x000000000801b700                cmdTable
 *fill*         0x000000000801b7f3        0x1 
 .rodata        0x000000000801b7f4      0x1cc /tmp/ccELukx5.ltrans3.ltrans.o
                0x000000000801b824                boxes.lto_priv.201
                0x000000000801b9b0                vbat
                0x000000000801b9b4                shortGitRevision
                0x000000000801b9b8                buildTime
                0x000000000801b9bc                buildDate
 .rodata        0x000000000801b9c0       0x3c /tmp/ccELukx5.ltrans4.ltrans.o
 .rodata        0x000000000801b9fc       0x28 /tmp/ccELukx5.ltrans5.ltrans.o
 .rodata        0x000000000801ba24       0x18 /tmp/ccELukx5.ltrans6.ltrans.o
 .rodata        0x000000000801ba3c      0xe10 /tmp/ccELukx5.ltrans7.ltrans.o
                0x000000000801baa8                failsafeProcedureLogic.lto_priv.272
                0x000000000801babc                cliValueTable
 .rodata        0x000000000801c84c       0x16 /tmp/ccELukx5.ltrans8.ltrans.o
                0x000000000801c84c                leds.lto_priv.425
                0x000000000801c858                ioDefUsedMask.lto_priv.427
                0x000000000801c861                ledOffset.lto_priv.424
 *fill*         0x000000000801c862        0x2 
 .rodata        0x000000000801c864      0x39b /tmp/ccELukx5.ltrans9.ltrans.o
                0x000000000801c870                navFSM.lto_priv.246
                0x000000000801cb9c                beep_launchModeBeep.lto_priv.326
                0x000000000801cba1                beep_armedBeep.lto_priv.325
                0x000000000801cba6                beep_disarmRepeatBeep.lto_priv.324
                0x000000000801cbaa                beep_readyBeep.lto_priv.323
                0x000000000801cbb9                beep_2longerBeeps.lto_priv.322
                0x000000000801cbbe                beep_2shortBeeps.lto_priv.321
                0x000000000801cbc3                beep_shortBeep.lto_priv.320
                0x000000000801cbc6                beep_lowBatteryBeep.lto_priv.318
                0x000000000801cbc9                beep_critBatteryBeep.lto_priv.317
                0x000000000801cbcc                beep_armedGpsFix.lto_priv.316
                0x000000000801cbd5                beep_armingBeep.lto_priv.315
                0x000000000801cbda                beep_disarmBeep.lto_priv.314
                0x000000000801cbdf                beep_sos.lto_priv.313
                0x000000000801cbf2                beep_txLostBeep.lto_priv.312
                0x000000000801cbf5                beep_hardwareFailure.lto_priv.311
                0x000000000801cbf8                beep_runtimeCalibrationDone.lto_priv.310
 *fill*         0x000000000801cbff        0x1 
 .rodata        0x000000000801cc00        0x8 /tmp/ccELukx5.ltrans10.ltrans.o
 .rodata        0x000000000801cc08      0x1e1 /tmp/ccELukx5.ltrans11.ltrans.o
 *fill*         0x000000000801cde9        0x3 
 .rodata        0x000000000801cdec       0x2c /tmp/ccELukx5.ltrans12.ltrans.o
 .rodata        0x000000000801ce18        0xc /tmp/ccELukx5.ltrans15.ltrans.o
                0x000000000801ce22                vbatLatestADC
 .rodata        0x000000000801ce24       0xfc /tmp/ccELukx5.ltrans16.ltrans.o
                0x000000000801ce24                servoMixers
                0x000000000801cef4                servoMixerAirplane.lto_priv.431
                0x000000000801cf0c                servoMixerFlyingWing.lto_priv.430
                0x000000000801cf1c                servoMixerTri.lto_priv.429
 .rodata        0x000000000801cf20      0x22c /tmp/ccELukx5.ltrans17.ltrans.o
                0x000000000801cf74                cliValueMinMaxTable
                0x000000000801d06c                cliLookupTables
 .rodata        0x000000000801d14c       0x4c /tmp/ccELukx5.ltrans18.ltrans.o
                0x000000000801d154                baudRates
 .rodata        0x000000000801d198       0x28 /tmp/ccELukx5.ltrans19.ltrans.o
 .rodata        0x000000000801d1c0       0xf8 /tmp/ccELukx5.ltrans21.ltrans.o
                0x000000000801d1d4                mixerNames.lto_priv.340
                0x000000000801d23c                featureNames.lto_priv.351
 .rodata        0x000000000801d2b8       0x4f /tmp/ccELukx5.ltrans24.ltrans.o
 *fill*         0x000000000801d307        0x1 
 .rodata        0x000000000801d308       0x48 /tmp/ccELukx5.ltrans27.ltrans.o
                0x000000000801d308                gpsProviders.lto_priv.367
 *(.rodata*)
 .rodata.str1.1
                0x000000000801d350      0x1c0 /tmp/ccELukx5.ltrans1.ltrans.o
                                        0x1c8 (size before relaxing)
 .rodata.str1.1
                0x000000000801d510       0xcb /tmp/ccELukx5.ltrans2.ltrans.o
                                         0xf1 (size before relaxing)
 .rodata.str1.1
                0x000000000801d5db      0x183 /tmp/ccELukx5.ltrans3.ltrans.o
 .rodata.str1.1
                0x000000000801d75e      0x2cf /tmp/ccELukx5.ltrans6.ltrans.o
                                        0x31b (size before relaxing)
 .rodata.str1.1
                0x000000000801da2d      0x4ce /tmp/ccELukx5.ltrans7.ltrans.o
                                        0x5dc (size before relaxing)
 *fill*         0x000000000801defb        0x1 
 .rodata.cliValuePgn
                0x000000000801defc       0x36 /tmp/ccELukx5.ltrans7.ltrans.o
 .rodata.ioPortDefs
                0x000000000801df32        0x7 /tmp/ccELukx5.ltrans8.ltrans.o
 *fill*         0x000000000801df39        0x3 
 .rodata.beeperTable
                0x000000000801df3c      0x108 /tmp/ccELukx5.ltrans9.ltrans.o
                0x000000000801df3c                beeperTable
 .rodata.serialPortIdentifiers
                0x000000000801e044        0x4 /tmp/ccELukx5.ltrans9.ltrans.o
                0x000000000801e044                serialPortIdentifiers
 .rodata.str1.1
                0x000000000801e048       0xe9 /tmp/ccELukx5.ltrans9.ltrans.o
                                         0xf0 (size before relaxing)
 .rodata.str1.1
                0x000000000801e131       0xaa /tmp/ccELukx5.ltrans12.ltrans.o
 .rodata.str1.1
                0x000000000801e1db       0xb5 /tmp/ccELukx5.ltrans14.ltrans.o
                                         0xcf (size before relaxing)
 .rodata.timerDefinitions
                0x000000000801e290       0x20 /tmp/ccELukx5.ltrans14.ltrans.o
                0x000000000801e290                timerDefinitions
 .rodata.str1.1
                0x000000000801e2b0      0x150 /tmp/ccELukx5.ltrans16.ltrans.o
                                        0x191 (size before relaxing)
 .rodata.str1.1
                0x000000000801e400      0x558 /tmp/ccELukx5.ltrans17.ltrans.o
                                        0x5cf (size before relaxing)
 .rodata.rcChannelLetters
                0x000000000801e958       0x15 /tmp/ccELukx5.ltrans18.ltrans.o
                0x000000000801e958                rcChannelLetters
 .rodata.str1.1
                0x000000000801e96d       0x34 /tmp/ccELukx5.ltrans18.ltrans.o
                                         0x44 (size before relaxing)
 *fill*         0x000000000801e9a1        0x3 
 .rodata.timerHardware
                0x000000000801e9a4       0xa8 /tmp/ccELukx5.ltrans20.ltrans.o
                0x000000000801e9a4                timerHardware
 .rodata.str1.1
                0x000000000801ea4c      0x250 /tmp/ccELukx5.ltrans21.ltrans.o
                                        0x2ba (size before relaxing)
 .rodata.str1.1
                0x000000000801ec9c       0x25 /tmp/ccELukx5.ltrans22.ltrans.o
                                         0x27 (size before relaxing)
 .rodata.str1.1
                0x000000000801ecc1       0x1e /tmp/ccELukx5.ltrans23.ltrans.o
 .rodata.str1.1
                0x0000000000000000        0x0 /usr/bin/../lib/gcc/arm-none-eabi/4.9.3/../../../../arm-none-eabi/lib/armv7-m/libc_nano.a(lib_a-impure.o)
                                          0x2 (size before relaxing)
 *fill*         0x000000000801ecdf        0x1 
 .rodata.TWO23  0x000000000801ece0        0x8 /usr/bin/../lib/gcc/arm-none-eabi/4.9.3/../../../../arm-none-eabi/lib/armv7-m/libm.a(lib_a-sf_lrint.o)
 .rodata.str1.4
                0x000000000801ece8        0x5 /usr/bin/../lib/gcc/arm-none-eabi/4.9.3/../../../../arm-none-eabi/lib/armv7-m/libm.a(lib_a-wf_pow.o)
 *fill*         0x000000000801eced        0x3 
 .rodata.str1.4
                0x000000000801ecf0        0x6 /usr/bin/../lib/gcc/arm-none-eabi/4.9.3/../../../../arm-none-eabi/lib/armv7-m/libm.a(lib_a-wf_sqrt.o)
 *fill*         0x000000000801ecf6        0x2 
 .rodata.dp_h   0x000000000801ecf8        0x8 /usr/bin/../lib/gcc/arm-none-eabi/4.9.3/../../../../arm-none-eabi/lib/armv7-m/libm.a(lib_a-ef_pow.o)
 .rodata.dp_l   0x000000000801ed00        0x8 /usr/bin/../lib/gcc/arm-none-eabi/4.9.3/../../../../arm-none-eabi/lib/armv7-m/libm.a(lib_a-ef_pow.o)
 .rodata.bp     0x000000000801ed08        0x8 /usr/bin/../lib/gcc/arm-none-eabi/4.9.3/../../../../arm-none-eabi/lib/armv7-m/libm.a(lib_a-ef_pow.o)
 .rodata.str1.4
                0x0000000000000000        0x8 /usr/bin/../lib/gcc/arm-none-eabi/4.9.3/../../../../arm-none-eabi/lib/armv7-m/libm.a(lib_a-ef_pow.o)
                                          0x1 (size before relaxing)
 .rodata.TWO52  0x000000000801ed10       0x10 /usr/bin/../lib/gcc/arm-none-eabi/4.9.3/../../../../arm-none-eabi/lib/armv7-m/libm.a(lib_a-s_rint.o)
 *(.glue_7)
 .glue_7        0x0000000000000000        0x0 linker stubs
 *(.glue_7t)
 .glue_7t       0x0000000000000000        0x0 linker stubs
 *(.eh_frame)
 *(.init)
 *(.fini)
                0x000000000801ed20                . = ALIGN (0x4)
                0x000000000801ed20                _etext = .

.vfp11_veneer   0x000000000801ed20        0x0
 .vfp11_veneer  0x0000000000000000        0x0 linker stubs

.v4_bx          0x000000000801ed20        0x0
 .v4_bx         0x0000000000000000        0x0 linker stubs

.iplt           0x000000000801ed20        0x0
 .iplt          0x0000000000000000        0x0 obj/main/NAZE/startup_stm32f10x_md_gcc.o

.ARM.extab
 *(.ARM.extab* .gnu.linkonce.armextab.*)

.ARM            0x000000000801ed20        0x8
                0x000000000801ed20                __exidx_start = .
 *(.ARM.exidx*)
 .ARM.exidx     0x000000000801ed20        0x8 /usr/bin/../lib/gcc/arm-none-eabi/4.9.3/armv7-m/libgcc.a(_divdi3.o)
 .ARM.exidx     0x000000000801ed28        0x0 /usr/bin/../lib/gcc/arm-none-eabi/4.9.3/armv7-m/libgcc.a(_udivdi3.o)
                                          0x8 (size before relaxing)
                0x000000000801ed28                __exidx_end = .

.preinit_array  0x000000000801ed28        0x0
                0x000000000801ed28                PROVIDE (__preinit_array_start, .)
 *(.preinit_array*)
                0x000000000801ed28                PROVIDE (__preinit_array_end, .)

.init_array     0x000000000801ed28        0x0
                0x000000000801ed28                PROVIDE (__init_array_start, .)
 *(SORT(.init_array.*))
 *(.init_array*)
                0x000000000801ed28                PROVIDE (__init_array_end, .)

.fini_array     0x000000000801ed28        0x0
                0x000000000801ed28                PROVIDE (__fini_array_start, .)
 *(.fini_array*)
 *(SORT(.fini_array.*))
                0x000000000801ed28                PROVIDE (__fini_array_end, .)

.pg_registry    0x000000000801ed28      0x2d0
                0x000000000801ed28                PROVIDE (__pg_registry_start, .)
 *(.pg_registry)
 .pg_registry   0x000000000801ed28       0x14 /tmp/ccELukx5.ltrans1.ltrans.o
                0x000000000801ed28                gimbalConfig_Registry
 .pg_registry   0x000000000801ed3c      0x104 /tmp/ccELukx5.ltrans3.ltrans.o
                0x000000000801ed3c                systemConfig_Registry
                0x000000000801ed50                featureConfig_Registry
                0x000000000801ed64                positionEstimationConfig_Registry
                0x000000000801ed78                navConfig_Registry
                0x000000000801ed8c                barometerConfig_Registry
                0x000000000801eda0                servoConfig_Registry
                0x000000000801edb4                blackboxConfig_Registry
                0x000000000801edc8                compassConfig_Registry
                0x000000000801eddc                gpsConfig_Registry
                0x000000000801edf0                adjustmentRanges_Registry
                0x000000000801ee04                gyroConfig_Registry
                0x000000000801ee18                armingConfig_Registry
                0x000000000801ee2c                batteryConfig_Registry
 .pg_registry   0x000000000801ee40       0x14 /tmp/ccELukx5.ltrans4.ltrans.o
                0x000000000801ee40                modeActivationOperatorConfig_Registry
 .pg_registry   0x000000000801ee54       0x28 /tmp/ccELukx5.ltrans5.ltrans.o
                0x000000000801ee54                adcChannelConfig_Registry
                0x000000000801ee68                pidAutotuneConfig_Registry
 .pg_registry   0x000000000801ee7c       0x78 /tmp/ccELukx5.ltrans7.ltrans.o
                0x000000000801ee7c                rcControlsConfig_Registry
                0x000000000801ee90                modeActivationConditions_Registry
                0x000000000801eea4                failsafeConfig_Registry
                0x000000000801eeb8                mixerConfig_Registry
                0x000000000801eecc                motorConfig_Registry
                0x000000000801eee0                flight3DConfig_Registry
 .pg_registry   0x000000000801eef4       0x50 /tmp/ccELukx5.ltrans9.ltrans.o
                0x000000000801eef4                pidProfile_Registry
                0x000000000801ef08                servoParams_Registry
                0x000000000801ef1c                customServoMixers_Registry
                0x000000000801ef30                beeperConfig_Registry
 .pg_registry   0x000000000801ef44       0x14 /tmp/ccELukx5.ltrans10.ltrans.o
                0x000000000801ef44                telemetryConfig_Registry
 .pg_registry   0x000000000801ef58       0x14 /tmp/ccELukx5.ltrans15.ltrans.o
                0x000000000801ef58                controlRateProfiles_Registry
 .pg_registry   0x000000000801ef6c       0x50 /tmp/ccELukx5.ltrans18.ltrans.o
                0x000000000801ef6c                rxChannelRangeConfigs_Registry
                0x000000000801ef80                rxConfig_Registry
                0x000000000801ef94                accelerometerConfig_Registry
                0x000000000801efa8                boardAlignment_Registry
 .pg_registry   0x000000000801efbc       0x28 /tmp/ccELukx5.ltrans21.ltrans.o
                0x000000000801efbc                customMotorMixer_Registry
                0x000000000801efd0                imuConfig_Registry
 .pg_registry   0x000000000801efe4       0x14 /tmp/ccELukx5.ltrans24.ltrans.o
                0x000000000801efe4                serialConfig_Registry
 *(SORT(.pg_registry.*))
                0x000000000801eff8                PROVIDE (__pg_registry_end, .)

.pg_resetdata   0x000000000801eff8      0x1ca
                0x000000000801eff8                PROVIDE (__pg_resetdata_start, .)
 *(.pg_resetdata)
 .pg_resetdata  0x000000000801eff8       0xea /tmp/ccELukx5.ltrans3.ltrans.o
                0x000000000801eff8                pgResetTemplate_systemConfig
                0x000000000801f014                pgResetTemplate_featureConfig
                0x000000000801f018                pgResetTemplate_positionEstimationConfig
                0x000000000801f050                pgResetTemplate_navConfig
                0x000000000801f09c                pgResetTemplate_barometerConfig
                0x000000000801f09e                pgResetTemplate_servoConfig
                0x000000000801f0a8                pgResetTemplate_blackboxConfig
                0x000000000801f0ac                pgResetTemplate_compassConfig
                0x000000000801f0b8                pgResetTemplate_gpsConfig
                0x000000000801f0be                pgResetTemplate_gyroConfig
                0x000000000801f0d0                pgResetTemplate_armingConfig
                0x000000000801f0d4                pgResetTemplate_batteryConfig
 .pg_resetdata  0x000000000801f0e2        0xc /tmp/ccELukx5.ltrans5.ltrans.o
                0x000000000801f0e2                pgResetTemplate_adcChannelConfig
                0x000000000801f0e6                pgResetTemplate_pidAutotuneConfig
 .pg_resetdata  0x000000000801f0ee       0x2a /tmp/ccELukx5.ltrans7.ltrans.o
                0x000000000801f0ee                pgResetTemplate_rcControlsConfig
                0x000000000801f0f4                pgResetTemplate_failsafeConfig
                0x000000000801f104                pgResetTemplate_mixerConfig
                0x000000000801f108                pgResetTemplate_motorConfig
                0x000000000801f112                pgResetTemplate_flight3DConfig
 .pg_resetdata  0x000000000801f118       0x68 /tmp/ccELukx5.ltrans9.ltrans.o
                0x000000000801f118                pgResetTemplate_pidProfile
 .pg_resetdata  0x000000000801f180       0x14 /tmp/ccELukx5.ltrans10.ltrans.o
                0x000000000801f180                pgResetTemplate_telemetryConfig
 .pg_resetdata  0x000000000801f194       0x24 /tmp/ccELukx5.ltrans18.ltrans.o
                0x000000000801f194                pgResetTemplate_rxConfig
 .pg_resetdata  0x000000000801f1b8        0xa /tmp/ccELukx5.ltrans21.ltrans.o
                0x000000000801f1b8                pgResetTemplate_imuConfig
                0x000000000801f1c2                PROVIDE (__pg_resetdata_end, .)
                0x000000000801f1c2                _sidata = .

.rel.dyn        0x000000000801f1c4        0x0
 .rel.iplt      0x0000000000000000        0x0 obj/main/NAZE/startup_stm32f10x_md_gcc.o

.data           0x0000000020000000      0x5e8 load address 0x000000000801f1c2
                0x0000000020000000                . = ALIGN (0x4)
                0x0000000020000000                _sdata = .
 *(.data)
 .data          0x0000000020000000        0x8 /tmp/ccELukx5.ltrans1.ltrans.o
                0x0000000020000000                altHoldThrottleRCZero.lto_priv.449
 .data          0x0000000020000008       0x10 /tmp/ccELukx5.ltrans3.ltrans.o
                0x0000000020000008                geometry.lto_priv.202
 .data          0x0000000020000018        0x2 /tmp/ccELukx5.ltrans4.ltrans.o
                0x0000000020000018                rxIsInFailsafeMode.lto_priv.259
                0x0000000020000019                rxIsInFailsafeModeNotDataDriven.lto_priv.258
 *fill*         0x000000002000001a        0x2 
 .data          0x000000002000001c       0xc4 /tmp/ccELukx5.ltrans5.ltrans.o
 .data          0x00000000200000e0       0x20 /tmp/ccELukx5.ltrans6.ltrans.o
                0x00000000200000e0                magGain.lto_priv.488
 .data          0x0000000020000100        0x5 /tmp/ccELukx5.ltrans7.ltrans.o
                0x0000000020000104                isUsingSticksToArm.lto_priv.244
 .data          0x0000000020000105        0x1 /tmp/ccELukx5.ltrans8.ltrans.o
                0x0000000020000105                ppmCountDivisor.lto_priv.418
 *fill*         0x0000000020000106        0x2 
 .data          0x0000000020000108        0x4 /tmp/ccELukx5.ltrans10.ltrans.o
 .data          0x000000002000010c       0x1f /tmp/ccELukx5.ltrans11.ltrans.o
 *fill*         0x000000002000012b        0x1 
 .data          0x000000002000012c      0x1d0 /tmp/ccELukx5.ltrans17.ltrans.o
                0x000000002000012c                table_serial_rx
                0x0000000020000154                table_reset_altitude
                0x0000000020000160                table_off_on
                0x0000000020000168                table_nav_user_control_mode
                0x0000000020000170                table_nav_rth_alt_mode
                0x0000000020000184                table_motor_pwm_protocol
                0x0000000020000198                table_ltm_rates
                0x00000000200001a4                table_i2c_speed
                0x00000000200001b4                table_gyro_lpf
                0x00000000200001cc                table_gps_sbas_mode
                0x00000000200001e4                table_gps_provider
                0x00000000200001fc                table_gps_dyn_model
                0x0000000020000208                table_gimbal_mode
                0x0000000020000210                table_frsky_unit
                0x0000000020000218                table_failsafe_procedure
                0x0000000020000228                table_debug_modes
                0x0000000020000248                table_current_sensor
                0x0000000020000254                table_blackbox_device
                0x0000000020000260                table_aux_operator
                0x0000000020000268                table_alignment
                0x000000002000028c                table_mag_hardware
                0x00000000200002b4                table_baro_hardware
                0x00000000200002d0                table_acc_hardware
 *fill*         0x00000000200002fc        0x4 
 .data          0x0000000020000300      0x238 /tmp/ccELukx5.ltrans18.ltrans.o
                0x0000000020000308                cfTasks
 .data          0x0000000020000538       0x10 /tmp/ccELukx5.ltrans20.ltrans.o
                0x0000000020000538                i2cHardwareMap.lto_priv.426
 .data          0x0000000020000548       0x24 /tmp/ccELukx5.ltrans24.ltrans.o
                0x0000000020000548                spiHardwareMap.lto_priv.404
                0x0000000020000568                hse_value
 *(.data*)
 .data.gpsToSerialBaudRate
                0x000000002000056c        0x5 /tmp/ccELukx5.ltrans0.ltrans.o
                0x000000002000056c                gpsToSerialBaudRate
 .data.batteryCellCount
                0x0000000020000571        0x1 /tmp/ccELukx5.ltrans9.ltrans.o
                0x0000000020000571                batteryCellCount
 *fill*         0x0000000020000572        0x2 
 .data.SystemCoreClock
                0x0000000020000574        0x4 /tmp/ccELukx5.ltrans17.ltrans.o
                0x0000000020000574                SystemCoreClock
 .data.requestedSensors
                0x0000000020000578        0x6 /tmp/ccELukx5.ltrans18.ltrans.o
                0x0000000020000578                requestedSensors
 *fill*         0x000000002000057e        0x2 
 .data.impure_data
                0x0000000020000580       0x60 /usr/bin/../lib/gcc/arm-none-eabi/4.9.3/../../../../arm-none-eabi/lib/armv7-m/libc_nano.a(lib_a-impure.o)
 .data._impure_ptr
                0x00000000200005e0        0x4 /usr/bin/../lib/gcc/arm-none-eabi/4.9.3/../../../../arm-none-eabi/lib/armv7-m/libc_nano.a(lib_a-impure.o)
                0x00000000200005e0                _impure_ptr
 .data.__fdlib_version
                0x00000000200005e4        0x1 /usr/bin/../lib/gcc/arm-none-eabi/4.9.3/../../../../arm-none-eabi/lib/armv7-m/libm.a(lib_a-s_lib_ver.o)
                0x00000000200005e4                __fdlib_version
                0x00000000200005e8                . = ALIGN (0x4)
 *fill*         0x00000000200005e5        0x3 
                0x00000000200005e8                _edata = .

.igot.plt       0x00000000200005e8        0x0 load address 0x000000000801f7aa
 .igot.plt      0x0000000000000000        0x0 obj/main/NAZE/startup_stm32f10x_md_gcc.o
                0x00000000200005e8                . = ALIGN (0x4)

.bss            0x00000000200005e8     0x3cd4 load address 0x000000000801f7aa
                0x00000000200005e8                _sbss = .
                0x00000000200005e8                __bss_start__ = _sbss
 *(.bss)
 .bss           0x00000000200005e8      0x238 /tmp/ccELukx5.ltrans0.ltrans.o
                0x00000000200007c0                ms56xx_c.lto_priv.489
                0x00000000200007d4                bmp280_cal.lto_priv.490
                0x00000000200007f0                hmc5883Config.lto_priv.486
                0x00000000200007f8                telemetrySharedPort
                0x00000000200007fc                portConfig.lto_priv.365
                0x0000000020000800                frskyPortSharing.lto_priv.442
                0x0000000020000804                portConfig.lto_priv.366
                0x0000000020000808                ltmPortSharing.lto_priv.437
                0x000000002000080c                m25p16CsPin.lto_priv.484
                0x0000000020000810                couldBeBusy.lto_priv.485
                0x0000000020000814                tailAddress.lto_priv.464
 .bss           0x0000000020000820      0x3c4 /tmp/ccELukx5.ltrans1.ltrans.o
                0x000000002000082c                debugMode
                0x0000000020000830                softLpfFilterApplyFn.lto_priv.401
                0x0000000020000834                softLpfFilter.lto_priv.402
                0x0000000020000926                navCurrentState
                0x0000000020000930                navAccNEU
                0x0000000020000948                navActualSurface
                0x000000002000094a                navEPH
                0x000000002000094c                navEPV
                0x000000002000094e                navFlags
                0x0000000020000970                rcCommandAdjustedThrottle.lto_priv.460
                0x0000000020000988                lastAccelTargetX.lto_priv.447
                0x000000002000098c                lastAccelTargetY.lto_priv.448
                0x0000000020000990                mcPosControllerAccFilterStateX.lto_priv.445
                0x000000002000099c                mcPosControllerAccFilterStateY.lto_priv.446
                0x00000000200009a8                navTargetPosition
                0x00000000200009ae                navTargetSurface
                0x00000000200009b4                currentMixer.lto_priv.407
                0x0000000020000a16                mixerUsesServos.lto_priv.420
                0x0000000020000a58                servoMetadata.lto_priv.422
                0x0000000020000ad8                servoOutputEnabled.lto_priv.421
                0x0000000020000adc                motorControlEnable
                0x0000000020000bc0                blackboxPort.lto_priv.299
                0x0000000020000bc4                blackboxHeaderBudget
                0x0000000020000bc8                blackboxMaxHeaderBytesPerIteration.lto_priv.297
                0x0000000020000bcc                xmitState.lto_priv.295
                0x0000000020000bd4                blackboxIFrameInterval.lto_priv.364
                0x0000000020000bd8                blackboxSlowFrameIterationTimer.lto_priv.296
                0x0000000020000bda                blackboxPFrameIndex.lto_priv.292
                0x0000000020000bdc                blackboxIteration.lto_priv.291
                0x0000000020000be0                blackboxModeActivationConditionPresent.lto_priv.290
                0x0000000020000be1                blackboxPortSharing.lto_priv.298
                0x0000000020000be3                blackboxLoggedAnyFrames.lto_priv.294
 .bss           0x0000000020000be4       0xde /tmp/ccELukx5.ltrans2.ltrans.o
                0x0000000020000be4                cliWriter.lto_priv.342
                0x0000000020000be8                cliPort.lto_priv.341
                0x0000000020000bec                bufferIndex.lto_priv.344
                0x0000000020000bf0                cliBuffer.lto_priv.343
                0x0000000020000c30                printfSerialPort.lto_priv.357
                0x0000000020000cc0                pidGainsUpdateRequired.lto_priv.242
                0x0000000020000cc1                blackboxState.lto_priv.263
 *fill*         0x0000000020000cc2        0x2 
 .bss           0x0000000020000cc4      0x326 /tmp/ccELukx5.ltrans3.ltrans.o
                0x0000000020000cc4                systemConfig_System
                0x0000000020000ce0                calibratingA.lto_priv.200
                0x0000000020000ce2                calibratedAxis.lto_priv.274
                0x0000000020000ce8                gyroDev0.lto_priv.275
                0x0000000020000d30                servo
                0x0000000020000d40                baro
                0x0000000020000d64                mAhDrawn
                0x0000000020000d68                rssi
                0x0000000020000d6a                batteryConfig_System
                0x0000000020000d78                amperage
                0x0000000020000d7c                armingConfig_System
                0x0000000020000d80                gyroConfig_System
                0x0000000020000d92                adjustmentRanges_SystemArray
                0x0000000020000dda                activeBoxIds.lto_priv.186
                0x0000000020000dfa                activeBoxIdCount.lto_priv.187
                0x0000000020000dfb                gpsConfig_System
                0x0000000020000e02                compassConfig_System
                0x0000000020000e0e                GPS_distanceToHome
                0x0000000020000e10                GPS_directionToHome
                0x0000000020000e12                NAV_Status
                0x0000000020000e18                debug
                0x0000000020000e20                featureConfig_System
                0x0000000020000e24                blackboxConfig_System
                0x0000000020000e28                servoConfig_System
                0x0000000020000e32                barometerConfig_System
                0x0000000020000e34                navConfig_System
                0x0000000020000e80                positionEstimationConfig_System
                0x0000000020000eb8                systemConfig_Copy
                0x0000000020000ed4                featureConfig_Copy
                0x0000000020000f7e                adjustmentRanges_CopyArray
 *fill*         0x0000000020000fea        0x6 
 .bss           0x0000000020000ff0      0x14e /tmp/ccELukx5.ltrans4.ltrans.o
                0x0000000020000ff0                rxUpdateAt.lto_priv.260
                0x000000002000101c                rxSignalReceived.lto_priv.256
                0x000000002000101d                rxSignalReceivedNotDataDriven.lto_priv.257
                0x000000002000101f                rcSampleIndex.lto_priv.370
                0x0000000020001084                rcInvalidPulsPeriod
                0x00000000200010ec                rxFlightChannelsValid.lto_priv.480
                0x00000000200010f0                disarmAt.lto_priv.289
                0x0000000020001108                adjustmentStates.lto_priv.309
                0x000000002000113a                headFreeModeHold
                0x000000002000113c                isRXDataNew.lto_priv.262
 *fill*         0x000000002000113e        0x2 
 .bss           0x0000000020001140      0x4dc /tmp/ccELukx5.ltrans5.ltrans.o
 .bss           0x000000002000161c       0x15 /tmp/ccELukx5.ltrans6.ltrans.o
 *fill*         0x0000000020001631        0x3 
 .bss           0x0000000020001634      0x20a /tmp/ccELukx5.ltrans7.ltrans.o
                0x0000000020001634                motor
                0x0000000020001640                motors.lto_priv.188
                0x0000000020001658                flight3DConfig_System
                0x000000002000165e                motorConfig_System
                0x0000000020001668                motor_disarmed
                0x0000000020001674                mixerConfig_System
                0x000000002000167c                gyroCalibration.lto_priv.245
                0x00000000200016d4                imuMeasuredRotationBF
                0x00000000200016e0                imuMeasuredAccelBF
                0x00000000200016ec                imuRuntimeConfig.lto_priv.308
                0x0000000020001718                smallAngleCosZ.lto_priv.384
                0x000000002000171c                failsafeConfig_System
                0x000000002000172c                modeActivationConditions_SystemArray
                0x000000002000177c                specifiedConditionCountPerMode.lto_priv.243
                0x000000002000179c                isUsingNAVModes.lto_priv.301
                0x00000000200017a0                rcModeActivationMask
                0x00000000200017a4                lookupThrottleRCMid
                0x00000000200017a6                lookupThrottleRC.lto_priv.271
                0x00000000200017be                rcControlsConfig_System
                0x00000000200017ca                modeActivationConditions_CopyArray
                0x000000002000182a                mixerConfig_Copy
 *fill*         0x000000002000183e        0x2 
 .bss           0x0000000020001840      0x414 /tmp/ccELukx5.ltrans8.ltrans.o
                0x00000000200018e4                ppmDev
                0x00000000200019e8                inputFilteringMode.lto_priv.419
                0x00000000200019ec                servos.lto_priv.408
                0x0000000020001a0c                ioRecs